[32m[INFO]  10-08-2026 23:39:47 cli_parser.c:545  (tid=123353124873472): trace path: /home/zakariarafi/repros/sieve-nsdi24/repro-results/realworld-20261008T233726Z-589911/traces/wiki-CDN-window2-warm10.oracleGeneral.bin, trace_type ORACLE_GENERAL_TRACE, ofilepath wiki-CDN-window2-warm10.oracleGeneral.bin.cachesim, 4 threads, warmup 100000 sec, total 4 algo x 8 size = 32 caches, fifo, lru, clock, sieve
[0m[32m[INFO]  10-08-2026 23:39:47 simulator.c:294  (tid=123353124873472): simulate_with_multi_caches starts computation, num_warmup_req 0, start cache FIFO size 13MiB, end cache Sieve size 5GiB, 32 caches, 4 threads, please wait
[0m[32m[INFO]  10-08-2026 23:39:47 simulator.c:80   (tid=123348799321856): cache FIFO (size 277394665) finishes warm up using with 100000 requests, 27.78 hour trace time
[0m[32m[INFO]  10-08-2026 23:39:47 simulator.c:80   (tid=123348597982976): cache FIFO (size 13869733) finishes warm up using with 100000 requests, 27.78 hour trace time
[0m[32m[INFO]  10-08-2026 23:39:47 simulator.c:80   (tid=123348732208896): cache FIFO (size 69348666) finishes warm up using with 100000 requests, 27.78 hour trace time
[0m[32m[INFO]  10-08-2026 23:39:47 simulator.c:80   (tid=123348665095936): cache FIFO (size 138697332) finishes warm up using with 100000 requests, 27.78 hour trace time
[0m[32m[INFO]  10-08-2026 23:39:48 simulator.c:80   (tid=123348597982976): cache FIFO (size 693486664) finishes warm up using with 100000 requests, 27.78 hour trace time
[0m[32m[INFO]  10-08-2026 23:39:48 simulator.c:80   (tid=123348799321856): cache FIFO (size 1386973329) finishes warm up using with 100000 requests, 27.78 hour trace time
[0m[32m[INFO]  10-08-2026 23:39:48 simulator.c:80   (tid=123348732208896): cache FIFO (size 5547893319) finishes warm up using with 100000 requests, 27.78 hour trace time
[0m[32m[INFO]  10-08-2026 23:39:48 simulator.c:80   (tid=123348665095936): cache FIFO (size 2773946659) finishes warm up using with 100000 requests, 27.78 hour trace time
[0m[32m[INFO]  10-08-2026 23:39:49 simulator.c:80   (tid=123348597982976): cache LRU (size 13869733) finishes warm up using with 100000 requests, 27.78 hour trace time
[0m[32m[INFO]  10-08-2026 23:39:49 simulator.c:80   (tid=123348799321856): cache LRU (size 69348666) finishes warm up using with 100000 requests, 27.78 hour trace time
[0m[32m[INFO]  10-08-2026 23:39:49 simulator.c:80   (tid=123348732208896): cache LRU (size 138697332) finishes warm up using with 100000 requests, 27.78 hour trace time
[0m[32m[INFO]  10-08-2026 23:39:49 simulator.c:80   (tid=123348665095936): cache LRU (size 277394665) finishes warm up using with 100000 requests, 27.78 hour trace time
[0m[32m[INFO]  10-08-2026 23:39:50 simulator.c:80   (tid=123348597982976): cache LRU (size 693486664) finishes warm up using with 100000 requests, 27.78 hour trace time
[0m[32m[INFO]  10-08-2026 23:39:50 simulator.c:80   (tid=123348732208896): cache LRU (size 5547893319) finishes warm up using with 100000 requests, 27.78 hour trace time
[0m[32m[INFO]  10-08-2026 23:39:50 simulator.c:80   (tid=123348799321856): cache LRU (size 1386973329) finishes warm up using with 100000 requests, 27.78 hour trace time
[0m[32m[INFO]  10-08-2026 23:39:50 simulator.c:80   (tid=123348665095936): cache LRU (size 2773946659) finishes warm up using with 100000 requests, 27.78 hour trace time
[0m[32m[INFO]  10-08-2026 23:39:50 simulator.c:80   (tid=123348597982976): cache Clock (size 13869733) finishes warm up using with 100000 requests, 27.78 hour trace time
[0m[32m[INFO]  10-08-2026 23:39:51 simulator.c:80   (tid=123348799321856): cache Clock (size 69348666) finishes warm up using with 100000 requests, 27.78 hour trace time
[0m[32m[INFO]  10-08-2026 23:39:51 simulator.c:80   (tid=123348597982976): cache Clock (size 277394665) finishes warm up using with 100000 requests, 27.78 hour trace time
[0m[32m[INFO]  10-08-2026 23:39:51 simulator.c:80   (tid=123348732208896): cache Clock (size 138697332) finishes warm up using with 100000 requests, 27.78 hour trace time
[0m[32m[INFO]  10-08-2026 23:39:51 simulator.c:80   (tid=123348665095936): cache Clock (size 693486664) finishes warm up using with 100000 requests, 27.78 hour trace time
[0m[32m[INFO]  10-08-2026 23:39:51 simulator.c:80   (tid=123348597982976): cache Clock (size 1386973329) finishes warm up using with 100000 requests, 27.78 hour trace time
[0m[32m[INFO]  10-08-2026 23:39:52 simulator.c:80   (tid=123348799321856): cache Clock (size 5547893319) finishes warm up using with 100000 requests, 27.78 hour trace time
[0m[32m[INFO]  10-08-2026 23:39:52 simulator.c:80   (tid=123348732208896): cache Sieve (size 13869733) finishes warm up using with 100000 requests, 27.78 hour trace time
[0m[32m[INFO]  10-08-2026 23:39:52 simulator.c:80   (tid=123348665095936): cache Clock (size 2773946659) finishes warm up using with 100000 requests, 27.78 hour trace time
[0m[32m[INFO]  10-08-2026 23:39:52 simulator.c:80   (tid=123348732208896): cache Sieve (size 69348666) finishes warm up using with 100000 requests, 27.78 hour trace time
[0m[32m[INFO]  10-08-2026 23:39:52 simulator.c:80   (tid=123348799321856): cache Sieve (size 138697332) finishes warm up using with 100000 requests, 27.78 hour trace time
[0m[32m[INFO]  10-08-2026 23:39:52 simulator.c:80   (tid=123348597982976): cache Sieve (size 277394665) finishes warm up using with 100000 requests, 27.78 hour trace time
[0m[32m[INFO]  10-08-2026 23:39:52 simulator.c:80   (tid=123348665095936): cache Sieve (size 693486664) finishes warm up using with 100000 requests, 27.78 hour trace time
[0m[32m[INFO]  10-08-2026 23:39:53 simulator.c:80   (tid=123348732208896): cache Sieve (size 1386973329) finishes warm up using with 100000 requests, 27.78 hour trace time
[0m[32m[INFO]  10-08-2026 23:39:53 simulator.c:80   (tid=123348665095936): cache Sieve (size 2773946659) finishes warm up using with 100000 requests, 27.78 hour trace time
[0m[32m[INFO]  10-08-2026 23:39:53 simulator.c:80   (tid=123348597982976): cache Sieve (size 5547893319) finishes warm up using with 100000 requests, 27.78 hour trace time
[0m
result/wiki-CDN-window2-warm10.oracleGeneral.bin                             FIFO cache size 13869733, 800000 req, miss ratio 0.9730425000, byte miss ratio 0.9725542648
result/wiki-CDN-window2-warm10.oracleGeneral.bin                             FIFO cache size 69348666, 800000 req, miss ratio 0.9451800000, byte miss ratio 0.9358496071
result/wiki-CDN-window2-warm10.oracleGeneral.bin                             FIFO cache size 138697332, 800000 req, miss ratio 0.9227850000, byte miss ratio 0.9052651503
result/wiki-CDN-window2-warm10.oracleGeneral.bin                             FIFO cache size 277394665, 800000 req, miss ratio 0.8908412500, byte miss ratio 0.8616843514
result/wiki-CDN-window2-warm10.oracleGeneral.bin                             FIFO cache size 693486664, 800000 req, miss ratio 0.8316000000, byte miss ratio 0.7816152661
result/wiki-CDN-window2-warm10.oracleGeneral.bin                             FIFO cache size 1386973329, 800000 req, miss ratio 0.7709550000, byte miss ratio 0.7013246594
result/wiki-CDN-window2-warm10.oracleGeneral.bin                             FIFO cache size 2773946659, 800000 req, miss ratio 0.6914750000, byte miss ratio 0.6021833588
result/wiki-CDN-window2-warm10.oracleGeneral.bin                             FIFO cache size 5547893319, 800000 req, miss ratio 0.6009100000, byte miss ratio 0.4958227642
result/wiki-CDN-window2-warm10.oracleGeneral.bin                              LRU cache size 13869733, 800000 req, miss ratio 0.9700825000, byte miss ratio 0.9699927087
result/wiki-CDN-window2-warm10.oracleGeneral.bin                              LRU cache size 69348666, 800000 req, miss ratio 0.9406912500, byte miss ratio 0.9297836376
result/wiki-CDN-window2-warm10.oracleGeneral.bin                              LRU cache size 138697332, 800000 req, miss ratio 0.9165637500, byte miss ratio 0.8963486471
result/wiki-CDN-window2-warm10.oracleGeneral.bin                              LRU cache size 277394665, 800000 req, miss ratio 0.8813937500, byte miss ratio 0.8470813816
result/wiki-CDN-window2-warm10.oracleGeneral.bin                              LRU cache size 693486664, 800000 req, miss ratio 0.8158937500, byte miss ratio 0.7568452903
result/wiki-CDN-window2-warm10.oracleGeneral.bin                              LRU cache size 1386973329, 800000 req, miss ratio 0.7485387500, byte miss ratio 0.6660733820
result/wiki-CDN-window2-warm10.oracleGeneral.bin                              LRU cache size 2773946659, 800000 req, miss ratio 0.6609275000, byte miss ratio 0.5565361404
result/wiki-CDN-window2-warm10.oracleGeneral.bin                              LRU cache size 5547893319, 800000 req, miss ratio 0.5691900000, byte miss ratio 0.4517168567
result/wiki-CDN-window2-warm10.oracleGeneral.bin                            Clock cache size 13869733, 800000 req, miss ratio 0.9686712500, byte miss ratio 0.9684809832
result/wiki-CDN-window2-warm10.oracleGeneral.bin                            Clock cache size 69348666, 800000 req, miss ratio 0.9387387500, byte miss ratio 0.9268636155
result/wiki-CDN-window2-warm10.oracleGeneral.bin                            Clock cache size 138697332, 800000 req, miss ratio 0.9135475000, byte miss ratio 0.8917445715
result/wiki-CDN-window2-warm10.oracleGeneral.bin                            Clock cache size 277394665, 800000 req, miss ratio 0.8770075000, byte miss ratio 0.8401872455
result/wiki-CDN-window2-warm10.oracleGeneral.bin                            Clock cache size 693486664, 800000 req, miss ratio 0.8092850000, byte miss ratio 0.7462552465
result/wiki-CDN-window2-warm10.oracleGeneral.bin                            Clock cache size 1386973329, 800000 req, miss ratio 0.7402537500, byte miss ratio 0.6530209716
result/wiki-CDN-window2-warm10.oracleGeneral.bin                            Clock cache size 2773946659, 800000 req, miss ratio 0.6535912500, byte miss ratio 0.5445930556
result/wiki-CDN-window2-warm10.oracleGeneral.bin                            Clock cache size 5547893319, 800000 req, miss ratio 0.5621287500, byte miss ratio 0.4429072931
result/wiki-CDN-window2-warm10.oracleGeneral.bin                            Sieve cache size 13869733, 800000 req, miss ratio 0.9502337500, byte miss ratio 0.9387132691
result/wiki-CDN-window2-warm10.oracleGeneral.bin                            Sieve cache size 69348666, 800000 req, miss ratio 0.9112850000, byte miss ratio 0.8760340296
result/wiki-CDN-window2-warm10.oracleGeneral.bin                            Sieve cache size 138697332, 800000 req, miss ratio 0.8855050000, byte miss ratio 0.8365585555
result/wiki-CDN-window2-warm10.oracleGeneral.bin                            Sieve cache size 277394665, 800000 req, miss ratio 0.8494087500, byte miss ratio 0.7855298480
result/wiki-CDN-window2-warm10.oracleGeneral.bin                            Sieve cache size 693486664, 800000 req, miss ratio 0.7826162500, byte miss ratio 0.6942111171
result/wiki-CDN-window2-warm10.oracleGeneral.bin                            Sieve cache size 1386973329, 800000 req, miss ratio 0.7147475000, byte miss ratio 0.6088956413
result/wiki-CDN-window2-warm10.oracleGeneral.bin                            Sieve cache size 2773946659, 800000 req, miss ratio 0.6288800000, byte miss ratio 0.5115554488
result/wiki-CDN-window2-warm10.oracleGeneral.bin                            Sieve cache size 5547893319, 800000 req, miss ratio 0.5555875000, byte miss ratio 0.4349300699
