[32m[INFO]  10-08-2026 23:38:15 cli_parser.c:545  (tid=126798294476032): trace path: /home/zakariarafi/repros/sieve-nsdi24/repro-results/realworld-20261008T233726Z-589911/traces/wiki-CDN-window1-cold.oracleGeneral.bin, trace_type ORACLE_GENERAL_TRACE, ofilepath wiki-CDN-window1-cold.oracleGeneral.bin.cachesim, 4 threads, warmup 0 sec, total 4 algo x 8 size = 32 caches, fifo, lru, clock, sieve, ignore object size
[0m[32m[INFO]  10-08-2026 23:38:15 simulator.c:294  (tid=126798294476032): simulate_with_multi_caches starts computation, num_warmup_req 0, start cache FIFO size 519, end cache Sieve size 203KiB, 32 caches, 4 threads, please wait
[0m
result/wiki-CDN-window1-cold.oracleGeneral.bin                             FIFO cache size      519, 800000 req, miss ratio 0.9670512500, byte miss ratio 0.9670512500
result/wiki-CDN-window1-cold.oracleGeneral.bin                             FIFO cache size     2597, 800000 req, miss ratio 0.9358850000, byte miss ratio 0.9358850000
result/wiki-CDN-window1-cold.oracleGeneral.bin                             FIFO cache size     5194, 800000 req, miss ratio 0.9110687500, byte miss ratio 0.9110687500
result/wiki-CDN-window1-cold.oracleGeneral.bin                             FIFO cache size    10389, 800000 req, miss ratio 0.8765312500, byte miss ratio 0.8765312500
result/wiki-CDN-window1-cold.oracleGeneral.bin                             FIFO cache size    25973, 800000 req, miss ratio 0.8157175000, byte miss ratio 0.8157175000
result/wiki-CDN-window1-cold.oracleGeneral.bin                             FIFO cache size    51946, 800000 req, miss ratio 0.7569975000, byte miss ratio 0.7569975000
result/wiki-CDN-window1-cold.oracleGeneral.bin                             FIFO cache size   103893, 800000 req, miss ratio 0.6860875000, byte miss ratio 0.6860875000
result/wiki-CDN-window1-cold.oracleGeneral.bin                             FIFO cache size   207786, 800000 req, miss ratio 0.6117650000, byte miss ratio 0.6117650000
result/wiki-CDN-window1-cold.oracleGeneral.bin                              LRU cache size      519, 800000 req, miss ratio 0.9640187500, byte miss ratio 0.9640187500
result/wiki-CDN-window1-cold.oracleGeneral.bin                              LRU cache size     2597, 800000 req, miss ratio 0.9309850000, byte miss ratio 0.9309850000
result/wiki-CDN-window1-cold.oracleGeneral.bin                              LRU cache size     5194, 800000 req, miss ratio 0.9034275000, byte miss ratio 0.9034275000
result/wiki-CDN-window1-cold.oracleGeneral.bin                              LRU cache size    10389, 800000 req, miss ratio 0.8653337500, byte miss ratio 0.8653337500
result/wiki-CDN-window1-cold.oracleGeneral.bin                              LRU cache size    25973, 800000 req, miss ratio 0.7973712500, byte miss ratio 0.7973712500
result/wiki-CDN-window1-cold.oracleGeneral.bin                              LRU cache size    51946, 800000 req, miss ratio 0.7324625000, byte miss ratio 0.7324625000
result/wiki-CDN-window1-cold.oracleGeneral.bin                              LRU cache size   103893, 800000 req, miss ratio 0.6547500000, byte miss ratio 0.6547500000
result/wiki-CDN-window1-cold.oracleGeneral.bin                              LRU cache size   207786, 800000 req, miss ratio 0.5833550000, byte miss ratio 0.5833550000
result/wiki-CDN-window1-cold.oracleGeneral.bin                            Clock cache size      519, 800000 req, miss ratio 0.9628850000, byte miss ratio 0.9628850000
result/wiki-CDN-window1-cold.oracleGeneral.bin                            Clock cache size     2597, 800000 req, miss ratio 0.9286637500, byte miss ratio 0.9286637500
result/wiki-CDN-window1-cold.oracleGeneral.bin                            Clock cache size     5194, 800000 req, miss ratio 0.8998150000, byte miss ratio 0.8998150000
result/wiki-CDN-window1-cold.oracleGeneral.bin                            Clock cache size    10389, 800000 req, miss ratio 0.8601162500, byte miss ratio 0.8601162500
result/wiki-CDN-window1-cold.oracleGeneral.bin                            Clock cache size    25973, 800000 req, miss ratio 0.7899562500, byte miss ratio 0.7899562500
result/wiki-CDN-window1-cold.oracleGeneral.bin                            Clock cache size    51946, 800000 req, miss ratio 0.7234287500, byte miss ratio 0.7234287500
result/wiki-CDN-window1-cold.oracleGeneral.bin                            Clock cache size   103893, 800000 req, miss ratio 0.6459462500, byte miss ratio 0.6459462500
result/wiki-CDN-window1-cold.oracleGeneral.bin                            Clock cache size   207786, 800000 req, miss ratio 0.5783550000, byte miss ratio 0.5783550000
result/wiki-CDN-window1-cold.oracleGeneral.bin                            Sieve cache size      519, 800000 req, miss ratio 0.9467462500, byte miss ratio 0.9467462500
result/wiki-CDN-window1-cold.oracleGeneral.bin                            Sieve cache size     2597, 800000 req, miss ratio 0.9002350000, byte miss ratio 0.9002350000
result/wiki-CDN-window1-cold.oracleGeneral.bin                            Sieve cache size     5194, 800000 req, miss ratio 0.8695212500, byte miss ratio 0.8695212500
result/wiki-CDN-window1-cold.oracleGeneral.bin                            Sieve cache size    10389, 800000 req, miss ratio 0.8300525000, byte miss ratio 0.8300525000
result/wiki-CDN-window1-cold.oracleGeneral.bin                            Sieve cache size    25973, 800000 req, miss ratio 0.7624362500, byte miss ratio 0.7624362500
result/wiki-CDN-window1-cold.oracleGeneral.bin                            Sieve cache size    51946, 800000 req, miss ratio 0.6963587500, byte miss ratio 0.6963587500
result/wiki-CDN-window1-cold.oracleGeneral.bin                            Sieve cache size   103893, 800000 req, miss ratio 0.6295662500, byte miss ratio 0.6295662500
result/wiki-CDN-window1-cold.oracleGeneral.bin                            Sieve cache size   207786, 800000 req, miss ratio 0.5758750000, byte miss ratio 0.5758750000
