[32m[INFO]  10-08-2026 23:43:36 cli_parser.c:545  (tid=131556734919936): trace path: /home/zakariarafi/repros/sieve-nsdi24/repro-results/realworld-20261008T233726Z-589911/traces/twitter-KV-window3-cold.oracleGeneral.bin, trace_type ORACLE_GENERAL_TRACE, ofilepath twitter-KV-window3-cold.oracleGeneral.bin.cachesim, 4 threads, warmup 0 sec, total 4 algo x 8 size = 32 caches, fifo, lru, clock, sieve, ignore object size
[0m[32m[INFO]  10-08-2026 23:43:36 simulator.c:294  (tid=131556734919936): simulate_with_multi_caches starts computation, num_warmup_req 0, start cache FIFO size 500, end cache Sieve size 195KiB, 32 caches, 4 threads, please wait
[0m
result/twitter-KV-window3-cold.oracleGeneral.bin                             FIFO cache size      500, 800000 req, miss ratio 0.5000400000, byte miss ratio 0.5000400000
result/twitter-KV-window3-cold.oracleGeneral.bin                             FIFO cache size     2500, 800000 req, miss ratio 0.5000400000, byte miss ratio 0.5000400000
result/twitter-KV-window3-cold.oracleGeneral.bin                             FIFO cache size     5000, 800000 req, miss ratio 0.5000400000, byte miss ratio 0.5000400000
result/twitter-KV-window3-cold.oracleGeneral.bin                             FIFO cache size    10000, 800000 req, miss ratio 0.5000400000, byte miss ratio 0.5000400000
result/twitter-KV-window3-cold.oracleGeneral.bin                             FIFO cache size    25002, 800000 req, miss ratio 0.5000400000, byte miss ratio 0.5000400000
result/twitter-KV-window3-cold.oracleGeneral.bin                             FIFO cache size    50004, 800000 req, miss ratio 0.5000400000, byte miss ratio 0.5000400000
result/twitter-KV-window3-cold.oracleGeneral.bin                             FIFO cache size   100009, 800000 req, miss ratio 0.5000400000, byte miss ratio 0.5000400000
result/twitter-KV-window3-cold.oracleGeneral.bin                             FIFO cache size   200019, 800000 req, miss ratio 0.5000400000, byte miss ratio 0.5000400000
result/twitter-KV-window3-cold.oracleGeneral.bin                              LRU cache size      500, 800000 req, miss ratio 0.5000400000, byte miss ratio 0.5000400000
result/twitter-KV-window3-cold.oracleGeneral.bin                              LRU cache size     2500, 800000 req, miss ratio 0.5000400000, byte miss ratio 0.5000400000
result/twitter-KV-window3-cold.oracleGeneral.bin                              LRU cache size     5000, 800000 req, miss ratio 0.5000400000, byte miss ratio 0.5000400000
result/twitter-KV-window3-cold.oracleGeneral.bin                              LRU cache size    10000, 800000 req, miss ratio 0.5000400000, byte miss ratio 0.5000400000
result/twitter-KV-window3-cold.oracleGeneral.bin                              LRU cache size    25002, 800000 req, miss ratio 0.5000400000, byte miss ratio 0.5000400000
result/twitter-KV-window3-cold.oracleGeneral.bin                              LRU cache size    50004, 800000 req, miss ratio 0.5000400000, byte miss ratio 0.5000400000
result/twitter-KV-window3-cold.oracleGeneral.bin                              LRU cache size   100009, 800000 req, miss ratio 0.5000400000, byte miss ratio 0.5000400000
result/twitter-KV-window3-cold.oracleGeneral.bin                              LRU cache size   200019, 800000 req, miss ratio 0.5000400000, byte miss ratio 0.5000400000
result/twitter-KV-window3-cold.oracleGeneral.bin                            Clock cache size      500, 800000 req, miss ratio 0.5000412500, byte miss ratio 0.5000412500
result/twitter-KV-window3-cold.oracleGeneral.bin                            Clock cache size     2500, 800000 req, miss ratio 0.5000400000, byte miss ratio 0.5000400000
result/twitter-KV-window3-cold.oracleGeneral.bin                            Clock cache size     5000, 800000 req, miss ratio 0.5000400000, byte miss ratio 0.5000400000
result/twitter-KV-window3-cold.oracleGeneral.bin                            Clock cache size    10000, 800000 req, miss ratio 0.5000400000, byte miss ratio 0.5000400000
result/twitter-KV-window3-cold.oracleGeneral.bin                            Clock cache size    25002, 800000 req, miss ratio 0.5000400000, byte miss ratio 0.5000400000
result/twitter-KV-window3-cold.oracleGeneral.bin                            Clock cache size    50004, 800000 req, miss ratio 0.5000400000, byte miss ratio 0.5000400000
result/twitter-KV-window3-cold.oracleGeneral.bin                            Clock cache size   100009, 800000 req, miss ratio 0.5000400000, byte miss ratio 0.5000400000
result/twitter-KV-window3-cold.oracleGeneral.bin                            Clock cache size   200019, 800000 req, miss ratio 0.5000400000, byte miss ratio 0.5000400000
result/twitter-KV-window3-cold.oracleGeneral.bin                            Sieve cache size      500, 800000 req, miss ratio 0.5009725000, byte miss ratio 0.5009725000
result/twitter-KV-window3-cold.oracleGeneral.bin                            Sieve cache size     2500, 800000 req, miss ratio 0.5001962500, byte miss ratio 0.5001962500
result/twitter-KV-window3-cold.oracleGeneral.bin                            Sieve cache size     5000, 800000 req, miss ratio 0.5001375000, byte miss ratio 0.5001375000
result/twitter-KV-window3-cold.oracleGeneral.bin                            Sieve cache size    10000, 800000 req, miss ratio 0.5000887500, byte miss ratio 0.5000887500
result/twitter-KV-window3-cold.oracleGeneral.bin                            Sieve cache size    25002, 800000 req, miss ratio 0.5000562500, byte miss ratio 0.5000562500
result/twitter-KV-window3-cold.oracleGeneral.bin                            Sieve cache size    50004, 800000 req, miss ratio 0.5000412500, byte miss ratio 0.5000412500
result/twitter-KV-window3-cold.oracleGeneral.bin                            Sieve cache size   100009, 800000 req, miss ratio 0.5000400000, byte miss ratio 0.5000400000
result/twitter-KV-window3-cold.oracleGeneral.bin                            Sieve cache size   200019, 800000 req, miss ratio 0.5000412500, byte miss ratio 0.5000412500
