[32m[INFO]  10-08-2026 23:42:47 cli_parser.c:545  (tid=125126650500352): trace path: /home/zakariarafi/repros/sieve-nsdi24/repro-results/realworld-20261008T233726Z-589911/traces/twitter-KV-window2-warm10.oracleGeneral.bin, trace_type ORACLE_GENERAL_TRACE, ofilepath twitter-KV-window2-warm10.oracleGeneral.bin.cachesim, 4 threads, warmup 100000 sec, total 4 algo x 8 size = 32 caches, fifo, lru, clock, sieve, ignore object size
[0m[32m[INFO]  10-08-2026 23:42:47 simulator.c:294  (tid=125126650500352): simulate_with_multi_caches starts computation, num_warmup_req 0, start cache FIFO size 500, end cache Sieve size 195KiB, 32 caches, 4 threads, please wait
[0m[32m[INFO]  10-08-2026 23:42:47 simulator.c:80   (tid=125122258003712): cache FIFO (size 5000) finishes warm up using with 100000 requests, 27.78 hour trace time
[0m[32m[INFO]  10-08-2026 23:42:47 simulator.c:80   (tid=125122123777792): cache FIFO (size 500) finishes warm up using with 100000 requests, 27.78 hour trace time
[0m[32m[INFO]  10-08-2026 23:42:47 simulator.c:80   (tid=125122190890752): cache FIFO (size 2500) finishes warm up using with 100000 requests, 27.78 hour trace time
[0m[32m[INFO]  10-08-2026 23:42:47 simulator.c:80   (tid=125122325116672): cache FIFO (size 10000) finishes warm up using with 100000 requests, 27.78 hour trace time
[0m[32m[INFO]  10-08-2026 23:42:48 simulator.c:80   (tid=125122325116672): cache FIFO (size 100001) finishes warm up using with 100000 requests, 27.78 hour trace time
[0m[32m[INFO]  10-08-2026 23:42:48 simulator.c:80   (tid=125122258003712): cache FIFO (size 25000) finishes warm up using with 100000 requests, 27.78 hour trace time
[0m[32m[INFO]  10-08-2026 23:42:48 simulator.c:80   (tid=125122190890752): cache FIFO (size 200003) finishes warm up using with 100000 requests, 27.78 hour trace time
[0m[32m[INFO]  10-08-2026 23:42:48 simulator.c:80   (tid=125122123777792): cache FIFO (size 50000) finishes warm up using with 100000 requests, 27.78 hour trace time
[0m[32m[INFO]  10-08-2026 23:42:49 simulator.c:80   (tid=125122123777792): cache LRU (size 2500) finishes warm up using with 100000 requests, 27.78 hour trace time
[0m[32m[INFO]  10-08-2026 23:42:49 simulator.c:80   (tid=125122258003712): cache LRU (size 500) finishes warm up using with 100000 requests, 27.78 hour trace time
[0m[32m[INFO]  10-08-2026 23:42:49 simulator.c:80   (tid=125122325116672): cache LRU (size 5000) finishes warm up using with 100000 requests, 27.78 hour trace time
[0m[32m[INFO]  10-08-2026 23:42:49 simulator.c:80   (tid=125122190890752): cache LRU (size 10000) finishes warm up using with 100000 requests, 27.78 hour trace time
[0m[32m[INFO]  10-08-2026 23:42:49 simulator.c:80   (tid=125122123777792): cache LRU (size 25000) finishes warm up using with 100000 requests, 27.78 hour trace time
[0m[32m[INFO]  10-08-2026 23:42:49 simulator.c:80   (tid=125122325116672): cache LRU (size 100001) finishes warm up using with 100000 requests, 27.78 hour trace time
[0m[32m[INFO]  10-08-2026 23:42:49 simulator.c:80   (tid=125122190890752): cache LRU (size 200003) finishes warm up using with 100000 requests, 27.78 hour trace time
[0m[32m[INFO]  10-08-2026 23:42:49 simulator.c:80   (tid=125122258003712): cache LRU (size 50000) finishes warm up using with 100000 requests, 27.78 hour trace time
[0m[32m[INFO]  10-08-2026 23:42:50 simulator.c:80   (tid=125122123777792): cache Clock (size 500) finishes warm up using with 100000 requests, 27.78 hour trace time
[0m[32m[INFO]  10-08-2026 23:42:50 simulator.c:80   (tid=125122258003712): cache Clock (size 2500) finishes warm up using with 100000 requests, 27.78 hour trace time
[0m[32m[INFO]  10-08-2026 23:42:50 simulator.c:80   (tid=125122325116672): cache Clock (size 5000) finishes warm up using with 100000 requests, 27.78 hour trace time
[0m[32m[INFO]  10-08-2026 23:42:50 simulator.c:80   (tid=125122190890752): cache Clock (size 10000) finishes warm up using with 100000 requests, 27.78 hour trace time
[0m[32m[INFO]  10-08-2026 23:42:50 simulator.c:80   (tid=125122123777792): cache Clock (size 25000) finishes warm up using with 100000 requests, 27.78 hour trace time
[0m[32m[INFO]  10-08-2026 23:42:51 simulator.c:80   (tid=125122190890752): cache Clock (size 200003) finishes warm up using with 100000 requests, 27.78 hour trace time
[0m[32m[INFO]  10-08-2026 23:42:51 simulator.c:80   (tid=125122258003712): cache Clock (size 100001) finishes warm up using with 100000 requests, 27.78 hour trace time
[0m[32m[INFO]  10-08-2026 23:42:51 simulator.c:80   (tid=125122325116672): cache Clock (size 50000) finishes warm up using with 100000 requests, 27.78 hour trace time
[0m[32m[INFO]  10-08-2026 23:42:51 simulator.c:80   (tid=125122123777792): cache Sieve (size 500) finishes warm up using with 100000 requests, 27.78 hour trace time
[0m[32m[INFO]  10-08-2026 23:42:51 simulator.c:80   (tid=125122325116672): cache Sieve (size 2500) finishes warm up using with 100000 requests, 27.78 hour trace time
[0m[32m[INFO]  10-08-2026 23:42:51 simulator.c:80   (tid=125122258003712): cache Sieve (size 5000) finishes warm up using with 100000 requests, 27.78 hour trace time
[0m[32m[INFO]  10-08-2026 23:42:51 simulator.c:80   (tid=125122190890752): cache Sieve (size 10000) finishes warm up using with 100000 requests, 27.78 hour trace time
[0m[32m[INFO]  10-08-2026 23:42:52 simulator.c:80   (tid=125122123777792): cache Sieve (size 25000) finishes warm up using with 100000 requests, 27.78 hour trace time
[0m[32m[INFO]  10-08-2026 23:42:52 simulator.c:80   (tid=125122325116672): cache Sieve (size 50000) finishes warm up using with 100000 requests, 27.78 hour trace time
[0m[32m[INFO]  10-08-2026 23:42:52 simulator.c:80   (tid=125122258003712): cache Sieve (size 100001) finishes warm up using with 100000 requests, 27.78 hour trace time
[0m[32m[INFO]  10-08-2026 23:42:52 simulator.c:80   (tid=125122190890752): cache Sieve (size 200003) finishes warm up using with 100000 requests, 27.78 hour trace time
[0m
result/twitter-KV-window2-warm10.oracleGeneral.bin                             FIFO cache size      500, 800000 req, miss ratio 0.5000012500, byte miss ratio 0.5000012500
result/twitter-KV-window2-warm10.oracleGeneral.bin                             FIFO cache size     2500, 800000 req, miss ratio 0.5000012500, byte miss ratio 0.5000012500
result/twitter-KV-window2-warm10.oracleGeneral.bin                             FIFO cache size     5000, 800000 req, miss ratio 0.5000012500, byte miss ratio 0.5000012500
result/twitter-KV-window2-warm10.oracleGeneral.bin                             FIFO cache size    10000, 800000 req, miss ratio 0.5000012500, byte miss ratio 0.5000012500
result/twitter-KV-window2-warm10.oracleGeneral.bin                             FIFO cache size    25000, 800000 req, miss ratio 0.5000012500, byte miss ratio 0.5000012500
result/twitter-KV-window2-warm10.oracleGeneral.bin                             FIFO cache size    50000, 800000 req, miss ratio 0.5000012500, byte miss ratio 0.5000012500
result/twitter-KV-window2-warm10.oracleGeneral.bin                             FIFO cache size   100001, 800000 req, miss ratio 0.5000012500, byte miss ratio 0.5000012500
result/twitter-KV-window2-warm10.oracleGeneral.bin                             FIFO cache size   200003, 800000 req, miss ratio 0.5000012500, byte miss ratio 0.5000012500
result/twitter-KV-window2-warm10.oracleGeneral.bin                              LRU cache size      500, 800000 req, miss ratio 0.5000012500, byte miss ratio 0.5000012500
result/twitter-KV-window2-warm10.oracleGeneral.bin                              LRU cache size     2500, 800000 req, miss ratio 0.5000012500, byte miss ratio 0.5000012500
result/twitter-KV-window2-warm10.oracleGeneral.bin                              LRU cache size     5000, 800000 req, miss ratio 0.5000012500, byte miss ratio 0.5000012500
result/twitter-KV-window2-warm10.oracleGeneral.bin                              LRU cache size    10000, 800000 req, miss ratio 0.5000012500, byte miss ratio 0.5000012500
result/twitter-KV-window2-warm10.oracleGeneral.bin                              LRU cache size    25000, 800000 req, miss ratio 0.5000012500, byte miss ratio 0.5000012500
result/twitter-KV-window2-warm10.oracleGeneral.bin                              LRU cache size    50000, 800000 req, miss ratio 0.5000012500, byte miss ratio 0.5000012500
result/twitter-KV-window2-warm10.oracleGeneral.bin                              LRU cache size   100001, 800000 req, miss ratio 0.5000012500, byte miss ratio 0.5000012500
result/twitter-KV-window2-warm10.oracleGeneral.bin                              LRU cache size   200003, 800000 req, miss ratio 0.5000012500, byte miss ratio 0.5000012500
result/twitter-KV-window2-warm10.oracleGeneral.bin                            Clock cache size      500, 800000 req, miss ratio 0.5000012500, byte miss ratio 0.5000012500
result/twitter-KV-window2-warm10.oracleGeneral.bin                            Clock cache size     2500, 800000 req, miss ratio 0.5000012500, byte miss ratio 0.5000012500
result/twitter-KV-window2-warm10.oracleGeneral.bin                            Clock cache size     5000, 800000 req, miss ratio 0.5000012500, byte miss ratio 0.5000012500
result/twitter-KV-window2-warm10.oracleGeneral.bin                            Clock cache size    10000, 800000 req, miss ratio 0.5000012500, byte miss ratio 0.5000012500
result/twitter-KV-window2-warm10.oracleGeneral.bin                            Clock cache size    25000, 800000 req, miss ratio 0.5000012500, byte miss ratio 0.5000012500
result/twitter-KV-window2-warm10.oracleGeneral.bin                            Clock cache size    50000, 800000 req, miss ratio 0.5000012500, byte miss ratio 0.5000012500
result/twitter-KV-window2-warm10.oracleGeneral.bin                            Clock cache size   100001, 800000 req, miss ratio 0.5000012500, byte miss ratio 0.5000012500
result/twitter-KV-window2-warm10.oracleGeneral.bin                            Clock cache size   200003, 800000 req, miss ratio 0.5000012500, byte miss ratio 0.5000012500
result/twitter-KV-window2-warm10.oracleGeneral.bin                            Sieve cache size      500, 800000 req, miss ratio 0.5010037500, byte miss ratio 0.5010037500
result/twitter-KV-window2-warm10.oracleGeneral.bin                            Sieve cache size     2500, 800000 req, miss ratio 0.5001450000, byte miss ratio 0.5001450000
result/twitter-KV-window2-warm10.oracleGeneral.bin                            Sieve cache size     5000, 800000 req, miss ratio 0.5000887500, byte miss ratio 0.5000887500
result/twitter-KV-window2-warm10.oracleGeneral.bin                            Sieve cache size    10000, 800000 req, miss ratio 0.5000612500, byte miss ratio 0.5000612500
result/twitter-KV-window2-warm10.oracleGeneral.bin                            Sieve cache size    25000, 800000 req, miss ratio 0.5000125000, byte miss ratio 0.5000125000
result/twitter-KV-window2-warm10.oracleGeneral.bin                            Sieve cache size    50000, 800000 req, miss ratio 0.5000087500, byte miss ratio 0.5000087500
result/twitter-KV-window2-warm10.oracleGeneral.bin                            Sieve cache size   100001, 800000 req, miss ratio 0.5000025000, byte miss ratio 0.5000025000
result/twitter-KV-window2-warm10.oracleGeneral.bin                            Sieve cache size   200003, 800000 req, miss ratio 0.5000037500, byte miss ratio 0.5000037500
