[32m[INFO]  10-08-2026 23:38:23 cli_parser.c:545  (tid=138737622414592): trace path: /home/zakariarafi/repros/sieve-nsdi24/repro-results/realworld-20261008T233726Z-589911/traces/wiki-CDN-window1-warm10.oracleGeneral.bin, trace_type ORACLE_GENERAL_TRACE, ofilepath wiki-CDN-window1-warm10.oracleGeneral.bin.cachesim, 4 threads, warmup 100000 sec, total 4 algo x 8 size = 32 caches, fifo, lru, clock, sieve, ignore object size
[0m[32m[INFO]  10-08-2026 23:38:23 simulator.c:294  (tid=138737622414592): simulate_with_multi_caches starts computation, num_warmup_req 0, start cache FIFO size 519, end cache Sieve size 203KiB, 32 caches, 4 threads, please wait
[0m[32m[INFO]  10-08-2026 23:38:23 simulator.c:80   (tid=138733095339776): cache FIFO (size 519) finishes warm up using with 100000 requests, 27.78 hour trace time
[0m[32m[INFO]  10-08-2026 23:38:23 simulator.c:80   (tid=138733296678656): cache FIFO (size 10389) finishes warm up using with 100000 requests, 27.78 hour trace time
[0m[32m[INFO]  10-08-2026 23:38:23 simulator.c:80   (tid=138733162452736): cache FIFO (size 5194) finishes warm up using with 100000 requests, 27.78 hour trace time
[0m[32m[INFO]  10-08-2026 23:38:23 simulator.c:80   (tid=138733229565696): cache FIFO (size 2597) finishes warm up using with 100000 requests, 27.78 hour trace time
[0m[32m[INFO]  10-08-2026 23:38:24 simulator.c:80   (tid=138733296678656): cache FIFO (size 25973) finishes warm up using with 100000 requests, 27.78 hour trace time
[0m[32m[INFO]  10-08-2026 23:38:24 simulator.c:80   (tid=138733162452736): cache FIFO (size 103893) finishes warm up using with 100000 requests, 27.78 hour trace time
[0m[32m[INFO]  10-08-2026 23:38:24 simulator.c:80   (tid=138733229565696): cache FIFO (size 207786) finishes warm up using with 100000 requests, 27.78 hour trace time
[0m[32m[INFO]  10-08-2026 23:38:24 simulator.c:80   (tid=138733095339776): cache FIFO (size 51946) finishes warm up using with 100000 requests, 27.78 hour trace time
[0m[32m[INFO]  10-08-2026 23:38:24 simulator.c:80   (tid=138733296678656): cache LRU (size 519) finishes warm up using with 100000 requests, 27.78 hour trace time
[0m[32m[INFO]  10-08-2026 23:38:25 simulator.c:80   (tid=138733229565696): cache LRU (size 2597) finishes warm up using with 100000 requests, 27.78 hour trace time
[0m[32m[INFO]  10-08-2026 23:38:25 simulator.c:80   (tid=138733095339776): cache LRU (size 10389) finishes warm up using with 100000 requests, 27.78 hour trace time
[0m[32m[INFO]  10-08-2026 23:38:25 simulator.c:80   (tid=138733162452736): cache LRU (size 5194) finishes warm up using with 100000 requests, 27.78 hour trace time
[0m[32m[INFO]  10-08-2026 23:38:25 simulator.c:80   (tid=138733296678656): cache LRU (size 25973) finishes warm up using with 100000 requests, 27.78 hour trace time
[0m[32m[INFO]  10-08-2026 23:38:25 simulator.c:80   (tid=138733229565696): cache LRU (size 51946) finishes warm up using with 100000 requests, 27.78 hour trace time
[0m[32m[INFO]  10-08-2026 23:38:25 simulator.c:80   (tid=138733095339776): cache LRU (size 103893) finishes warm up using with 100000 requests, 27.78 hour trace time
[0m[32m[INFO]  10-08-2026 23:38:26 simulator.c:80   (tid=138733162452736): cache LRU (size 207786) finishes warm up using with 100000 requests, 27.78 hour trace time
[0m[32m[INFO]  10-08-2026 23:38:26 simulator.c:80   (tid=138733296678656): cache Clock (size 519) finishes warm up using with 100000 requests, 27.78 hour trace time
[0m[32m[INFO]  10-08-2026 23:38:26 simulator.c:80   (tid=138733229565696): cache Clock (size 2597) finishes warm up using with 100000 requests, 27.78 hour trace time
[0m[32m[INFO]  10-08-2026 23:38:26 simulator.c:80   (tid=138733296678656): cache Clock (size 5194) finishes warm up using with 100000 requests, 27.78 hour trace time
[0m[32m[INFO]  10-08-2026 23:38:26 simulator.c:80   (tid=138733095339776): cache Clock (size 10389) finishes warm up using with 100000 requests, 27.78 hour trace time
[0m[32m[INFO]  10-08-2026 23:38:26 simulator.c:80   (tid=138733162452736): cache Clock (size 25973) finishes warm up using with 100000 requests, 27.78 hour trace time
[0m[32m[INFO]  10-08-2026 23:38:27 simulator.c:80   (tid=138733095339776): cache Clock (size 51946) finishes warm up using with 100000 requests, 27.78 hour trace time
[0m[32m[INFO]  10-08-2026 23:38:27 simulator.c:80   (tid=138733162452736): cache Sieve (size 519) finishes warm up using with 100000 requests, 27.78 hour trace time
[0m[32m[INFO]  10-08-2026 23:38:27 simulator.c:80   (tid=138733229565696): cache Clock (size 207786) finishes warm up using with 100000 requests, 27.78 hour trace time
[0m[32m[INFO]  10-08-2026 23:38:27 simulator.c:80   (tid=138733296678656): cache Clock (size 103893) finishes warm up using with 100000 requests, 27.78 hour trace time
[0m[32m[INFO]  10-08-2026 23:38:28 simulator.c:80   (tid=138733162452736): cache Sieve (size 2597) finishes warm up using with 100000 requests, 27.78 hour trace time
[0m[32m[INFO]  10-08-2026 23:38:28 simulator.c:80   (tid=138733229565696): cache Sieve (size 10389) finishes warm up using with 100000 requests, 27.78 hour trace time
[0m[32m[INFO]  10-08-2026 23:38:28 simulator.c:80   (tid=138733095339776): cache Sieve (size 5194) finishes warm up using with 100000 requests, 27.78 hour trace time
[0m[32m[INFO]  10-08-2026 23:38:28 simulator.c:80   (tid=138733296678656): cache Sieve (size 25973) finishes warm up using with 100000 requests, 27.78 hour trace time
[0m[32m[INFO]  10-08-2026 23:38:28 simulator.c:80   (tid=138733162452736): cache Sieve (size 51946) finishes warm up using with 100000 requests, 27.78 hour trace time
[0m[32m[INFO]  10-08-2026 23:38:29 simulator.c:80   (tid=138733296678656): cache Sieve (size 103893) finishes warm up using with 100000 requests, 27.78 hour trace time
[0m[32m[INFO]  10-08-2026 23:38:29 simulator.c:80   (tid=138733229565696): cache Sieve (size 207786) finishes warm up using with 100000 requests, 27.78 hour trace time
[0m
result/wiki-CDN-window1-warm10.oracleGeneral.bin                             FIFO cache size      519, 800000 req, miss ratio 0.9670500000, byte miss ratio 0.9670500000
result/wiki-CDN-window1-warm10.oracleGeneral.bin                             FIFO cache size     2597, 800000 req, miss ratio 0.9358412500, byte miss ratio 0.9358412500
result/wiki-CDN-window1-warm10.oracleGeneral.bin                             FIFO cache size     5194, 800000 req, miss ratio 0.9109500000, byte miss ratio 0.9109500000
result/wiki-CDN-window1-warm10.oracleGeneral.bin                             FIFO cache size    10389, 800000 req, miss ratio 0.8761162500, byte miss ratio 0.8761162500
result/wiki-CDN-window1-warm10.oracleGeneral.bin                             FIFO cache size    25973, 800000 req, miss ratio 0.8141575000, byte miss ratio 0.8141575000
result/wiki-CDN-window1-warm10.oracleGeneral.bin                             FIFO cache size    51946, 800000 req, miss ratio 0.7529200000, byte miss ratio 0.7529200000
result/wiki-CDN-window1-warm10.oracleGeneral.bin                             FIFO cache size   103893, 800000 req, miss ratio 0.6748625000, byte miss ratio 0.6748625000
result/wiki-CDN-window1-warm10.oracleGeneral.bin                             FIFO cache size   207786, 800000 req, miss ratio 0.5901725000, byte miss ratio 0.5901725000
result/wiki-CDN-window1-warm10.oracleGeneral.bin                              LRU cache size      519, 800000 req, miss ratio 0.9640150000, byte miss ratio 0.9640150000
result/wiki-CDN-window1-warm10.oracleGeneral.bin                              LRU cache size     2597, 800000 req, miss ratio 0.9309200000, byte miss ratio 0.9309200000
result/wiki-CDN-window1-warm10.oracleGeneral.bin                              LRU cache size     5194, 800000 req, miss ratio 0.9032550000, byte miss ratio 0.9032550000
result/wiki-CDN-window1-warm10.oracleGeneral.bin                              LRU cache size    10389, 800000 req, miss ratio 0.8647500000, byte miss ratio 0.8647500000
result/wiki-CDN-window1-warm10.oracleGeneral.bin                              LRU cache size    25973, 800000 req, miss ratio 0.7951350000, byte miss ratio 0.7951350000
result/wiki-CDN-window1-warm10.oracleGeneral.bin                              LRU cache size    51946, 800000 req, miss ratio 0.7264887500, byte miss ratio 0.7264887500
result/wiki-CDN-window1-warm10.oracleGeneral.bin                              LRU cache size   103893, 800000 req, miss ratio 0.6392675000, byte miss ratio 0.6392675000
result/wiki-CDN-window1-warm10.oracleGeneral.bin                              LRU cache size   207786, 800000 req, miss ratio 0.5555312500, byte miss ratio 0.5555312500
result/wiki-CDN-window1-warm10.oracleGeneral.bin                            Clock cache size      519, 800000 req, miss ratio 0.9628775000, byte miss ratio 0.9628775000
result/wiki-CDN-window1-warm10.oracleGeneral.bin                            Clock cache size     2597, 800000 req, miss ratio 0.9285850000, byte miss ratio 0.9285850000
result/wiki-CDN-window1-warm10.oracleGeneral.bin                            Clock cache size     5194, 800000 req, miss ratio 0.8996150000, byte miss ratio 0.8996150000
result/wiki-CDN-window1-warm10.oracleGeneral.bin                            Clock cache size    10389, 800000 req, miss ratio 0.8594037500, byte miss ratio 0.8594037500
result/wiki-CDN-window1-warm10.oracleGeneral.bin                            Clock cache size    25973, 800000 req, miss ratio 0.7871725000, byte miss ratio 0.7871725000
result/wiki-CDN-window1-warm10.oracleGeneral.bin                            Clock cache size    51946, 800000 req, miss ratio 0.7163675000, byte miss ratio 0.7163675000
result/wiki-CDN-window1-warm10.oracleGeneral.bin                            Clock cache size   103893, 800000 req, miss ratio 0.6289675000, byte miss ratio 0.6289675000
result/wiki-CDN-window1-warm10.oracleGeneral.bin                            Clock cache size   207786, 800000 req, miss ratio 0.5486487500, byte miss ratio 0.5486487500
result/wiki-CDN-window1-warm10.oracleGeneral.bin                            Sieve cache size      519, 800000 req, miss ratio 0.9449812500, byte miss ratio 0.9449812500
result/wiki-CDN-window1-warm10.oracleGeneral.bin                            Sieve cache size     2597, 800000 req, miss ratio 0.8965512500, byte miss ratio 0.8965512500
result/wiki-CDN-window1-warm10.oracleGeneral.bin                            Sieve cache size     5194, 800000 req, miss ratio 0.8656075000, byte miss ratio 0.8656075000
result/wiki-CDN-window1-warm10.oracleGeneral.bin                            Sieve cache size    10389, 800000 req, miss ratio 0.8260637500, byte miss ratio 0.8260637500
result/wiki-CDN-window1-warm10.oracleGeneral.bin                            Sieve cache size    25973, 800000 req, miss ratio 0.7530712500, byte miss ratio 0.7530712500
result/wiki-CDN-window1-warm10.oracleGeneral.bin                            Sieve cache size    51946, 800000 req, miss ratio 0.6849850000, byte miss ratio 0.6849850000
result/wiki-CDN-window1-warm10.oracleGeneral.bin                            Sieve cache size   103893, 800000 req, miss ratio 0.6078100000, byte miss ratio 0.6078100000
result/wiki-CDN-window1-warm10.oracleGeneral.bin                            Sieve cache size   207786, 800000 req, miss ratio 0.5443737500, byte miss ratio 0.5443737500
