[32m[INFO]  10-08-2026 23:45:25 cli_parser.c:545  (tid=136888854578432): trace path: /home/zakariarafi/repros/sieve-nsdi24/repro-results/realworld-20261008T233726Z-589911/traces/meta-CDN-window1-warm20.oracleGeneral.bin, trace_type ORACLE_GENERAL_TRACE, ofilepath meta-CDN-window1-warm20.oracleGeneral.bin.cachesim, 4 threads, warmup 200000 sec, total 4 algo x 8 size = 32 caches, fifo, lru, clock, sieve
[0m[32m[INFO]  10-08-2026 23:45:25 simulator.c:294  (tid=136888854578432): simulate_with_multi_caches starts computation, num_warmup_req 0, start cache FIFO size 6GiB, end cache Sieve size 2TiB, 32 caches, 4 threads, please wait
[0m[32m[INFO]  10-08-2026 23:45:25 simulator.c:80   (tid=136884457957120): cache FIFO (size 126460777200) finishes warm up using with 200000 requests, 55.56 hour trace time
[0m[32m[INFO]  10-08-2026 23:45:25 simulator.c:80   (tid=136884525070080): cache FIFO (size 6323038860) finishes warm up using with 200000 requests, 55.56 hour trace time
[0m[32m[INFO]  10-08-2026 23:45:25 simulator.c:80   (tid=136884323731200): cache FIFO (size 63230388600) finishes warm up using with 200000 requests, 55.56 hour trace time
[0m[32m[INFO]  10-08-2026 23:45:25 simulator.c:80   (tid=136884390844160): cache FIFO (size 31615194300) finishes warm up using with 200000 requests, 55.56 hour trace time
[0m[32m[INFO]  10-08-2026 23:45:26 simulator.c:80   (tid=136884457957120): cache FIFO (size 316151943000) finishes warm up using with 200000 requests, 55.56 hour trace time
[0m[32m[INFO]  10-08-2026 23:45:26 simulator.c:80   (tid=136884323731200): cache FIFO (size 632303886001) finishes warm up using with 200000 requests, 55.56 hour trace time
[0m[32m[INFO]  10-08-2026 23:45:26 simulator.c:80   (tid=136884525070080): cache FIFO (size 1264607772002) finishes warm up using with 200000 requests, 55.56 hour trace time
[0m[32m[INFO]  10-08-2026 23:45:26 simulator.c:80   (tid=136884390844160): cache FIFO (size 2529215544004) finishes warm up using with 200000 requests, 55.56 hour trace time
[0m[32m[INFO]  10-08-2026 23:45:27 simulator.c:80   (tid=136884457957120): cache LRU (size 6323038860) finishes warm up using with 200000 requests, 55.56 hour trace time
[0m[32m[INFO]  10-08-2026 23:45:27 simulator.c:80   (tid=136884323731200): cache LRU (size 31615194300) finishes warm up using with 200000 requests, 55.56 hour trace time
[0m[32m[INFO]  10-08-2026 23:45:27 simulator.c:80   (tid=136884525070080): cache LRU (size 126460777200) finishes warm up using with 200000 requests, 55.56 hour trace time
[0m[32m[INFO]  10-08-2026 23:45:27 simulator.c:80   (tid=136884390844160): cache LRU (size 63230388600) finishes warm up using with 200000 requests, 55.56 hour trace time
[0m[32m[INFO]  10-08-2026 23:45:27 simulator.c:80   (tid=136884457957120): cache LRU (size 316151943000) finishes warm up using with 200000 requests, 55.56 hour trace time
[0m[32m[INFO]  10-08-2026 23:45:28 simulator.c:80   (tid=136884323731200): cache LRU (size 632303886001) finishes warm up using with 200000 requests, 55.56 hour trace time
[0m[32m[INFO]  10-08-2026 23:45:28 simulator.c:80   (tid=136884525070080): cache LRU (size 1264607772002) finishes warm up using with 200000 requests, 55.56 hour trace time
[0m[32m[INFO]  10-08-2026 23:45:28 simulator.c:80   (tid=136884390844160): cache LRU (size 2529215544004) finishes warm up using with 200000 requests, 55.56 hour trace time
[0m[32m[INFO]  10-08-2026 23:45:28 simulator.c:80   (tid=136884457957120): cache Clock (size 6323038860) finishes warm up using with 200000 requests, 55.56 hour trace time
[0m[32m[INFO]  10-08-2026 23:45:28 simulator.c:80   (tid=136884323731200): cache Clock (size 31615194300) finishes warm up using with 200000 requests, 55.56 hour trace time
[0m[32m[INFO]  10-08-2026 23:45:29 simulator.c:80   (tid=136884457957120): cache Clock (size 63230388600) finishes warm up using with 200000 requests, 55.56 hour trace time
[0m[32m[INFO]  10-08-2026 23:45:29 simulator.c:80   (tid=136884525070080): cache Clock (size 316151943000) finishes warm up using with 200000 requests, 55.56 hour trace time
[0m[32m[INFO]  10-08-2026 23:45:29 simulator.c:80   (tid=136884390844160): cache Clock (size 126460777200) finishes warm up using with 200000 requests, 55.56 hour trace time
[0m[32m[INFO]  10-08-2026 23:45:29 simulator.c:80   (tid=136884323731200): cache Clock (size 632303886001) finishes warm up using with 200000 requests, 55.56 hour trace time
[0m[32m[INFO]  10-08-2026 23:45:29 simulator.c:80   (tid=136884457957120): cache Clock (size 1264607772002) finishes warm up using with 200000 requests, 55.56 hour trace time
[0m[32m[INFO]  10-08-2026 23:45:29 simulator.c:80   (tid=136884525070080): cache Sieve (size 6323038860) finishes warm up using with 200000 requests, 55.56 hour trace time
[0m[32m[INFO]  10-08-2026 23:45:29 simulator.c:80   (tid=136884390844160): cache Clock (size 2529215544004) finishes warm up using with 200000 requests, 55.56 hour trace time
[0m[32m[INFO]  10-08-2026 23:45:29 simulator.c:80   (tid=136884323731200): cache Sieve (size 31615194300) finishes warm up using with 200000 requests, 55.56 hour trace time
[0m[32m[INFO]  10-08-2026 23:45:30 simulator.c:80   (tid=136884457957120): cache Sieve (size 63230388600) finishes warm up using with 200000 requests, 55.56 hour trace time
[0m[32m[INFO]  10-08-2026 23:45:30 simulator.c:80   (tid=136884525070080): cache Sieve (size 126460777200) finishes warm up using with 200000 requests, 55.56 hour trace time
[0m[32m[INFO]  10-08-2026 23:45:30 simulator.c:80   (tid=136884390844160): cache Sieve (size 316151943000) finishes warm up using with 200000 requests, 55.56 hour trace time
[0m[32m[INFO]  10-08-2026 23:45:30 simulator.c:80   (tid=136884323731200): cache Sieve (size 632303886001) finishes warm up using with 200000 requests, 55.56 hour trace time
[0m[32m[INFO]  10-08-2026 23:45:31 simulator.c:80   (tid=136884457957120): cache Sieve (size 1264607772002) finishes warm up using with 200000 requests, 55.56 hour trace time
[0m[32m[INFO]  10-08-2026 23:45:31 simulator.c:80   (tid=136884525070080): cache Sieve (size 2529215544004) finishes warm up using with 200000 requests, 55.56 hour trace time
[0m
result/meta-CDN-window1-warm20.oracleGeneral.bin                             FIFO cache size 6323038860, 800000 req, miss ratio 0.5062787500, byte miss ratio 0.2638123861
result/meta-CDN-window1-warm20.oracleGeneral.bin                             FIFO cache size 31615194300, 800000 req, miss ratio 0.4773700000, byte miss ratio 0.2347744692
result/meta-CDN-window1-warm20.oracleGeneral.bin                             FIFO cache size 63230388600, 800000 req, miss ratio 0.4642037500, byte miss ratio 0.2281684114
result/meta-CDN-window1-warm20.oracleGeneral.bin                             FIFO cache size 126460777200, 800000 req, miss ratio 0.4501562500, byte miss ratio 0.2237587856
result/meta-CDN-window1-warm20.oracleGeneral.bin                             FIFO cache size 316151943000, 800000 req, miss ratio 0.4290912500, byte miss ratio 0.2162179701
result/meta-CDN-window1-warm20.oracleGeneral.bin                             FIFO cache size 632303886001, 800000 req, miss ratio 0.4135875000, byte miss ratio 0.2113787106
result/meta-CDN-window1-warm20.oracleGeneral.bin                             FIFO cache size 1264607772002, 800000 req, miss ratio 0.3985087500, byte miss ratio 0.2083152374
result/meta-CDN-window1-warm20.oracleGeneral.bin                             FIFO cache size 2529215544004, 800000 req, miss ratio 0.3829025000, byte miss ratio 0.2025940774
result/meta-CDN-window1-warm20.oracleGeneral.bin                              LRU cache size 6323038860, 800000 req, miss ratio 0.5018525000, byte miss ratio 0.2517916400
result/meta-CDN-window1-warm20.oracleGeneral.bin                              LRU cache size 31615194300, 800000 req, miss ratio 0.4720412500, byte miss ratio 0.2275375804
result/meta-CDN-window1-warm20.oracleGeneral.bin                              LRU cache size 63230388600, 800000 req, miss ratio 0.4583675000, byte miss ratio 0.2243475419
result/meta-CDN-window1-warm20.oracleGeneral.bin                              LRU cache size 126460777200, 800000 req, miss ratio 0.4434212500, byte miss ratio 0.2209560166
result/meta-CDN-window1-warm20.oracleGeneral.bin                              LRU cache size 316151943000, 800000 req, miss ratio 0.4204712500, byte miss ratio 0.2142823933
result/meta-CDN-window1-warm20.oracleGeneral.bin                              LRU cache size 632303886001, 800000 req, miss ratio 0.4054037500, byte miss ratio 0.2092757930
result/meta-CDN-window1-warm20.oracleGeneral.bin                              LRU cache size 1264607772002, 800000 req, miss ratio 0.3905800000, byte miss ratio 0.2060497685
result/meta-CDN-window1-warm20.oracleGeneral.bin                              LRU cache size 2529215544004, 800000 req, miss ratio 0.3774300000, byte miss ratio 0.2010355337
result/meta-CDN-window1-warm20.oracleGeneral.bin                            Clock cache size 6323038860, 800000 req, miss ratio 0.5075700000, byte miss ratio 0.2584752228
result/meta-CDN-window1-warm20.oracleGeneral.bin                            Clock cache size 31615194300, 800000 req, miss ratio 0.4757900000, byte miss ratio 0.2281483514
result/meta-CDN-window1-warm20.oracleGeneral.bin                            Clock cache size 63230388600, 800000 req, miss ratio 0.4621350000, byte miss ratio 0.2244353959
result/meta-CDN-window1-warm20.oracleGeneral.bin                            Clock cache size 126460777200, 800000 req, miss ratio 0.4470412500, byte miss ratio 0.2210015185
result/meta-CDN-window1-warm20.oracleGeneral.bin                            Clock cache size 316151943000, 800000 req, miss ratio 0.4243512500, byte miss ratio 0.2142863423
result/meta-CDN-window1-warm20.oracleGeneral.bin                            Clock cache size 632303886001, 800000 req, miss ratio 0.4085225000, byte miss ratio 0.2101401872
result/meta-CDN-window1-warm20.oracleGeneral.bin                            Clock cache size 1264607772002, 800000 req, miss ratio 0.3939112500, byte miss ratio 0.2062515445
result/meta-CDN-window1-warm20.oracleGeneral.bin                            Clock cache size 2529215544004, 800000 req, miss ratio 0.3802950000, byte miss ratio 0.2023233980
result/meta-CDN-window1-warm20.oracleGeneral.bin                            Sieve cache size 6323038860, 800000 req, miss ratio 0.5046012500, byte miss ratio 0.2501462391
result/meta-CDN-window1-warm20.oracleGeneral.bin                            Sieve cache size 31615194300, 800000 req, miss ratio 0.4740987500, byte miss ratio 0.2264912785
result/meta-CDN-window1-warm20.oracleGeneral.bin                            Sieve cache size 63230388600, 800000 req, miss ratio 0.4613750000, byte miss ratio 0.2238247545
result/meta-CDN-window1-warm20.oracleGeneral.bin                            Sieve cache size 126460777200, 800000 req, miss ratio 0.4437687500, byte miss ratio 0.2200702025
result/meta-CDN-window1-warm20.oracleGeneral.bin                            Sieve cache size 316151943000, 800000 req, miss ratio 0.4234400000, byte miss ratio 0.2142128948
result/meta-CDN-window1-warm20.oracleGeneral.bin                            Sieve cache size 632303886001, 800000 req, miss ratio 0.4092237500, byte miss ratio 0.2106204622
result/meta-CDN-window1-warm20.oracleGeneral.bin                            Sieve cache size 1264607772002, 800000 req, miss ratio 0.3960787500, byte miss ratio 0.2070705537
result/meta-CDN-window1-warm20.oracleGeneral.bin                            Sieve cache size 2529215544004, 800000 req, miss ratio 0.3837137500, byte miss ratio 0.2021496934
