[32m[INFO]  10-08-2026 23:45:01 cli_parser.c:545  (tid=140030511199488): trace path: /home/zakariarafi/repros/sieve-nsdi24/repro-results/realworld-20261008T233726Z-589911/traces/meta-CDN-window1-warm10.oracleGeneral.bin, trace_type ORACLE_GENERAL_TRACE, ofilepath meta-CDN-window1-warm10.oracleGeneral.bin.cachesim, 4 threads, warmup 100000 sec, total 4 algo x 8 size = 32 caches, fifo, lru, clock, sieve, ignore object size
[0m[32m[INFO]  10-08-2026 23:45:01 simulator.c:294  (tid=140030511199488): simulate_with_multi_caches starts computation, num_warmup_req 0, start cache FIFO size 381, end cache Sieve size 149KiB, 32 caches, 4 threads, please wait
[0m[32m[INFO]  10-08-2026 23:45:01 simulator.c:80   (tid=140025991644928): cache FIFO (size 381) finishes warm up using with 100000 requests, 27.78 hour trace time
[0m[32m[INFO]  10-08-2026 23:45:01 simulator.c:80   (tid=140026192983808): cache FIFO (size 3814) finishes warm up using with 100000 requests, 27.78 hour trace time
[0m[32m[INFO]  10-08-2026 23:45:01 simulator.c:80   (tid=140026125870848): cache FIFO (size 7628) finishes warm up using with 100000 requests, 27.78 hour trace time
[0m[32m[INFO]  10-08-2026 23:45:01 simulator.c:80   (tid=140026058757888): cache FIFO (size 1907) finishes warm up using with 100000 requests, 27.78 hour trace time
[0m[32m[INFO]  10-08-2026 23:45:02 simulator.c:80   (tid=140026125870848): cache FIFO (size 38143) finishes warm up using with 100000 requests, 27.78 hour trace time
[0m[32m[INFO]  10-08-2026 23:45:02 simulator.c:80   (tid=140026192983808): cache FIFO (size 76286) finishes warm up using with 100000 requests, 27.78 hour trace time
[0m[32m[INFO]  10-08-2026 23:45:02 simulator.c:80   (tid=140026058757888): cache FIFO (size 152572) finishes warm up using with 100000 requests, 27.78 hour trace time
[0m[32m[INFO]  10-08-2026 23:45:02 simulator.c:80   (tid=140025991644928): cache FIFO (size 19071) finishes warm up using with 100000 requests, 27.78 hour trace time
[0m[32m[INFO]  10-08-2026 23:45:02 simulator.c:80   (tid=140026125870848): cache LRU (size 381) finishes warm up using with 100000 requests, 27.78 hour trace time
[0m[32m[INFO]  10-08-2026 23:45:03 simulator.c:80   (tid=140026192983808): cache LRU (size 1907) finishes warm up using with 100000 requests, 27.78 hour trace time
[0m[32m[INFO]  10-08-2026 23:45:03 simulator.c:80   (tid=140026058757888): cache LRU (size 7628) finishes warm up using with 100000 requests, 27.78 hour trace time
[0m[32m[INFO]  10-08-2026 23:45:03 simulator.c:80   (tid=140025991644928): cache LRU (size 3814) finishes warm up using with 100000 requests, 27.78 hour trace time
[0m[32m[INFO]  10-08-2026 23:45:03 simulator.c:80   (tid=140026125870848): cache LRU (size 19071) finishes warm up using with 100000 requests, 27.78 hour trace time
[0m[32m[INFO]  10-08-2026 23:45:03 simulator.c:80   (tid=140026058757888): cache LRU (size 38143) finishes warm up using with 100000 requests, 27.78 hour trace time
[0m[32m[INFO]  10-08-2026 23:45:03 simulator.c:80   (tid=140026192983808): cache LRU (size 76286) finishes warm up using with 100000 requests, 27.78 hour trace time
[0m[32m[INFO]  10-08-2026 23:45:03 simulator.c:80   (tid=140025991644928): cache LRU (size 152572) finishes warm up using with 100000 requests, 27.78 hour trace time
[0m[32m[INFO]  10-08-2026 23:45:04 simulator.c:80   (tid=140026125870848): cache Clock (size 381) finishes warm up using with 100000 requests, 27.78 hour trace time
[0m[32m[INFO]  10-08-2026 23:45:04 simulator.c:80   (tid=140026058757888): cache Clock (size 1907) finishes warm up using with 100000 requests, 27.78 hour trace time
[0m[32m[INFO]  10-08-2026 23:45:04 simulator.c:80   (tid=140026192983808): cache Clock (size 3814) finishes warm up using with 100000 requests, 27.78 hour trace time
[0m[32m[INFO]  10-08-2026 23:45:04 simulator.c:80   (tid=140026125870848): cache Clock (size 7628) finishes warm up using with 100000 requests, 27.78 hour trace time
[0m[32m[INFO]  10-08-2026 23:45:05 simulator.c:80   (tid=140025991644928): cache Clock (size 19071) finishes warm up using with 100000 requests, 27.78 hour trace time
[0m[32m[INFO]  10-08-2026 23:45:05 simulator.c:80   (tid=140026058757888): cache Clock (size 38143) finishes warm up using with 100000 requests, 27.78 hour trace time
[0m[32m[INFO]  10-08-2026 23:45:05 simulator.c:80   (tid=140026192983808): cache Clock (size 76286) finishes warm up using with 100000 requests, 27.78 hour trace time
[0m[32m[INFO]  10-08-2026 23:45:05 simulator.c:80   (tid=140026125870848): cache Clock (size 152572) finishes warm up using with 100000 requests, 27.78 hour trace time
[0m[32m[INFO]  10-08-2026 23:45:05 simulator.c:80   (tid=140025991644928): cache Sieve (size 381) finishes warm up using with 100000 requests, 27.78 hour trace time
[0m[32m[INFO]  10-08-2026 23:45:05 simulator.c:80   (tid=140026058757888): cache Sieve (size 3814) finishes warm up using with 100000 requests, 27.78 hour trace time
[0m[32m[INFO]  10-08-2026 23:45:05 simulator.c:80   (tid=140026192983808): cache Sieve (size 1907) finishes warm up using with 100000 requests, 27.78 hour trace time
[0m[32m[INFO]  10-08-2026 23:45:06 simulator.c:80   (tid=140026125870848): cache Sieve (size 7628) finishes warm up using with 100000 requests, 27.78 hour trace time
[0m[32m[INFO]  10-08-2026 23:45:06 simulator.c:80   (tid=140025991644928): cache Sieve (size 19071) finishes warm up using with 100000 requests, 27.78 hour trace time
[0m[32m[INFO]  10-08-2026 23:45:06 simulator.c:80   (tid=140026192983808): cache Sieve (size 76286) finishes warm up using with 100000 requests, 27.78 hour trace time
[0m[32m[INFO]  10-08-2026 23:45:06 simulator.c:80   (tid=140026125870848): cache Sieve (size 152572) finishes warm up using with 100000 requests, 27.78 hour trace time
[0m[32m[INFO]  10-08-2026 23:45:06 simulator.c:80   (tid=140026058757888): cache Sieve (size 38143) finishes warm up using with 100000 requests, 27.78 hour trace time
[0m
result/meta-CDN-window1-warm10.oracleGeneral.bin                             FIFO cache size      381, 800000 req, miss ratio 0.5133962500, byte miss ratio 0.5133962500
result/meta-CDN-window1-warm10.oracleGeneral.bin                             FIFO cache size     1907, 800000 req, miss ratio 0.4812375000, byte miss ratio 0.4812375000
result/meta-CDN-window1-warm10.oracleGeneral.bin                             FIFO cache size     3814, 800000 req, miss ratio 0.4676925000, byte miss ratio 0.4676925000
result/meta-CDN-window1-warm10.oracleGeneral.bin                             FIFO cache size     7628, 800000 req, miss ratio 0.4534537500, byte miss ratio 0.4534537500
result/meta-CDN-window1-warm10.oracleGeneral.bin                             FIFO cache size    19071, 800000 req, miss ratio 0.4331337500, byte miss ratio 0.4331337500
result/meta-CDN-window1-warm10.oracleGeneral.bin                             FIFO cache size    38143, 800000 req, miss ratio 0.4166975000, byte miss ratio 0.4166975000
result/meta-CDN-window1-warm10.oracleGeneral.bin                             FIFO cache size    76286, 800000 req, miss ratio 0.4014850000, byte miss ratio 0.4014850000
result/meta-CDN-window1-warm10.oracleGeneral.bin                             FIFO cache size   152572, 800000 req, miss ratio 0.3872612500, byte miss ratio 0.3872612500
result/meta-CDN-window1-warm10.oracleGeneral.bin                              LRU cache size      381, 800000 req, miss ratio 0.5034900000, byte miss ratio 0.5034900000
result/meta-CDN-window1-warm10.oracleGeneral.bin                              LRU cache size     1907, 800000 req, miss ratio 0.4745487500, byte miss ratio 0.4745487500
result/meta-CDN-window1-warm10.oracleGeneral.bin                              LRU cache size     3814, 800000 req, miss ratio 0.4611625000, byte miss ratio 0.4611625000
result/meta-CDN-window1-warm10.oracleGeneral.bin                              LRU cache size     7628, 800000 req, miss ratio 0.4462900000, byte miss ratio 0.4462900000
result/meta-CDN-window1-warm10.oracleGeneral.bin                              LRU cache size    19071, 800000 req, miss ratio 0.4241687500, byte miss ratio 0.4241687500
result/meta-CDN-window1-warm10.oracleGeneral.bin                              LRU cache size    38143, 800000 req, miss ratio 0.4082087500, byte miss ratio 0.4082087500
result/meta-CDN-window1-warm10.oracleGeneral.bin                              LRU cache size    76286, 800000 req, miss ratio 0.3940387500, byte miss ratio 0.3940387500
result/meta-CDN-window1-warm10.oracleGeneral.bin                              LRU cache size   152572, 800000 req, miss ratio 0.3820512500, byte miss ratio 0.3820512500
result/meta-CDN-window1-warm10.oracleGeneral.bin                            Clock cache size      381, 800000 req, miss ratio 0.5021987500, byte miss ratio 0.5021987500
result/meta-CDN-window1-warm10.oracleGeneral.bin                            Clock cache size     1907, 800000 req, miss ratio 0.4736312500, byte miss ratio 0.4736312500
result/meta-CDN-window1-warm10.oracleGeneral.bin                            Clock cache size     3814, 800000 req, miss ratio 0.4600525000, byte miss ratio 0.4600525000
result/meta-CDN-window1-warm10.oracleGeneral.bin                            Clock cache size     7628, 800000 req, miss ratio 0.4447900000, byte miss ratio 0.4447900000
result/meta-CDN-window1-warm10.oracleGeneral.bin                            Clock cache size    19071, 800000 req, miss ratio 0.4227512500, byte miss ratio 0.4227512500
result/meta-CDN-window1-warm10.oracleGeneral.bin                            Clock cache size    38143, 800000 req, miss ratio 0.4070087500, byte miss ratio 0.4070087500
result/meta-CDN-window1-warm10.oracleGeneral.bin                            Clock cache size    76286, 800000 req, miss ratio 0.3932762500, byte miss ratio 0.3932762500
result/meta-CDN-window1-warm10.oracleGeneral.bin                            Clock cache size   152572, 800000 req, miss ratio 0.3819175000, byte miss ratio 0.3819175000
result/meta-CDN-window1-warm10.oracleGeneral.bin                            Sieve cache size      381, 800000 req, miss ratio 0.5016525000, byte miss ratio 0.5016525000
result/meta-CDN-window1-warm10.oracleGeneral.bin                            Sieve cache size     1907, 800000 req, miss ratio 0.4680750000, byte miss ratio 0.4680750000
result/meta-CDN-window1-warm10.oracleGeneral.bin                            Sieve cache size     3814, 800000 req, miss ratio 0.4518712500, byte miss ratio 0.4518712500
result/meta-CDN-window1-warm10.oracleGeneral.bin                            Sieve cache size     7628, 800000 req, miss ratio 0.4372150000, byte miss ratio 0.4372150000
result/meta-CDN-window1-warm10.oracleGeneral.bin                            Sieve cache size    19071, 800000 req, miss ratio 0.4202600000, byte miss ratio 0.4202600000
result/meta-CDN-window1-warm10.oracleGeneral.bin                            Sieve cache size    38143, 800000 req, miss ratio 0.4060975000, byte miss ratio 0.4060975000
result/meta-CDN-window1-warm10.oracleGeneral.bin                            Sieve cache size    76286, 800000 req, miss ratio 0.3945687500, byte miss ratio 0.3945687500
result/meta-CDN-window1-warm10.oracleGeneral.bin                            Sieve cache size   152572, 800000 req, miss ratio 0.3817037500, byte miss ratio 0.3817037500
