[32m[INFO]  10-08-2026 23:42:27 cli_parser.c:545  (tid=140222619440384): trace path: /home/zakariarafi/repros/sieve-nsdi24/repro-results/realworld-20261008T233726Z-589911/traces/twitter-KV-window1-warm10.oracleGeneral.bin, trace_type ORACLE_GENERAL_TRACE, ofilepath twitter-KV-window1-warm10.oracleGeneral.bin.cachesim, 4 threads, warmup 100000 sec, total 4 algo x 8 size = 32 caches, fifo, lru, clock, sieve
[0m[32m[INFO]  10-08-2026 23:42:27 simulator.c:294  (tid=140222619440384): simulate_with_multi_caches starts computation, num_warmup_req 0, start cache FIFO size 11KiB, end cache Sieve size 4MiB, 32 caches, 4 threads, please wait
[0m[32m[INFO]  10-08-2026 23:42:28 simulator.c:80   (tid=140218294204160): cache FIFO (size 11006) finishes warm up using with 100000 requests, 27.78 hour trace time
[0m[32m[INFO]  10-08-2026 23:42:28 simulator.c:80   (tid=140218159978240): cache FIFO (size 110066) finishes warm up using with 100000 requests, 27.78 hour trace time
[0m[32m[INFO]  10-08-2026 23:42:28 simulator.c:80   (tid=140218092865280): cache FIFO (size 220133) finishes warm up using with 100000 requests, 27.78 hour trace time
[0m[32m[INFO]  10-08-2026 23:42:28 simulator.c:80   (tid=140218227091200): cache FIFO (size 55033) finishes warm up using with 100000 requests, 27.78 hour trace time
[0m[32m[INFO]  10-08-2026 23:42:28 simulator.c:80   (tid=140218294204160): cache FIFO (size 550334) finishes warm up using with 100000 requests, 27.78 hour trace time
[0m[32m[INFO]  10-08-2026 23:42:28 simulator.c:80   (tid=140218092865280): cache FIFO (size 2201336) finishes warm up using with 100000 requests, 27.78 hour trace time
[0m[32m[INFO]  10-08-2026 23:42:28 simulator.c:80   (tid=140218227091200): cache FIFO (size 4402672) finishes warm up using with 100000 requests, 27.78 hour trace time
[0m[32m[INFO]  10-08-2026 23:42:28 simulator.c:80   (tid=140218159978240): cache FIFO (size 1100668) finishes warm up using with 100000 requests, 27.78 hour trace time
[0m[32m[INFO]  10-08-2026 23:42:29 simulator.c:80   (tid=140218294204160): cache LRU (size 11006) finishes warm up using with 100000 requests, 27.78 hour trace time
[0m[32m[INFO]  10-08-2026 23:42:29 simulator.c:80   (tid=140218092865280): cache LRU (size 55033) finishes warm up using with 100000 requests, 27.78 hour trace time
[0m[32m[INFO]  10-08-2026 23:42:29 simulator.c:80   (tid=140218159978240): cache LRU (size 110066) finishes warm up using with 100000 requests, 27.78 hour trace time
[0m[32m[INFO]  10-08-2026 23:42:29 simulator.c:80   (tid=140218227091200): cache LRU (size 220133) finishes warm up using with 100000 requests, 27.78 hour trace time
[0m[32m[INFO]  10-08-2026 23:42:29 simulator.c:80   (tid=140218294204160): cache LRU (size 550334) finishes warm up using with 100000 requests, 27.78 hour trace time
[0m[32m[INFO]  10-08-2026 23:42:30 simulator.c:80   (tid=140218092865280): cache LRU (size 1100668) finishes warm up using with 100000 requests, 27.78 hour trace time
[0m[32m[INFO]  10-08-2026 23:42:30 simulator.c:80   (tid=140218227091200): cache LRU (size 4402672) finishes warm up using with 100000 requests, 27.78 hour trace time
[0m[32m[INFO]  10-08-2026 23:42:30 simulator.c:80   (tid=140218159978240): cache LRU (size 2201336) finishes warm up using with 100000 requests, 27.78 hour trace time
[0m[32m[INFO]  10-08-2026 23:42:30 simulator.c:80   (tid=140218294204160): cache Clock (size 11006) finishes warm up using with 100000 requests, 27.78 hour trace time
[0m[32m[INFO]  10-08-2026 23:42:30 simulator.c:80   (tid=140218092865280): cache Clock (size 55033) finishes warm up using with 100000 requests, 27.78 hour trace time
[0m[32m[INFO]  10-08-2026 23:42:30 simulator.c:80   (tid=140218159978240): cache Clock (size 110066) finishes warm up using with 100000 requests, 27.78 hour trace time
[0m[32m[INFO]  10-08-2026 23:42:30 simulator.c:80   (tid=140218227091200): cache Clock (size 220133) finishes warm up using with 100000 requests, 27.78 hour trace time
[0m[32m[INFO]  10-08-2026 23:42:31 simulator.c:80   (tid=140218294204160): cache Clock (size 550334) finishes warm up using with 100000 requests, 27.78 hour trace time
[0m[32m[INFO]  10-08-2026 23:42:31 simulator.c:80   (tid=140218092865280): cache Clock (size 1100668) finishes warm up using with 100000 requests, 27.78 hour trace time
[0m[32m[INFO]  10-08-2026 23:42:31 simulator.c:80   (tid=140218227091200): cache Clock (size 4402672) finishes warm up using with 100000 requests, 27.78 hour trace time
[0m[32m[INFO]  10-08-2026 23:42:31 simulator.c:80   (tid=140218159978240): cache Clock (size 2201336) finishes warm up using with 100000 requests, 27.78 hour trace time
[0m[32m[INFO]  10-08-2026 23:42:31 simulator.c:80   (tid=140218294204160): cache Sieve (size 11006) finishes warm up using with 100000 requests, 27.78 hour trace time
[0m[32m[INFO]  10-08-2026 23:42:31 simulator.c:80   (tid=140218092865280): cache Sieve (size 55033) finishes warm up using with 100000 requests, 27.78 hour trace time
[0m[32m[INFO]  10-08-2026 23:42:32 simulator.c:80   (tid=140218159978240): cache Sieve (size 110066) finishes warm up using with 100000 requests, 27.78 hour trace time
[0m[32m[INFO]  10-08-2026 23:42:32 simulator.c:80   (tid=140218227091200): cache Sieve (size 220133) finishes warm up using with 100000 requests, 27.78 hour trace time
[0m[32m[INFO]  10-08-2026 23:42:32 simulator.c:80   (tid=140218294204160): cache Sieve (size 550334) finishes warm up using with 100000 requests, 27.78 hour trace time
[0m[32m[INFO]  10-08-2026 23:42:32 simulator.c:80   (tid=140218092865280): cache Sieve (size 1100668) finishes warm up using with 100000 requests, 27.78 hour trace time
[0m[32m[INFO]  10-08-2026 23:42:32 simulator.c:80   (tid=140218159978240): cache Sieve (size 2201336) finishes warm up using with 100000 requests, 27.78 hour trace time
[0m[32m[INFO]  10-08-2026 23:42:32 simulator.c:80   (tid=140218227091200): cache Sieve (size 4402672) finishes warm up using with 100000 requests, 27.78 hour trace time
[0m
result/twitter-KV-window1-warm10.oracleGeneral.bin                             FIFO cache size    11006, 800000 req, miss ratio 0.4999937500, byte miss ratio 0.4999937500
result/twitter-KV-window1-warm10.oracleGeneral.bin                             FIFO cache size    55033, 800000 req, miss ratio 0.4999925000, byte miss ratio 0.4999925000
result/twitter-KV-window1-warm10.oracleGeneral.bin                             FIFO cache size   110066, 800000 req, miss ratio 0.4999925000, byte miss ratio 0.4999925000
result/twitter-KV-window1-warm10.oracleGeneral.bin                             FIFO cache size   220133, 800000 req, miss ratio 0.4999925000, byte miss ratio 0.4999925000
result/twitter-KV-window1-warm10.oracleGeneral.bin                             FIFO cache size   550334, 800000 req, miss ratio 0.4999925000, byte miss ratio 0.4999925000
result/twitter-KV-window1-warm10.oracleGeneral.bin                             FIFO cache size  1100668, 800000 req, miss ratio 0.4999925000, byte miss ratio 0.4999925000
result/twitter-KV-window1-warm10.oracleGeneral.bin                             FIFO cache size  2201336, 800000 req, miss ratio 0.4999925000, byte miss ratio 0.4999925000
result/twitter-KV-window1-warm10.oracleGeneral.bin                             FIFO cache size  4402672, 800000 req, miss ratio 0.4999925000, byte miss ratio 0.4999925000
result/twitter-KV-window1-warm10.oracleGeneral.bin                              LRU cache size    11006, 800000 req, miss ratio 0.4999937500, byte miss ratio 0.4999937500
result/twitter-KV-window1-warm10.oracleGeneral.bin                              LRU cache size    55033, 800000 req, miss ratio 0.4999925000, byte miss ratio 0.4999925000
result/twitter-KV-window1-warm10.oracleGeneral.bin                              LRU cache size   110066, 800000 req, miss ratio 0.4999925000, byte miss ratio 0.4999925000
result/twitter-KV-window1-warm10.oracleGeneral.bin                              LRU cache size   220133, 800000 req, miss ratio 0.4999925000, byte miss ratio 0.4999925000
result/twitter-KV-window1-warm10.oracleGeneral.bin                              LRU cache size   550334, 800000 req, miss ratio 0.4999925000, byte miss ratio 0.4999925000
result/twitter-KV-window1-warm10.oracleGeneral.bin                              LRU cache size  1100668, 800000 req, miss ratio 0.4999925000, byte miss ratio 0.4999925000
result/twitter-KV-window1-warm10.oracleGeneral.bin                              LRU cache size  2201336, 800000 req, miss ratio 0.4999925000, byte miss ratio 0.4999925000
result/twitter-KV-window1-warm10.oracleGeneral.bin                              LRU cache size  4402672, 800000 req, miss ratio 0.4999925000, byte miss ratio 0.4999925000
result/twitter-KV-window1-warm10.oracleGeneral.bin                            Clock cache size    11006, 800000 req, miss ratio 0.4999950000, byte miss ratio 0.4999950000
result/twitter-KV-window1-warm10.oracleGeneral.bin                            Clock cache size    55033, 800000 req, miss ratio 0.4999925000, byte miss ratio 0.4999925000
result/twitter-KV-window1-warm10.oracleGeneral.bin                            Clock cache size   110066, 800000 req, miss ratio 0.4999925000, byte miss ratio 0.4999925000
result/twitter-KV-window1-warm10.oracleGeneral.bin                            Clock cache size   220133, 800000 req, miss ratio 0.4999925000, byte miss ratio 0.4999925000
result/twitter-KV-window1-warm10.oracleGeneral.bin                            Clock cache size   550334, 800000 req, miss ratio 0.4999925000, byte miss ratio 0.4999925000
result/twitter-KV-window1-warm10.oracleGeneral.bin                            Clock cache size  1100668, 800000 req, miss ratio 0.4999925000, byte miss ratio 0.4999925000
result/twitter-KV-window1-warm10.oracleGeneral.bin                            Clock cache size  2201336, 800000 req, miss ratio 0.4999925000, byte miss ratio 0.4999925000
result/twitter-KV-window1-warm10.oracleGeneral.bin                            Clock cache size  4402672, 800000 req, miss ratio 0.4999925000, byte miss ratio 0.4999925000
result/twitter-KV-window1-warm10.oracleGeneral.bin                            Sieve cache size    11006, 800000 req, miss ratio 0.5019975000, byte miss ratio 0.5019975000
result/twitter-KV-window1-warm10.oracleGeneral.bin                            Sieve cache size    55033, 800000 req, miss ratio 0.5002887500, byte miss ratio 0.5002887500
result/twitter-KV-window1-warm10.oracleGeneral.bin                            Sieve cache size   110066, 800000 req, miss ratio 0.5001825000, byte miss ratio 0.5001825000
result/twitter-KV-window1-warm10.oracleGeneral.bin                            Sieve cache size   220133, 800000 req, miss ratio 0.5000625000, byte miss ratio 0.5000625000
result/twitter-KV-window1-warm10.oracleGeneral.bin                            Sieve cache size   550334, 800000 req, miss ratio 0.5000600000, byte miss ratio 0.5000600000
result/twitter-KV-window1-warm10.oracleGeneral.bin                            Sieve cache size  1100668, 800000 req, miss ratio 0.5000025000, byte miss ratio 0.5000025000
result/twitter-KV-window1-warm10.oracleGeneral.bin                            Sieve cache size  2201336, 800000 req, miss ratio 0.5000000000, byte miss ratio 0.5000000000
result/twitter-KV-window1-warm10.oracleGeneral.bin                            Sieve cache size  4402672, 800000 req, miss ratio 0.4999950000, byte miss ratio 0.4999950000
