[32m[INFO]  10-08-2026 23:43:18 cli_parser.c:545  (tid=133327730218240): trace path: /home/zakariarafi/repros/sieve-nsdi24/repro-results/realworld-20261008T233726Z-589911/traces/twitter-KV-window2-warm20.oracleGeneral.bin, trace_type ORACLE_GENERAL_TRACE, ofilepath twitter-KV-window2-warm20.oracleGeneral.bin.cachesim, 4 threads, warmup 200000 sec, total 4 algo x 8 size = 32 caches, fifo, lru, clock, sieve
[0m[32m[INFO]  10-08-2026 23:43:18 simulator.c:294  (tid=133327730218240): simulate_with_multi_caches starts computation, num_warmup_req 0, start cache FIFO size 11KiB, end cache Sieve size 4MiB, 32 caches, 4 threads, please wait
[0m[32m[INFO]  10-08-2026 23:43:19 simulator.c:80   (tid=133323342866176): cache FIFO (size 55000) finishes warm up using with 200000 requests, 55.56 hour trace time
[0m[32m[INFO]  10-08-2026 23:43:20 simulator.c:80   (tid=133323409979136): cache FIFO (size 11000) finishes warm up using with 200000 requests, 55.56 hour trace time
[0m[32m[INFO]  10-08-2026 23:43:20 simulator.c:80   (tid=133323275753216): cache FIFO (size 110001) finishes warm up using with 200000 requests, 55.56 hour trace time
[0m[32m[INFO]  10-08-2026 23:43:20 simulator.c:80   (tid=133323208640256): cache FIFO (size 220003) finishes warm up using with 200000 requests, 55.56 hour trace time
[0m[32m[INFO]  10-08-2026 23:43:21 simulator.c:80   (tid=133323342866176): cache FIFO (size 550009) finishes warm up using with 200000 requests, 55.56 hour trace time
[0m[32m[INFO]  10-08-2026 23:43:21 simulator.c:80   (tid=133323275753216): cache FIFO (size 2200039) finishes warm up using with 200000 requests, 55.56 hour trace time
[0m[32m[INFO]  10-08-2026 23:43:21 simulator.c:80   (tid=133323409979136): cache FIFO (size 1100019) finishes warm up using with 200000 requests, 55.56 hour trace time
[0m[32m[INFO]  10-08-2026 23:43:21 simulator.c:80   (tid=133323208640256): cache FIFO (size 4400079) finishes warm up using with 200000 requests, 55.56 hour trace time
[0m[32m[INFO]  10-08-2026 23:43:22 simulator.c:80   (tid=133323342866176): cache LRU (size 11000) finishes warm up using with 200000 requests, 55.56 hour trace time
[0m[32m[INFO]  10-08-2026 23:43:23 simulator.c:80   (tid=133323275753216): cache LRU (size 55000) finishes warm up using with 200000 requests, 55.56 hour trace time
[0m[32m[INFO]  10-08-2026 23:43:23 simulator.c:80   (tid=133323409979136): cache LRU (size 110001) finishes warm up using with 200000 requests, 55.56 hour trace time
[0m[32m[INFO]  10-08-2026 23:43:23 simulator.c:80   (tid=133323208640256): cache LRU (size 220003) finishes warm up using with 200000 requests, 55.56 hour trace time
[0m[32m[INFO]  10-08-2026 23:43:25 simulator.c:80   (tid=133323342866176): cache LRU (size 550009) finishes warm up using with 200000 requests, 55.56 hour trace time
[0m[32m[INFO]  10-08-2026 23:43:26 simulator.c:80   (tid=133323275753216): cache LRU (size 4400079) finishes warm up using with 200000 requests, 55.56 hour trace time
[0m[32m[INFO]  10-08-2026 23:43:26 simulator.c:80   (tid=133323409979136): cache LRU (size 1100019) finishes warm up using with 200000 requests, 55.56 hour trace time
[0m[32m[INFO]  10-08-2026 23:43:26 simulator.c:80   (tid=133323208640256): cache LRU (size 2200039) finishes warm up using with 200000 requests, 55.56 hour trace time
[0m[32m[INFO]  10-08-2026 23:43:26 simulator.c:80   (tid=133323342866176): cache Clock (size 11000) finishes warm up using with 200000 requests, 55.56 hour trace time
[0m[32m[INFO]  10-08-2026 23:43:27 simulator.c:80   (tid=133323409979136): cache Clock (size 55000) finishes warm up using with 200000 requests, 55.56 hour trace time
[0m[32m[INFO]  10-08-2026 23:43:27 simulator.c:80   (tid=133323275753216): cache Clock (size 220003) finishes warm up using with 200000 requests, 55.56 hour trace time
[0m[32m[INFO]  10-08-2026 23:43:27 simulator.c:80   (tid=133323208640256): cache Clock (size 110001) finishes warm up using with 200000 requests, 55.56 hour trace time
[0m[32m[INFO]  10-08-2026 23:43:28 simulator.c:80   (tid=133323342866176): cache Clock (size 550009) finishes warm up using with 200000 requests, 55.56 hour trace time
[0m[32m[INFO]  10-08-2026 23:43:29 simulator.c:80   (tid=133323409979136): cache Clock (size 1100019) finishes warm up using with 200000 requests, 55.56 hour trace time
[0m[32m[INFO]  10-08-2026 23:43:29 simulator.c:80   (tid=133323208640256): cache Clock (size 2200039) finishes warm up using with 200000 requests, 55.56 hour trace time
[0m[32m[INFO]  10-08-2026 23:43:29 simulator.c:80   (tid=133323275753216): cache Clock (size 4400079) finishes warm up using with 200000 requests, 55.56 hour trace time
[0m[32m[INFO]  10-08-2026 23:43:30 simulator.c:80   (tid=133323342866176): cache Sieve (size 11000) finishes warm up using with 200000 requests, 55.56 hour trace time
[0m[32m[INFO]  10-08-2026 23:43:31 simulator.c:80   (tid=133323409979136): cache Sieve (size 55000) finishes warm up using with 200000 requests, 55.56 hour trace time
[0m[32m[INFO]  10-08-2026 23:43:32 simulator.c:80   (tid=133323208640256): cache Sieve (size 110001) finishes warm up using with 200000 requests, 55.56 hour trace time
[0m[32m[INFO]  10-08-2026 23:43:32 simulator.c:80   (tid=133323342866176): cache Sieve (size 220003) finishes warm up using with 200000 requests, 55.56 hour trace time
[0m[32m[INFO]  10-08-2026 23:43:32 simulator.c:80   (tid=133323275753216): cache Sieve (size 550009) finishes warm up using with 200000 requests, 55.56 hour trace time
[0m[32m[INFO]  10-08-2026 23:43:32 simulator.c:80   (tid=133323409979136): cache Sieve (size 1100019) finishes warm up using with 200000 requests, 55.56 hour trace time
[0m[32m[INFO]  10-08-2026 23:43:33 simulator.c:80   (tid=133323208640256): cache Sieve (size 2200039) finishes warm up using with 200000 requests, 55.56 hour trace time
[0m[32m[INFO]  10-08-2026 23:43:33 simulator.c:80   (tid=133323342866176): cache Sieve (size 4400079) finishes warm up using with 200000 requests, 55.56 hour trace time
[0m
result/twitter-KV-window2-warm20.oracleGeneral.bin                             FIFO cache size    11000, 800000 req, miss ratio 0.5000012500, byte miss ratio 0.5000012500
result/twitter-KV-window2-warm20.oracleGeneral.bin                             FIFO cache size    55000, 800000 req, miss ratio 0.5000012500, byte miss ratio 0.5000012500
result/twitter-KV-window2-warm20.oracleGeneral.bin                             FIFO cache size   110001, 800000 req, miss ratio 0.5000012500, byte miss ratio 0.5000012500
result/twitter-KV-window2-warm20.oracleGeneral.bin                             FIFO cache size   220003, 800000 req, miss ratio 0.5000012500, byte miss ratio 0.5000012500
result/twitter-KV-window2-warm20.oracleGeneral.bin                             FIFO cache size   550009, 800000 req, miss ratio 0.5000012500, byte miss ratio 0.5000012500
result/twitter-KV-window2-warm20.oracleGeneral.bin                             FIFO cache size  1100019, 800000 req, miss ratio 0.5000012500, byte miss ratio 0.5000012500
result/twitter-KV-window2-warm20.oracleGeneral.bin                             FIFO cache size  2200039, 800000 req, miss ratio 0.5000012500, byte miss ratio 0.5000012500
result/twitter-KV-window2-warm20.oracleGeneral.bin                             FIFO cache size  4400079, 800000 req, miss ratio 0.5000012500, byte miss ratio 0.5000012500
result/twitter-KV-window2-warm20.oracleGeneral.bin                              LRU cache size    11000, 800000 req, miss ratio 0.5000012500, byte miss ratio 0.5000012500
result/twitter-KV-window2-warm20.oracleGeneral.bin                              LRU cache size    55000, 800000 req, miss ratio 0.5000012500, byte miss ratio 0.5000012500
result/twitter-KV-window2-warm20.oracleGeneral.bin                              LRU cache size   110001, 800000 req, miss ratio 0.5000012500, byte miss ratio 0.5000012500
result/twitter-KV-window2-warm20.oracleGeneral.bin                              LRU cache size   220003, 800000 req, miss ratio 0.5000012500, byte miss ratio 0.5000012500
result/twitter-KV-window2-warm20.oracleGeneral.bin                              LRU cache size   550009, 800000 req, miss ratio 0.5000012500, byte miss ratio 0.5000012500
result/twitter-KV-window2-warm20.oracleGeneral.bin                              LRU cache size  1100019, 800000 req, miss ratio 0.5000012500, byte miss ratio 0.5000012500
result/twitter-KV-window2-warm20.oracleGeneral.bin                              LRU cache size  2200039, 800000 req, miss ratio 0.5000012500, byte miss ratio 0.5000012500
result/twitter-KV-window2-warm20.oracleGeneral.bin                              LRU cache size  4400079, 800000 req, miss ratio 0.5000012500, byte miss ratio 0.5000012500
result/twitter-KV-window2-warm20.oracleGeneral.bin                            Clock cache size    11000, 800000 req, miss ratio 0.5000012500, byte miss ratio 0.5000012500
result/twitter-KV-window2-warm20.oracleGeneral.bin                            Clock cache size    55000, 800000 req, miss ratio 0.5000012500, byte miss ratio 0.5000012500
result/twitter-KV-window2-warm20.oracleGeneral.bin                            Clock cache size   110001, 800000 req, miss ratio 0.5000012500, byte miss ratio 0.5000012500
result/twitter-KV-window2-warm20.oracleGeneral.bin                            Clock cache size   220003, 800000 req, miss ratio 0.5000012500, byte miss ratio 0.5000012500
result/twitter-KV-window2-warm20.oracleGeneral.bin                            Clock cache size   550009, 800000 req, miss ratio 0.5000012500, byte miss ratio 0.5000012500
result/twitter-KV-window2-warm20.oracleGeneral.bin                            Clock cache size  1100019, 800000 req, miss ratio 0.5000012500, byte miss ratio 0.5000012500
result/twitter-KV-window2-warm20.oracleGeneral.bin                            Clock cache size  2200039, 800000 req, miss ratio 0.5000012500, byte miss ratio 0.5000012500
result/twitter-KV-window2-warm20.oracleGeneral.bin                            Clock cache size  4400079, 800000 req, miss ratio 0.5000012500, byte miss ratio 0.5000012500
result/twitter-KV-window2-warm20.oracleGeneral.bin                            Sieve cache size    11000, 800000 req, miss ratio 0.5010462500, byte miss ratio 0.5010462500
result/twitter-KV-window2-warm20.oracleGeneral.bin                            Sieve cache size    55000, 800000 req, miss ratio 0.5002275000, byte miss ratio 0.5002275000
result/twitter-KV-window2-warm20.oracleGeneral.bin                            Sieve cache size   110001, 800000 req, miss ratio 0.5001262500, byte miss ratio 0.5001262500
result/twitter-KV-window2-warm20.oracleGeneral.bin                            Sieve cache size   220003, 800000 req, miss ratio 0.5000537500, byte miss ratio 0.5000537500
result/twitter-KV-window2-warm20.oracleGeneral.bin                            Sieve cache size   550009, 800000 req, miss ratio 0.5000187500, byte miss ratio 0.5000187500
result/twitter-KV-window2-warm20.oracleGeneral.bin                            Sieve cache size  1100019, 800000 req, miss ratio 0.5000162500, byte miss ratio 0.5000162500
result/twitter-KV-window2-warm20.oracleGeneral.bin                            Sieve cache size  2200039, 800000 req, miss ratio 0.5000100000, byte miss ratio 0.5000100000
result/twitter-KV-window2-warm20.oracleGeneral.bin                            Sieve cache size  4400079, 800000 req, miss ratio 0.5000075000, byte miss ratio 0.5000075000
