[32m[INFO]  10-08-2026 23:42:33 cli_parser.c:545  (tid=125123632608512): trace path: /home/zakariarafi/repros/sieve-nsdi24/repro-results/realworld-20261008T233726Z-589911/traces/twitter-KV-window1-warm20.oracleGeneral.bin, trace_type ORACLE_GENERAL_TRACE, ofilepath twitter-KV-window1-warm20.oracleGeneral.bin.cachesim, 4 threads, warmup 200000 sec, total 4 algo x 8 size = 32 caches, fifo, lru, clock, sieve
[0m[32m[INFO]  10-08-2026 23:42:33 simulator.c:294  (tid=125123632608512): simulate_with_multi_caches starts computation, num_warmup_req 0, start cache FIFO size 11KiB, end cache Sieve size 4MiB, 32 caches, 4 threads, please wait
[0m[32m[INFO]  10-08-2026 23:42:34 simulator.c:80   (tid=125119103878912): cache FIFO (size 11006) finishes warm up using with 200000 requests, 55.56 hour trace time
[0m[32m[INFO]  10-08-2026 23:42:34 simulator.c:80   (tid=125119170991872): cache FIFO (size 55033) finishes warm up using with 200000 requests, 55.56 hour trace time
[0m[32m[INFO]  10-08-2026 23:42:34 simulator.c:80   (tid=125119238104832): cache FIFO (size 110066) finishes warm up using with 200000 requests, 55.56 hour trace time
[0m[32m[INFO]  10-08-2026 23:42:34 simulator.c:80   (tid=125119305217792): cache FIFO (size 220133) finishes warm up using with 200000 requests, 55.56 hour trace time
[0m[32m[INFO]  10-08-2026 23:42:34 simulator.c:80   (tid=125119103878912): cache FIFO (size 550334) finishes warm up using with 200000 requests, 55.56 hour trace time
[0m[32m[INFO]  10-08-2026 23:42:34 simulator.c:80   (tid=125119170991872): cache FIFO (size 1100668) finishes warm up using with 200000 requests, 55.56 hour trace time
[0m[32m[INFO]  10-08-2026 23:42:34 simulator.c:80   (tid=125119238104832): cache FIFO (size 2201336) finishes warm up using with 200000 requests, 55.56 hour trace time
[0m[32m[INFO]  10-08-2026 23:42:34 simulator.c:80   (tid=125119305217792): cache FIFO (size 4402672) finishes warm up using with 200000 requests, 55.56 hour trace time
[0m[32m[INFO]  10-08-2026 23:42:35 simulator.c:80   (tid=125119103878912): cache LRU (size 11006) finishes warm up using with 200000 requests, 55.56 hour trace time
[0m[32m[INFO]  10-08-2026 23:42:35 simulator.c:80   (tid=125119238104832): cache LRU (size 110066) finishes warm up using with 200000 requests, 55.56 hour trace time
[0m[32m[INFO]  10-08-2026 23:42:35 simulator.c:80   (tid=125119170991872): cache LRU (size 55033) finishes warm up using with 200000 requests, 55.56 hour trace time
[0m[32m[INFO]  10-08-2026 23:42:35 simulator.c:80   (tid=125119305217792): cache LRU (size 220133) finishes warm up using with 200000 requests, 55.56 hour trace time
[0m[32m[INFO]  10-08-2026 23:42:36 simulator.c:80   (tid=125119103878912): cache LRU (size 550334) finishes warm up using with 200000 requests, 55.56 hour trace time
[0m[32m[INFO]  10-08-2026 23:42:36 simulator.c:80   (tid=125119238104832): cache LRU (size 2201336) finishes warm up using with 200000 requests, 55.56 hour trace time
[0m[32m[INFO]  10-08-2026 23:42:36 simulator.c:80   (tid=125119170991872): cache LRU (size 1100668) finishes warm up using with 200000 requests, 55.56 hour trace time
[0m[32m[INFO]  10-08-2026 23:42:36 simulator.c:80   (tid=125119305217792): cache LRU (size 4402672) finishes warm up using with 200000 requests, 55.56 hour trace time
[0m[32m[INFO]  10-08-2026 23:42:36 simulator.c:80   (tid=125119103878912): cache Clock (size 11006) finishes warm up using with 200000 requests, 55.56 hour trace time
[0m[32m[INFO]  10-08-2026 23:42:36 simulator.c:80   (tid=125119238104832): cache Clock (size 110066) finishes warm up using with 200000 requests, 55.56 hour trace time
[0m[32m[INFO]  10-08-2026 23:42:36 simulator.c:80   (tid=125119170991872): cache Clock (size 55033) finishes warm up using with 200000 requests, 55.56 hour trace time
[0m[32m[INFO]  10-08-2026 23:42:37 simulator.c:80   (tid=125119305217792): cache Clock (size 220133) finishes warm up using with 200000 requests, 55.56 hour trace time
[0m[32m[INFO]  10-08-2026 23:42:37 simulator.c:80   (tid=125119103878912): cache Clock (size 550334) finishes warm up using with 200000 requests, 55.56 hour trace time
[0m[32m[INFO]  10-08-2026 23:42:37 simulator.c:80   (tid=125119238104832): cache Clock (size 1100668) finishes warm up using with 200000 requests, 55.56 hour trace time
[0m[32m[INFO]  10-08-2026 23:42:37 simulator.c:80   (tid=125119170991872): cache Clock (size 2201336) finishes warm up using with 200000 requests, 55.56 hour trace time
[0m[32m[INFO]  10-08-2026 23:42:37 simulator.c:80   (tid=125119305217792): cache Clock (size 4402672) finishes warm up using with 200000 requests, 55.56 hour trace time
[0m[32m[INFO]  10-08-2026 23:42:38 simulator.c:80   (tid=125119103878912): cache Sieve (size 11006) finishes warm up using with 200000 requests, 55.56 hour trace time
[0m[32m[INFO]  10-08-2026 23:42:38 simulator.c:80   (tid=125119170991872): cache Sieve (size 55033) finishes warm up using with 200000 requests, 55.56 hour trace time
[0m[32m[INFO]  10-08-2026 23:42:38 simulator.c:80   (tid=125119238104832): cache Sieve (size 110066) finishes warm up using with 200000 requests, 55.56 hour trace time
[0m[32m[INFO]  10-08-2026 23:42:38 simulator.c:80   (tid=125119305217792): cache Sieve (size 220133) finishes warm up using with 200000 requests, 55.56 hour trace time
[0m[32m[INFO]  10-08-2026 23:42:38 simulator.c:80   (tid=125119103878912): cache Sieve (size 550334) finishes warm up using with 200000 requests, 55.56 hour trace time
[0m[32m[INFO]  10-08-2026 23:42:39 simulator.c:80   (tid=125119170991872): cache Sieve (size 2201336) finishes warm up using with 200000 requests, 55.56 hour trace time
[0m[32m[INFO]  10-08-2026 23:42:39 simulator.c:80   (tid=125119238104832): cache Sieve (size 1100668) finishes warm up using with 200000 requests, 55.56 hour trace time
[0m[32m[INFO]  10-08-2026 23:42:39 simulator.c:80   (tid=125119305217792): cache Sieve (size 4402672) finishes warm up using with 200000 requests, 55.56 hour trace time
[0m
result/twitter-KV-window1-warm20.oracleGeneral.bin                             FIFO cache size    11006, 800000 req, miss ratio 0.4999937500, byte miss ratio 0.4999937500
result/twitter-KV-window1-warm20.oracleGeneral.bin                             FIFO cache size    55033, 800000 req, miss ratio 0.4999925000, byte miss ratio 0.4999925000
result/twitter-KV-window1-warm20.oracleGeneral.bin                             FIFO cache size   110066, 800000 req, miss ratio 0.4999925000, byte miss ratio 0.4999925000
result/twitter-KV-window1-warm20.oracleGeneral.bin                             FIFO cache size   220133, 800000 req, miss ratio 0.4999925000, byte miss ratio 0.4999925000
result/twitter-KV-window1-warm20.oracleGeneral.bin                             FIFO cache size   550334, 800000 req, miss ratio 0.4999925000, byte miss ratio 0.4999925000
result/twitter-KV-window1-warm20.oracleGeneral.bin                             FIFO cache size  1100668, 800000 req, miss ratio 0.4999925000, byte miss ratio 0.4999925000
result/twitter-KV-window1-warm20.oracleGeneral.bin                             FIFO cache size  2201336, 800000 req, miss ratio 0.4999925000, byte miss ratio 0.4999925000
result/twitter-KV-window1-warm20.oracleGeneral.bin                             FIFO cache size  4402672, 800000 req, miss ratio 0.4999925000, byte miss ratio 0.4999925000
result/twitter-KV-window1-warm20.oracleGeneral.bin                              LRU cache size    11006, 800000 req, miss ratio 0.4999937500, byte miss ratio 0.4999937500
result/twitter-KV-window1-warm20.oracleGeneral.bin                              LRU cache size    55033, 800000 req, miss ratio 0.4999925000, byte miss ratio 0.4999925000
result/twitter-KV-window1-warm20.oracleGeneral.bin                              LRU cache size   110066, 800000 req, miss ratio 0.4999925000, byte miss ratio 0.4999925000
result/twitter-KV-window1-warm20.oracleGeneral.bin                              LRU cache size   220133, 800000 req, miss ratio 0.4999925000, byte miss ratio 0.4999925000
result/twitter-KV-window1-warm20.oracleGeneral.bin                              LRU cache size   550334, 800000 req, miss ratio 0.4999925000, byte miss ratio 0.4999925000
result/twitter-KV-window1-warm20.oracleGeneral.bin                              LRU cache size  1100668, 800000 req, miss ratio 0.4999925000, byte miss ratio 0.4999925000
result/twitter-KV-window1-warm20.oracleGeneral.bin                              LRU cache size  2201336, 800000 req, miss ratio 0.4999925000, byte miss ratio 0.4999925000
result/twitter-KV-window1-warm20.oracleGeneral.bin                              LRU cache size  4402672, 800000 req, miss ratio 0.4999925000, byte miss ratio 0.4999925000
result/twitter-KV-window1-warm20.oracleGeneral.bin                            Clock cache size    11006, 800000 req, miss ratio 0.4999937500, byte miss ratio 0.4999937500
result/twitter-KV-window1-warm20.oracleGeneral.bin                            Clock cache size    55033, 800000 req, miss ratio 0.4999925000, byte miss ratio 0.4999925000
result/twitter-KV-window1-warm20.oracleGeneral.bin                            Clock cache size   110066, 800000 req, miss ratio 0.4999925000, byte miss ratio 0.4999925000
result/twitter-KV-window1-warm20.oracleGeneral.bin                            Clock cache size   220133, 800000 req, miss ratio 0.4999925000, byte miss ratio 0.4999925000
result/twitter-KV-window1-warm20.oracleGeneral.bin                            Clock cache size   550334, 800000 req, miss ratio 0.4999925000, byte miss ratio 0.4999925000
result/twitter-KV-window1-warm20.oracleGeneral.bin                            Clock cache size  1100668, 800000 req, miss ratio 0.4999925000, byte miss ratio 0.4999925000
result/twitter-KV-window1-warm20.oracleGeneral.bin                            Clock cache size  2201336, 800000 req, miss ratio 0.4999925000, byte miss ratio 0.4999925000
result/twitter-KV-window1-warm20.oracleGeneral.bin                            Clock cache size  4402672, 800000 req, miss ratio 0.4999925000, byte miss ratio 0.4999925000
result/twitter-KV-window1-warm20.oracleGeneral.bin                            Sieve cache size    11006, 800000 req, miss ratio 0.5020612500, byte miss ratio 0.5020612500
result/twitter-KV-window1-warm20.oracleGeneral.bin                            Sieve cache size    55033, 800000 req, miss ratio 0.5004637500, byte miss ratio 0.5004637500
result/twitter-KV-window1-warm20.oracleGeneral.bin                            Sieve cache size   110066, 800000 req, miss ratio 0.5001537500, byte miss ratio 0.5001537500
result/twitter-KV-window1-warm20.oracleGeneral.bin                            Sieve cache size   220133, 800000 req, miss ratio 0.5000662500, byte miss ratio 0.5000662500
result/twitter-KV-window1-warm20.oracleGeneral.bin                            Sieve cache size   550334, 800000 req, miss ratio 0.5000462500, byte miss ratio 0.5000462500
result/twitter-KV-window1-warm20.oracleGeneral.bin                            Sieve cache size  1100668, 800000 req, miss ratio 0.5000087500, byte miss ratio 0.5000087500
result/twitter-KV-window1-warm20.oracleGeneral.bin                            Sieve cache size  2201336, 800000 req, miss ratio 0.4999975000, byte miss ratio 0.4999975000
result/twitter-KV-window1-warm20.oracleGeneral.bin                            Sieve cache size  4402672, 800000 req, miss ratio 0.4999937500, byte miss ratio 0.4999937500
