[32m[INFO]  10-08-2026 23:40:05 cli_parser.c:545  (tid=128584663299328): trace path: /home/zakariarafi/repros/sieve-nsdi24/repro-results/realworld-20261008T233726Z-589911/traces/wiki-CDN-window3-cold.oracleGeneral.bin, trace_type ORACLE_GENERAL_TRACE, ofilepath wiki-CDN-window3-cold.oracleGeneral.bin.cachesim, 4 threads, warmup 0 sec, total 4 algo x 8 size = 32 caches, fifo, lru, clock, sieve, ignore object size
[0m[32m[INFO]  10-08-2026 23:40:05 simulator.c:294  (tid=128584663299328): simulate_with_multi_caches starts computation, num_warmup_req 0, start cache FIFO size 520, end cache Sieve size 203KiB, 32 caches, 4 threads, please wait
[0m
result/wiki-CDN-window3-cold.oracleGeneral.bin                             FIFO cache size      520, 800000 req, miss ratio 0.9612100000, byte miss ratio 0.9612100000
result/wiki-CDN-window3-cold.oracleGeneral.bin                             FIFO cache size     2603, 800000 req, miss ratio 0.9274487500, byte miss ratio 0.9274487500
result/wiki-CDN-window3-cold.oracleGeneral.bin                             FIFO cache size     5206, 800000 req, miss ratio 0.9015187500, byte miss ratio 0.9015187500
result/wiki-CDN-window3-cold.oracleGeneral.bin                             FIFO cache size    10412, 800000 req, miss ratio 0.8664912500, byte miss ratio 0.8664912500
result/wiki-CDN-window3-cold.oracleGeneral.bin                             FIFO cache size    26030, 800000 req, miss ratio 0.8049962500, byte miss ratio 0.8049962500
result/wiki-CDN-window3-cold.oracleGeneral.bin                             FIFO cache size    52060, 800000 req, miss ratio 0.7468987500, byte miss ratio 0.7468987500
result/wiki-CDN-window3-cold.oracleGeneral.bin                             FIFO cache size   104120, 800000 req, miss ratio 0.6782012500, byte miss ratio 0.6782012500
result/wiki-CDN-window3-cold.oracleGeneral.bin                             FIFO cache size   208240, 800000 req, miss ratio 0.6076312500, byte miss ratio 0.6076312500
result/wiki-CDN-window3-cold.oracleGeneral.bin                              LRU cache size      520, 800000 req, miss ratio 0.9573562500, byte miss ratio 0.9573562500
result/wiki-CDN-window3-cold.oracleGeneral.bin                              LRU cache size     2603, 800000 req, miss ratio 0.9213787500, byte miss ratio 0.9213787500
result/wiki-CDN-window3-cold.oracleGeneral.bin                              LRU cache size     5206, 800000 req, miss ratio 0.8926625000, byte miss ratio 0.8926625000
result/wiki-CDN-window3-cold.oracleGeneral.bin                              LRU cache size    10412, 800000 req, miss ratio 0.8536062500, byte miss ratio 0.8536062500
result/wiki-CDN-window3-cold.oracleGeneral.bin                              LRU cache size    26030, 800000 req, miss ratio 0.7857925000, byte miss ratio 0.7857925000
result/wiki-CDN-window3-cold.oracleGeneral.bin                              LRU cache size    52060, 800000 req, miss ratio 0.7214587500, byte miss ratio 0.7214587500
result/wiki-CDN-window3-cold.oracleGeneral.bin                              LRU cache size   104120, 800000 req, miss ratio 0.6472550000, byte miss ratio 0.6472550000
result/wiki-CDN-window3-cold.oracleGeneral.bin                              LRU cache size   208240, 800000 req, miss ratio 0.5799637500, byte miss ratio 0.5799637500
result/wiki-CDN-window3-cold.oracleGeneral.bin                            Clock cache size      520, 800000 req, miss ratio 0.9558625000, byte miss ratio 0.9558625000
result/wiki-CDN-window3-cold.oracleGeneral.bin                            Clock cache size     2603, 800000 req, miss ratio 0.9185512500, byte miss ratio 0.9185512500
result/wiki-CDN-window3-cold.oracleGeneral.bin                            Clock cache size     5206, 800000 req, miss ratio 0.8885775000, byte miss ratio 0.8885775000
result/wiki-CDN-window3-cold.oracleGeneral.bin                            Clock cache size    10412, 800000 req, miss ratio 0.8480312500, byte miss ratio 0.8480312500
result/wiki-CDN-window3-cold.oracleGeneral.bin                            Clock cache size    26030, 800000 req, miss ratio 0.7780037500, byte miss ratio 0.7780037500
result/wiki-CDN-window3-cold.oracleGeneral.bin                            Clock cache size    52060, 800000 req, miss ratio 0.7125750000, byte miss ratio 0.7125750000
result/wiki-CDN-window3-cold.oracleGeneral.bin                            Clock cache size   104120, 800000 req, miss ratio 0.6385862500, byte miss ratio 0.6385862500
result/wiki-CDN-window3-cold.oracleGeneral.bin                            Clock cache size   208240, 800000 req, miss ratio 0.5748862500, byte miss ratio 0.5748862500
result/wiki-CDN-window3-cold.oracleGeneral.bin                            Sieve cache size      520, 800000 req, miss ratio 0.9365912500, byte miss ratio 0.9365912500
result/wiki-CDN-window3-cold.oracleGeneral.bin                            Sieve cache size     2603, 800000 req, miss ratio 0.8870150000, byte miss ratio 0.8870150000
result/wiki-CDN-window3-cold.oracleGeneral.bin                            Sieve cache size     5206, 800000 req, miss ratio 0.8568737500, byte miss ratio 0.8568737500
result/wiki-CDN-window3-cold.oracleGeneral.bin                            Sieve cache size    10412, 800000 req, miss ratio 0.8154350000, byte miss ratio 0.8154350000
result/wiki-CDN-window3-cold.oracleGeneral.bin                            Sieve cache size    26030, 800000 req, miss ratio 0.7477962500, byte miss ratio 0.7477962500
result/wiki-CDN-window3-cold.oracleGeneral.bin                            Sieve cache size    52060, 800000 req, miss ratio 0.6847850000, byte miss ratio 0.6847850000
result/wiki-CDN-window3-cold.oracleGeneral.bin                            Sieve cache size   104120, 800000 req, miss ratio 0.6224262500, byte miss ratio 0.6224262500
result/wiki-CDN-window3-cold.oracleGeneral.bin                            Sieve cache size   208240, 800000 req, miss ratio 0.5726137500, byte miss ratio 0.5726137500
