[32m[INFO]  10-08-2026 23:43:48 cli_parser.c:545  (tid=128018184770816): trace path: /home/zakariarafi/repros/sieve-nsdi24/repro-results/realworld-20261008T233726Z-589911/traces/twitter-KV-window3-warm20.oracleGeneral.bin, trace_type ORACLE_GENERAL_TRACE, ofilepath twitter-KV-window3-warm20.oracleGeneral.bin.cachesim, 4 threads, warmup 200000 sec, total 4 algo x 8 size = 32 caches, fifo, lru, clock, sieve, ignore object size
[0m[32m[INFO]  10-08-2026 23:43:48 simulator.c:294  (tid=128018184770816): simulate_with_multi_caches starts computation, num_warmup_req 0, start cache FIFO size 500, end cache Sieve size 195KiB, 32 caches, 4 threads, please wait
[0m[32m[INFO]  10-08-2026 23:43:48 simulator.c:80   (tid=128013857322752): cache FIFO (size 10000) finishes warm up using with 200000 requests, 55.56 hour trace time
[0m[32m[INFO]  10-08-2026 23:43:48 simulator.c:80   (tid=128013723096832): cache FIFO (size 5000) finishes warm up using with 200000 requests, 55.56 hour trace time
[0m[32m[INFO]  10-08-2026 23:43:48 simulator.c:80   (tid=128013790209792): cache FIFO (size 2500) finishes warm up using with 200000 requests, 55.56 hour trace time
[0m[32m[INFO]  10-08-2026 23:43:48 simulator.c:80   (tid=128013655983872): cache FIFO (size 500) finishes warm up using with 200000 requests, 55.56 hour trace time
[0m[32m[INFO]  10-08-2026 23:43:49 simulator.c:80   (tid=128013857322752): cache FIFO (size 100009) finishes warm up using with 200000 requests, 55.56 hour trace time
[0m[32m[INFO]  10-08-2026 23:43:49 simulator.c:80   (tid=128013655983872): cache FIFO (size 25002) finishes warm up using with 200000 requests, 55.56 hour trace time
[0m[32m[INFO]  10-08-2026 23:43:49 simulator.c:80   (tid=128013723096832): cache FIFO (size 200019) finishes warm up using with 200000 requests, 55.56 hour trace time
[0m[32m[INFO]  10-08-2026 23:43:49 simulator.c:80   (tid=128013790209792): cache FIFO (size 50004) finishes warm up using with 200000 requests, 55.56 hour trace time
[0m[32m[INFO]  10-08-2026 23:43:49 simulator.c:80   (tid=128013655983872): cache LRU (size 500) finishes warm up using with 200000 requests, 55.56 hour trace time
[0m[32m[INFO]  10-08-2026 23:43:50 simulator.c:80   (tid=128013790209792): cache LRU (size 2500) finishes warm up using with 200000 requests, 55.56 hour trace time
[0m[32m[INFO]  10-08-2026 23:43:50 simulator.c:80   (tid=128013857322752): cache LRU (size 5000) finishes warm up using with 200000 requests, 55.56 hour trace time
[0m[32m[INFO]  10-08-2026 23:43:50 simulator.c:80   (tid=128013723096832): cache LRU (size 10000) finishes warm up using with 200000 requests, 55.56 hour trace time
[0m[32m[INFO]  10-08-2026 23:43:50 simulator.c:80   (tid=128013655983872): cache LRU (size 25002) finishes warm up using with 200000 requests, 55.56 hour trace time
[0m[32m[INFO]  10-08-2026 23:43:50 simulator.c:80   (tid=128013790209792): cache LRU (size 50004) finishes warm up using with 200000 requests, 55.56 hour trace time
[0m[32m[INFO]  10-08-2026 23:43:50 simulator.c:80   (tid=128013857322752): cache LRU (size 100009) finishes warm up using with 200000 requests, 55.56 hour trace time
[0m[32m[INFO]  10-08-2026 23:43:50 simulator.c:80   (tid=128013723096832): cache LRU (size 200019) finishes warm up using with 200000 requests, 55.56 hour trace time
[0m[32m[INFO]  10-08-2026 23:43:51 simulator.c:80   (tid=128013655983872): cache Clock (size 500) finishes warm up using with 200000 requests, 55.56 hour trace time
[0m[32m[INFO]  10-08-2026 23:43:51 simulator.c:80   (tid=128013790209792): cache Clock (size 2500) finishes warm up using with 200000 requests, 55.56 hour trace time
[0m[32m[INFO]  10-08-2026 23:43:51 simulator.c:80   (tid=128013857322752): cache Clock (size 5000) finishes warm up using with 200000 requests, 55.56 hour trace time
[0m[32m[INFO]  10-08-2026 23:43:51 simulator.c:80   (tid=128013723096832): cache Clock (size 10000) finishes warm up using with 200000 requests, 55.56 hour trace time
[0m[32m[INFO]  10-08-2026 23:43:51 simulator.c:80   (tid=128013655983872): cache Clock (size 25002) finishes warm up using with 200000 requests, 55.56 hour trace time
[0m[32m[INFO]  10-08-2026 23:43:51 simulator.c:80   (tid=128013790209792): cache Clock (size 50004) finishes warm up using with 200000 requests, 55.56 hour trace time
[0m[32m[INFO]  10-08-2026 23:43:51 simulator.c:80   (tid=128013857322752): cache Clock (size 100009) finishes warm up using with 200000 requests, 55.56 hour trace time
[0m[32m[INFO]  10-08-2026 23:43:51 simulator.c:80   (tid=128013723096832): cache Clock (size 200019) finishes warm up using with 200000 requests, 55.56 hour trace time
[0m[32m[INFO]  10-08-2026 23:43:52 simulator.c:80   (tid=128013655983872): cache Sieve (size 500) finishes warm up using with 200000 requests, 55.56 hour trace time
[0m[32m[INFO]  10-08-2026 23:43:52 simulator.c:80   (tid=128013790209792): cache Sieve (size 2500) finishes warm up using with 200000 requests, 55.56 hour trace time
[0m[32m[INFO]  10-08-2026 23:43:52 simulator.c:80   (tid=128013857322752): cache Sieve (size 5000) finishes warm up using with 200000 requests, 55.56 hour trace time
[0m[32m[INFO]  10-08-2026 23:43:52 simulator.c:80   (tid=128013723096832): cache Sieve (size 10000) finishes warm up using with 200000 requests, 55.56 hour trace time
[0m[32m[INFO]  10-08-2026 23:43:53 simulator.c:80   (tid=128013655983872): cache Sieve (size 25002) finishes warm up using with 200000 requests, 55.56 hour trace time
[0m[32m[INFO]  10-08-2026 23:43:53 simulator.c:80   (tid=128013790209792): cache Sieve (size 50004) finishes warm up using with 200000 requests, 55.56 hour trace time
[0m[32m[INFO]  10-08-2026 23:43:53 simulator.c:80   (tid=128013857322752): cache Sieve (size 100009) finishes warm up using with 200000 requests, 55.56 hour trace time
[0m[32m[INFO]  10-08-2026 23:43:53 simulator.c:80   (tid=128013723096832): cache Sieve (size 200019) finishes warm up using with 200000 requests, 55.56 hour trace time
[0m
result/twitter-KV-window3-warm20.oracleGeneral.bin                             FIFO cache size      500, 800000 req, miss ratio 0.5000400000, byte miss ratio 0.5000400000
result/twitter-KV-window3-warm20.oracleGeneral.bin                             FIFO cache size     2500, 800000 req, miss ratio 0.5000400000, byte miss ratio 0.5000400000
result/twitter-KV-window3-warm20.oracleGeneral.bin                             FIFO cache size     5000, 800000 req, miss ratio 0.5000400000, byte miss ratio 0.5000400000
result/twitter-KV-window3-warm20.oracleGeneral.bin                             FIFO cache size    10000, 800000 req, miss ratio 0.5000400000, byte miss ratio 0.5000400000
result/twitter-KV-window3-warm20.oracleGeneral.bin                             FIFO cache size    25002, 800000 req, miss ratio 0.5000400000, byte miss ratio 0.5000400000
result/twitter-KV-window3-warm20.oracleGeneral.bin                             FIFO cache size    50004, 800000 req, miss ratio 0.5000400000, byte miss ratio 0.5000400000
result/twitter-KV-window3-warm20.oracleGeneral.bin                             FIFO cache size   100009, 800000 req, miss ratio 0.5000400000, byte miss ratio 0.5000400000
result/twitter-KV-window3-warm20.oracleGeneral.bin                             FIFO cache size   200019, 800000 req, miss ratio 0.5000400000, byte miss ratio 0.5000400000
result/twitter-KV-window3-warm20.oracleGeneral.bin                              LRU cache size      500, 800000 req, miss ratio 0.5000400000, byte miss ratio 0.5000400000
result/twitter-KV-window3-warm20.oracleGeneral.bin                              LRU cache size     2500, 800000 req, miss ratio 0.5000400000, byte miss ratio 0.5000400000
result/twitter-KV-window3-warm20.oracleGeneral.bin                              LRU cache size     5000, 800000 req, miss ratio 0.5000400000, byte miss ratio 0.5000400000
result/twitter-KV-window3-warm20.oracleGeneral.bin                              LRU cache size    10000, 800000 req, miss ratio 0.5000400000, byte miss ratio 0.5000400000
result/twitter-KV-window3-warm20.oracleGeneral.bin                              LRU cache size    25002, 800000 req, miss ratio 0.5000400000, byte miss ratio 0.5000400000
result/twitter-KV-window3-warm20.oracleGeneral.bin                              LRU cache size    50004, 800000 req, miss ratio 0.5000400000, byte miss ratio 0.5000400000
result/twitter-KV-window3-warm20.oracleGeneral.bin                              LRU cache size   100009, 800000 req, miss ratio 0.5000400000, byte miss ratio 0.5000400000
result/twitter-KV-window3-warm20.oracleGeneral.bin                              LRU cache size   200019, 800000 req, miss ratio 0.5000400000, byte miss ratio 0.5000400000
result/twitter-KV-window3-warm20.oracleGeneral.bin                            Clock cache size      500, 800000 req, miss ratio 0.5000400000, byte miss ratio 0.5000400000
result/twitter-KV-window3-warm20.oracleGeneral.bin                            Clock cache size     2500, 800000 req, miss ratio 0.5000400000, byte miss ratio 0.5000400000
result/twitter-KV-window3-warm20.oracleGeneral.bin                            Clock cache size     5000, 800000 req, miss ratio 0.5000400000, byte miss ratio 0.5000400000
result/twitter-KV-window3-warm20.oracleGeneral.bin                            Clock cache size    10000, 800000 req, miss ratio 0.5000400000, byte miss ratio 0.5000400000
result/twitter-KV-window3-warm20.oracleGeneral.bin                            Clock cache size    25002, 800000 req, miss ratio 0.5000400000, byte miss ratio 0.5000400000
result/twitter-KV-window3-warm20.oracleGeneral.bin                            Clock cache size    50004, 800000 req, miss ratio 0.5000400000, byte miss ratio 0.5000400000
result/twitter-KV-window3-warm20.oracleGeneral.bin                            Clock cache size   100009, 800000 req, miss ratio 0.5000400000, byte miss ratio 0.5000400000
result/twitter-KV-window3-warm20.oracleGeneral.bin                            Clock cache size   200019, 800000 req, miss ratio 0.5000400000, byte miss ratio 0.5000400000
result/twitter-KV-window3-warm20.oracleGeneral.bin                            Sieve cache size      500, 800000 req, miss ratio 0.5009187500, byte miss ratio 0.5009187500
result/twitter-KV-window3-warm20.oracleGeneral.bin                            Sieve cache size     2500, 800000 req, miss ratio 0.5001875000, byte miss ratio 0.5001875000
result/twitter-KV-window3-warm20.oracleGeneral.bin                            Sieve cache size     5000, 800000 req, miss ratio 0.5001150000, byte miss ratio 0.5001150000
result/twitter-KV-window3-warm20.oracleGeneral.bin                            Sieve cache size    10000, 800000 req, miss ratio 0.5000825000, byte miss ratio 0.5000825000
result/twitter-KV-window3-warm20.oracleGeneral.bin                            Sieve cache size    25002, 800000 req, miss ratio 0.5000600000, byte miss ratio 0.5000600000
result/twitter-KV-window3-warm20.oracleGeneral.bin                            Sieve cache size    50004, 800000 req, miss ratio 0.5000475000, byte miss ratio 0.5000475000
result/twitter-KV-window3-warm20.oracleGeneral.bin                            Sieve cache size   100009, 800000 req, miss ratio 0.5000450000, byte miss ratio 0.5000450000
result/twitter-KV-window3-warm20.oracleGeneral.bin                            Sieve cache size   200019, 800000 req, miss ratio 0.5000425000, byte miss ratio 0.5000425000
