[32m[INFO]  10-08-2026 23:45:07 cli_parser.c:545  (tid=133086300607744): trace path: /home/zakariarafi/repros/sieve-nsdi24/repro-results/realworld-20261008T233726Z-589911/traces/meta-CDN-window1-warm20.oracleGeneral.bin, trace_type ORACLE_GENERAL_TRACE, ofilepath meta-CDN-window1-warm20.oracleGeneral.bin.cachesim, 4 threads, warmup 200000 sec, total 4 algo x 8 size = 32 caches, fifo, lru, clock, sieve, ignore object size
[0m[32m[INFO]  10-08-2026 23:45:07 simulator.c:294  (tid=133086300607744): simulate_with_multi_caches starts computation, num_warmup_req 0, start cache FIFO size 381, end cache Sieve size 149KiB, 32 caches, 4 threads, please wait
[0m[32m[INFO]  10-08-2026 23:45:07 simulator.c:80   (tid=133081836934912): cache FIFO (size 1907) finishes warm up using with 200000 requests, 55.56 hour trace time
[0m[32m[INFO]  10-08-2026 23:45:07 simulator.c:80   (tid=133081904047872): cache FIFO (size 7628) finishes warm up using with 200000 requests, 55.56 hour trace time
[0m[32m[INFO]  10-08-2026 23:45:07 simulator.c:80   (tid=133081769821952): cache FIFO (size 381) finishes warm up using with 200000 requests, 55.56 hour trace time
[0m[32m[INFO]  10-08-2026 23:45:07 simulator.c:80   (tid=133081971160832): cache FIFO (size 3814) finishes warm up using with 200000 requests, 55.56 hour trace time
[0m[32m[INFO]  10-08-2026 23:45:08 simulator.c:80   (tid=133081904047872): cache FIFO (size 19071) finishes warm up using with 200000 requests, 55.56 hour trace time
[0m[32m[INFO]  10-08-2026 23:45:08 simulator.c:80   (tid=133081836934912): cache FIFO (size 152572) finishes warm up using with 200000 requests, 55.56 hour trace time
[0m[32m[INFO]  10-08-2026 23:45:08 simulator.c:80   (tid=133081769821952): cache FIFO (size 38143) finishes warm up using with 200000 requests, 55.56 hour trace time
[0m[32m[INFO]  10-08-2026 23:45:08 simulator.c:80   (tid=133081971160832): cache FIFO (size 76286) finishes warm up using with 200000 requests, 55.56 hour trace time
[0m[32m[INFO]  10-08-2026 23:45:08 simulator.c:80   (tid=133081904047872): cache LRU (size 381) finishes warm up using with 200000 requests, 55.56 hour trace time
[0m[32m[INFO]  10-08-2026 23:45:09 simulator.c:80   (tid=133081836934912): cache LRU (size 1907) finishes warm up using with 200000 requests, 55.56 hour trace time
[0m[32m[INFO]  10-08-2026 23:45:09 simulator.c:80   (tid=133081769821952): cache LRU (size 3814) finishes warm up using with 200000 requests, 55.56 hour trace time
[0m[32m[INFO]  10-08-2026 23:45:09 simulator.c:80   (tid=133081971160832): cache LRU (size 7628) finishes warm up using with 200000 requests, 55.56 hour trace time
[0m[32m[INFO]  10-08-2026 23:45:09 simulator.c:80   (tid=133081904047872): cache LRU (size 19071) finishes warm up using with 200000 requests, 55.56 hour trace time
[0m[32m[INFO]  10-08-2026 23:45:09 simulator.c:80   (tid=133081836934912): cache LRU (size 38143) finishes warm up using with 200000 requests, 55.56 hour trace time
[0m[32m[INFO]  10-08-2026 23:45:09 simulator.c:80   (tid=133081971160832): cache LRU (size 76286) finishes warm up using with 200000 requests, 55.56 hour trace time
[0m[32m[INFO]  10-08-2026 23:45:09 simulator.c:80   (tid=133081769821952): cache LRU (size 152572) finishes warm up using with 200000 requests, 55.56 hour trace time
[0m[32m[INFO]  10-08-2026 23:45:10 simulator.c:80   (tid=133081904047872): cache Clock (size 381) finishes warm up using with 200000 requests, 55.56 hour trace time
[0m[32m[INFO]  10-08-2026 23:45:10 simulator.c:80   (tid=133081836934912): cache Clock (size 1907) finishes warm up using with 200000 requests, 55.56 hour trace time
[0m[32m[INFO]  10-08-2026 23:45:10 simulator.c:80   (tid=133081971160832): cache Clock (size 3814) finishes warm up using with 200000 requests, 55.56 hour trace time
[0m[32m[INFO]  10-08-2026 23:45:10 simulator.c:80   (tid=133081769821952): cache Clock (size 7628) finishes warm up using with 200000 requests, 55.56 hour trace time
[0m[32m[INFO]  10-08-2026 23:45:10 simulator.c:80   (tid=133081904047872): cache Clock (size 19071) finishes warm up using with 200000 requests, 55.56 hour trace time
[0m[32m[INFO]  10-08-2026 23:45:11 simulator.c:80   (tid=133081836934912): cache Clock (size 38143) finishes warm up using with 200000 requests, 55.56 hour trace time
[0m[32m[INFO]  10-08-2026 23:45:11 simulator.c:80   (tid=133081971160832): cache Clock (size 152572) finishes warm up using with 200000 requests, 55.56 hour trace time
[0m[32m[INFO]  10-08-2026 23:45:11 simulator.c:80   (tid=133081769821952): cache Clock (size 76286) finishes warm up using with 200000 requests, 55.56 hour trace time
[0m[32m[INFO]  10-08-2026 23:45:11 simulator.c:80   (tid=133081904047872): cache Sieve (size 381) finishes warm up using with 200000 requests, 55.56 hour trace time
[0m[32m[INFO]  10-08-2026 23:45:11 simulator.c:80   (tid=133081971160832): cache Sieve (size 1907) finishes warm up using with 200000 requests, 55.56 hour trace time
[0m[32m[INFO]  10-08-2026 23:45:11 simulator.c:80   (tid=133081836934912): cache Sieve (size 3814) finishes warm up using with 200000 requests, 55.56 hour trace time
[0m[32m[INFO]  10-08-2026 23:45:12 simulator.c:80   (tid=133081769821952): cache Sieve (size 19071) finishes warm up using with 200000 requests, 55.56 hour trace time
[0m[32m[INFO]  10-08-2026 23:45:12 simulator.c:80   (tid=133081904047872): cache Sieve (size 7628) finishes warm up using with 200000 requests, 55.56 hour trace time
[0m[32m[INFO]  10-08-2026 23:45:12 simulator.c:80   (tid=133081971160832): cache Sieve (size 38143) finishes warm up using with 200000 requests, 55.56 hour trace time
[0m[32m[INFO]  10-08-2026 23:45:12 simulator.c:80   (tid=133081769821952): cache Sieve (size 76286) finishes warm up using with 200000 requests, 55.56 hour trace time
[0m[32m[INFO]  10-08-2026 23:45:12 simulator.c:80   (tid=133081836934912): cache Sieve (size 152572) finishes warm up using with 200000 requests, 55.56 hour trace time
[0m
result/meta-CDN-window1-warm20.oracleGeneral.bin                             FIFO cache size      381, 800000 req, miss ratio 0.5133975000, byte miss ratio 0.5133975000
result/meta-CDN-window1-warm20.oracleGeneral.bin                             FIFO cache size     1907, 800000 req, miss ratio 0.4812362500, byte miss ratio 0.4812362500
result/meta-CDN-window1-warm20.oracleGeneral.bin                             FIFO cache size     3814, 800000 req, miss ratio 0.4676937500, byte miss ratio 0.4676937500
result/meta-CDN-window1-warm20.oracleGeneral.bin                             FIFO cache size     7628, 800000 req, miss ratio 0.4534537500, byte miss ratio 0.4534537500
result/meta-CDN-window1-warm20.oracleGeneral.bin                             FIFO cache size    19071, 800000 req, miss ratio 0.4331337500, byte miss ratio 0.4331337500
result/meta-CDN-window1-warm20.oracleGeneral.bin                             FIFO cache size    38143, 800000 req, miss ratio 0.4166475000, byte miss ratio 0.4166475000
result/meta-CDN-window1-warm20.oracleGeneral.bin                             FIFO cache size    76286, 800000 req, miss ratio 0.4016162500, byte miss ratio 0.4016162500
result/meta-CDN-window1-warm20.oracleGeneral.bin                             FIFO cache size   152572, 800000 req, miss ratio 0.3853250000, byte miss ratio 0.3853250000
result/meta-CDN-window1-warm20.oracleGeneral.bin                              LRU cache size      381, 800000 req, miss ratio 0.5034900000, byte miss ratio 0.5034900000
result/meta-CDN-window1-warm20.oracleGeneral.bin                              LRU cache size     1907, 800000 req, miss ratio 0.4745487500, byte miss ratio 0.4745487500
result/meta-CDN-window1-warm20.oracleGeneral.bin                              LRU cache size     3814, 800000 req, miss ratio 0.4611625000, byte miss ratio 0.4611625000
result/meta-CDN-window1-warm20.oracleGeneral.bin                              LRU cache size     7628, 800000 req, miss ratio 0.4462900000, byte miss ratio 0.4462900000
result/meta-CDN-window1-warm20.oracleGeneral.bin                              LRU cache size    19071, 800000 req, miss ratio 0.4241687500, byte miss ratio 0.4241687500
result/meta-CDN-window1-warm20.oracleGeneral.bin                              LRU cache size    38143, 800000 req, miss ratio 0.4082087500, byte miss ratio 0.4082087500
result/meta-CDN-window1-warm20.oracleGeneral.bin                              LRU cache size    76286, 800000 req, miss ratio 0.3934925000, byte miss ratio 0.3934925000
result/meta-CDN-window1-warm20.oracleGeneral.bin                              LRU cache size   152572, 800000 req, miss ratio 0.3791062500, byte miss ratio 0.3791062500
result/meta-CDN-window1-warm20.oracleGeneral.bin                            Clock cache size      381, 800000 req, miss ratio 0.5021987500, byte miss ratio 0.5021987500
result/meta-CDN-window1-warm20.oracleGeneral.bin                            Clock cache size     1907, 800000 req, miss ratio 0.4736337500, byte miss ratio 0.4736337500
result/meta-CDN-window1-warm20.oracleGeneral.bin                            Clock cache size     3814, 800000 req, miss ratio 0.4600550000, byte miss ratio 0.4600550000
result/meta-CDN-window1-warm20.oracleGeneral.bin                            Clock cache size     7628, 800000 req, miss ratio 0.4447837500, byte miss ratio 0.4447837500
result/meta-CDN-window1-warm20.oracleGeneral.bin                            Clock cache size    19071, 800000 req, miss ratio 0.4227687500, byte miss ratio 0.4227687500
result/meta-CDN-window1-warm20.oracleGeneral.bin                            Clock cache size    38143, 800000 req, miss ratio 0.4069525000, byte miss ratio 0.4069525000
result/meta-CDN-window1-warm20.oracleGeneral.bin                            Clock cache size    76286, 800000 req, miss ratio 0.3926062500, byte miss ratio 0.3926062500
result/meta-CDN-window1-warm20.oracleGeneral.bin                            Clock cache size   152572, 800000 req, miss ratio 0.3788950000, byte miss ratio 0.3788950000
result/meta-CDN-window1-warm20.oracleGeneral.bin                            Sieve cache size      381, 800000 req, miss ratio 0.5018487500, byte miss ratio 0.5018487500
result/meta-CDN-window1-warm20.oracleGeneral.bin                            Sieve cache size     1907, 800000 req, miss ratio 0.4684025000, byte miss ratio 0.4684025000
result/meta-CDN-window1-warm20.oracleGeneral.bin                            Sieve cache size     3814, 800000 req, miss ratio 0.4518250000, byte miss ratio 0.4518250000
result/meta-CDN-window1-warm20.oracleGeneral.bin                            Sieve cache size     7628, 800000 req, miss ratio 0.4374387500, byte miss ratio 0.4374387500
result/meta-CDN-window1-warm20.oracleGeneral.bin                            Sieve cache size    19071, 800000 req, miss ratio 0.4184587500, byte miss ratio 0.4184587500
result/meta-CDN-window1-warm20.oracleGeneral.bin                            Sieve cache size    38143, 800000 req, miss ratio 0.4070750000, byte miss ratio 0.4070750000
result/meta-CDN-window1-warm20.oracleGeneral.bin                            Sieve cache size    76286, 800000 req, miss ratio 0.3958987500, byte miss ratio 0.3958987500
result/meta-CDN-window1-warm20.oracleGeneral.bin                            Sieve cache size   152572, 800000 req, miss ratio 0.3785850000, byte miss ratio 0.3785850000
