[32m[INFO]  10-08-2026 23:40:13 cli_parser.c:545  (tid=127710283035904): trace path: /home/zakariarafi/repros/sieve-nsdi24/repro-results/realworld-20261008T233726Z-589911/traces/wiki-CDN-window3-warm10.oracleGeneral.bin, trace_type ORACLE_GENERAL_TRACE, ofilepath wiki-CDN-window3-warm10.oracleGeneral.bin.cachesim, 4 threads, warmup 100000 sec, total 4 algo x 8 size = 32 caches, fifo, lru, clock, sieve, ignore object size
[0m[32m[INFO]  10-08-2026 23:40:13 simulator.c:294  (tid=127710283035904): simulate_with_multi_caches starts computation, num_warmup_req 0, start cache FIFO size 520, end cache Sieve size 203KiB, 32 caches, 4 threads, please wait
[0m[32m[INFO]  10-08-2026 23:40:14 simulator.c:80   (tid=127705756321536): cache FIFO (size 520) finishes warm up using with 100000 requests, 27.78 hour trace time
[0m[32m[INFO]  10-08-2026 23:40:14 simulator.c:80   (tid=127705823434496): cache FIFO (size 5206) finishes warm up using with 100000 requests, 27.78 hour trace time
[0m[32m[INFO]  10-08-2026 23:40:14 simulator.c:80   (tid=127705957660416): cache FIFO (size 10412) finishes warm up using with 100000 requests, 27.78 hour trace time
[0m[32m[INFO]  10-08-2026 23:40:14 simulator.c:80   (tid=127705890547456): cache FIFO (size 2603) finishes warm up using with 100000 requests, 27.78 hour trace time
[0m[32m[INFO]  10-08-2026 23:40:16 simulator.c:80   (tid=127705957660416): cache FIFO (size 26030) finishes warm up using with 100000 requests, 27.78 hour trace time
[0m[32m[INFO]  10-08-2026 23:40:16 simulator.c:80   (tid=127705823434496): cache FIFO (size 104120) finishes warm up using with 100000 requests, 27.78 hour trace time
[0m[32m[INFO]  10-08-2026 23:40:16 simulator.c:80   (tid=127705756321536): cache FIFO (size 52060) finishes warm up using with 100000 requests, 27.78 hour trace time
[0m[32m[INFO]  10-08-2026 23:40:16 simulator.c:80   (tid=127705890547456): cache FIFO (size 208240) finishes warm up using with 100000 requests, 27.78 hour trace time
[0m[32m[INFO]  10-08-2026 23:40:18 simulator.c:80   (tid=127705957660416): cache LRU (size 520) finishes warm up using with 100000 requests, 27.78 hour trace time
[0m[32m[INFO]  10-08-2026 23:40:18 simulator.c:80   (tid=127705823434496): cache LRU (size 2603) finishes warm up using with 100000 requests, 27.78 hour trace time
[0m[32m[INFO]  10-08-2026 23:40:18 simulator.c:80   (tid=127705890547456): cache LRU (size 5206) finishes warm up using with 100000 requests, 27.78 hour trace time
[0m[32m[INFO]  10-08-2026 23:40:18 simulator.c:80   (tid=127705756321536): cache LRU (size 10412) finishes warm up using with 100000 requests, 27.78 hour trace time
[0m[32m[INFO]  10-08-2026 23:40:21 simulator.c:80   (tid=127705957660416): cache LRU (size 26030) finishes warm up using with 100000 requests, 27.78 hour trace time
[0m[32m[INFO]  10-08-2026 23:40:21 simulator.c:80   (tid=127705756321536): cache LRU (size 52060) finishes warm up using with 100000 requests, 27.78 hour trace time
[0m[32m[INFO]  10-08-2026 23:40:21 simulator.c:80   (tid=127705890547456): cache LRU (size 104120) finishes warm up using with 100000 requests, 27.78 hour trace time
[0m[32m[INFO]  10-08-2026 23:40:21 simulator.c:80   (tid=127705823434496): cache LRU (size 208240) finishes warm up using with 100000 requests, 27.78 hour trace time
[0m[32m[INFO]  10-08-2026 23:40:22 simulator.c:80   (tid=127705957660416): cache Clock (size 520) finishes warm up using with 100000 requests, 27.78 hour trace time
[0m[32m[INFO]  10-08-2026 23:40:23 simulator.c:80   (tid=127705756321536): cache Clock (size 10412) finishes warm up using with 100000 requests, 27.78 hour trace time
[0m[32m[INFO]  10-08-2026 23:40:23 simulator.c:80   (tid=127705823434496): cache Clock (size 2603) finishes warm up using with 100000 requests, 27.78 hour trace time
[0m[32m[INFO]  10-08-2026 23:40:23 simulator.c:80   (tid=127705890547456): cache Clock (size 5206) finishes warm up using with 100000 requests, 27.78 hour trace time
[0m[32m[INFO]  10-08-2026 23:40:24 simulator.c:80   (tid=127705957660416): cache Clock (size 26030) finishes warm up using with 100000 requests, 27.78 hour trace time
[0m[32m[INFO]  10-08-2026 23:40:26 simulator.c:80   (tid=127705756321536): cache Clock (size 52060) finishes warm up using with 100000 requests, 27.78 hour trace time
[0m[32m[INFO]  10-08-2026 23:40:26 simulator.c:80   (tid=127705890547456): cache Clock (size 104120) finishes warm up using with 100000 requests, 27.78 hour trace time
[0m[32m[INFO]  10-08-2026 23:40:27 simulator.c:80   (tid=127705823434496): cache Clock (size 208240) finishes warm up using with 100000 requests, 27.78 hour trace time
[0m[32m[INFO]  10-08-2026 23:40:28 simulator.c:80   (tid=127705957660416): cache Sieve (size 520) finishes warm up using with 100000 requests, 27.78 hour trace time
[0m[32m[INFO]  10-08-2026 23:40:29 simulator.c:80   (tid=127705823434496): cache Sieve (size 2603) finishes warm up using with 100000 requests, 27.78 hour trace time
[0m[32m[INFO]  10-08-2026 23:40:29 simulator.c:80   (tid=127705890547456): cache Sieve (size 5206) finishes warm up using with 100000 requests, 27.78 hour trace time
[0m[32m[INFO]  10-08-2026 23:40:29 simulator.c:80   (tid=127705957660416): cache Sieve (size 10412) finishes warm up using with 100000 requests, 27.78 hour trace time
[0m[32m[INFO]  10-08-2026 23:40:29 simulator.c:80   (tid=127705756321536): cache Sieve (size 26030) finishes warm up using with 100000 requests, 27.78 hour trace time
[0m[32m[INFO]  10-08-2026 23:40:31 simulator.c:80   (tid=127705823434496): cache Sieve (size 52060) finishes warm up using with 100000 requests, 27.78 hour trace time
[0m[32m[INFO]  10-08-2026 23:40:32 simulator.c:80   (tid=127705890547456): cache Sieve (size 104120) finishes warm up using with 100000 requests, 27.78 hour trace time
[0m[32m[INFO]  10-08-2026 23:40:32 simulator.c:80   (tid=127705756321536): cache Sieve (size 208240) finishes warm up using with 100000 requests, 27.78 hour trace time
[0m
result/wiki-CDN-window3-warm10.oracleGeneral.bin                             FIFO cache size      520, 800000 req, miss ratio 0.9612012500, byte miss ratio 0.9612012500
result/wiki-CDN-window3-warm10.oracleGeneral.bin                             FIFO cache size     2603, 800000 req, miss ratio 0.9274037500, byte miss ratio 0.9274037500
result/wiki-CDN-window3-warm10.oracleGeneral.bin                             FIFO cache size     5206, 800000 req, miss ratio 0.9013825000, byte miss ratio 0.9013825000
result/wiki-CDN-window3-warm10.oracleGeneral.bin                             FIFO cache size    10412, 800000 req, miss ratio 0.8660650000, byte miss ratio 0.8660650000
result/wiki-CDN-window3-warm10.oracleGeneral.bin                             FIFO cache size    26030, 800000 req, miss ratio 0.8035250000, byte miss ratio 0.8035250000
result/wiki-CDN-window3-warm10.oracleGeneral.bin                             FIFO cache size    52060, 800000 req, miss ratio 0.7428112500, byte miss ratio 0.7428112500
result/wiki-CDN-window3-warm10.oracleGeneral.bin                             FIFO cache size   104120, 800000 req, miss ratio 0.6673475000, byte miss ratio 0.6673475000
result/wiki-CDN-window3-warm10.oracleGeneral.bin                             FIFO cache size   208240, 800000 req, miss ratio 0.5863850000, byte miss ratio 0.5863850000
result/wiki-CDN-window3-warm10.oracleGeneral.bin                              LRU cache size      520, 800000 req, miss ratio 0.9573462500, byte miss ratio 0.9573462500
result/wiki-CDN-window3-warm10.oracleGeneral.bin                              LRU cache size     2603, 800000 req, miss ratio 0.9213150000, byte miss ratio 0.9213150000
result/wiki-CDN-window3-warm10.oracleGeneral.bin                              LRU cache size     5206, 800000 req, miss ratio 0.8924800000, byte miss ratio 0.8924800000
result/wiki-CDN-window3-warm10.oracleGeneral.bin                              LRU cache size    10412, 800000 req, miss ratio 0.8530075000, byte miss ratio 0.8530075000
result/wiki-CDN-window3-warm10.oracleGeneral.bin                              LRU cache size    26030, 800000 req, miss ratio 0.7835537500, byte miss ratio 0.7835537500
result/wiki-CDN-window3-warm10.oracleGeneral.bin                              LRU cache size    52060, 800000 req, miss ratio 0.7153212500, byte miss ratio 0.7153212500
result/wiki-CDN-window3-warm10.oracleGeneral.bin                              LRU cache size   104120, 800000 req, miss ratio 0.6316125000, byte miss ratio 0.6316125000
result/wiki-CDN-window3-warm10.oracleGeneral.bin                              LRU cache size   208240, 800000 req, miss ratio 0.5524675000, byte miss ratio 0.5524675000
result/wiki-CDN-window3-warm10.oracleGeneral.bin                            Clock cache size      520, 800000 req, miss ratio 0.9558525000, byte miss ratio 0.9558525000
result/wiki-CDN-window3-warm10.oracleGeneral.bin                            Clock cache size     2603, 800000 req, miss ratio 0.9184775000, byte miss ratio 0.9184775000
result/wiki-CDN-window3-warm10.oracleGeneral.bin                            Clock cache size     5206, 800000 req, miss ratio 0.8883412500, byte miss ratio 0.8883412500
result/wiki-CDN-window3-warm10.oracleGeneral.bin                            Clock cache size    10412, 800000 req, miss ratio 0.8472562500, byte miss ratio 0.8472562500
result/wiki-CDN-window3-warm10.oracleGeneral.bin                            Clock cache size    26030, 800000 req, miss ratio 0.7753150000, byte miss ratio 0.7753150000
result/wiki-CDN-window3-warm10.oracleGeneral.bin                            Clock cache size    52060, 800000 req, miss ratio 0.7052300000, byte miss ratio 0.7052300000
result/wiki-CDN-window3-warm10.oracleGeneral.bin                            Clock cache size   104120, 800000 req, miss ratio 0.6215600000, byte miss ratio 0.6215600000
result/wiki-CDN-window3-warm10.oracleGeneral.bin                            Clock cache size   208240, 800000 req, miss ratio 0.5458387500, byte miss ratio 0.5458387500
result/wiki-CDN-window3-warm10.oracleGeneral.bin                            Sieve cache size      520, 800000 req, miss ratio 0.9345237500, byte miss ratio 0.9345237500
result/wiki-CDN-window3-warm10.oracleGeneral.bin                            Sieve cache size     2603, 800000 req, miss ratio 0.8834700000, byte miss ratio 0.8834700000
result/wiki-CDN-window3-warm10.oracleGeneral.bin                            Sieve cache size     5206, 800000 req, miss ratio 0.8511850000, byte miss ratio 0.8511850000
result/wiki-CDN-window3-warm10.oracleGeneral.bin                            Sieve cache size    10412, 800000 req, miss ratio 0.8110687500, byte miss ratio 0.8110687500
result/wiki-CDN-window3-warm10.oracleGeneral.bin                            Sieve cache size    26030, 800000 req, miss ratio 0.7403250000, byte miss ratio 0.7403250000
result/wiki-CDN-window3-warm10.oracleGeneral.bin                            Sieve cache size    52060, 800000 req, miss ratio 0.6725000000, byte miss ratio 0.6725000000
result/wiki-CDN-window3-warm10.oracleGeneral.bin                            Sieve cache size   104120, 800000 req, miss ratio 0.6002700000, byte miss ratio 0.6002700000
result/wiki-CDN-window3-warm10.oracleGeneral.bin                            Sieve cache size   208240, 800000 req, miss ratio 0.5416062500, byte miss ratio 0.5416062500
