[32m[INFO]  10-08-2026 23:40:33 cli_parser.c:545  (tid=139568217990400): trace path: /home/zakariarafi/repros/sieve-nsdi24/repro-results/realworld-20261008T233726Z-589911/traces/wiki-CDN-window3-warm20.oracleGeneral.bin, trace_type ORACLE_GENERAL_TRACE, ofilepath wiki-CDN-window3-warm20.oracleGeneral.bin.cachesim, 4 threads, warmup 200000 sec, total 4 algo x 8 size = 32 caches, fifo, lru, clock, sieve, ignore object size
[0m[32m[INFO]  10-08-2026 23:40:33 simulator.c:294  (tid=139568217990400): simulate_with_multi_caches starts computation, num_warmup_req 0, start cache FIFO size 520, end cache Sieve size 203KiB, 32 caches, 4 threads, please wait
[0m[32m[INFO]  10-08-2026 23:40:34 simulator.c:80   (tid=139563695458048): cache FIFO (size 520) finishes warm up using with 200000 requests, 55.56 hour trace time
[0m[32m[INFO]  10-08-2026 23:40:34 simulator.c:80   (tid=139563829683968): cache FIFO (size 10412) finishes warm up using with 200000 requests, 55.56 hour trace time
[0m[32m[INFO]  10-08-2026 23:40:34 simulator.c:80   (tid=139563762571008): cache FIFO (size 2603) finishes warm up using with 200000 requests, 55.56 hour trace time
[0m[32m[INFO]  10-08-2026 23:40:34 simulator.c:80   (tid=139563896796928): cache FIFO (size 5206) finishes warm up using with 200000 requests, 55.56 hour trace time
[0m[32m[INFO]  10-08-2026 23:40:34 simulator.c:80   (tid=139563695458048): cache FIFO (size 26030) finishes warm up using with 200000 requests, 55.56 hour trace time
[0m[32m[INFO]  10-08-2026 23:40:35 simulator.c:80   (tid=139563829683968): cache FIFO (size 52060) finishes warm up using with 200000 requests, 55.56 hour trace time
[0m[32m[INFO]  10-08-2026 23:40:35 simulator.c:80   (tid=139563762571008): cache FIFO (size 208240) finishes warm up using with 200000 requests, 55.56 hour trace time
[0m[32m[INFO]  10-08-2026 23:40:35 simulator.c:80   (tid=139563896796928): cache FIFO (size 104120) finishes warm up using with 200000 requests, 55.56 hour trace time
[0m[32m[INFO]  10-08-2026 23:40:36 simulator.c:80   (tid=139563695458048): cache LRU (size 520) finishes warm up using with 200000 requests, 55.56 hour trace time
[0m[32m[INFO]  10-08-2026 23:40:36 simulator.c:80   (tid=139563762571008): cache LRU (size 2603) finishes warm up using with 200000 requests, 55.56 hour trace time
[0m[32m[INFO]  10-08-2026 23:40:36 simulator.c:80   (tid=139563829683968): cache LRU (size 5206) finishes warm up using with 200000 requests, 55.56 hour trace time
[0m[32m[INFO]  10-08-2026 23:40:36 simulator.c:80   (tid=139563896796928): cache LRU (size 10412) finishes warm up using with 200000 requests, 55.56 hour trace time
[0m[32m[INFO]  10-08-2026 23:40:36 simulator.c:80   (tid=139563695458048): cache LRU (size 26030) finishes warm up using with 200000 requests, 55.56 hour trace time
[0m[32m[INFO]  10-08-2026 23:40:37 simulator.c:80   (tid=139563762571008): cache LRU (size 104120) finishes warm up using with 200000 requests, 55.56 hour trace time
[0m[32m[INFO]  10-08-2026 23:40:37 simulator.c:80   (tid=139563896796928): cache LRU (size 52060) finishes warm up using with 200000 requests, 55.56 hour trace time
[0m[32m[INFO]  10-08-2026 23:40:37 simulator.c:80   (tid=139563829683968): cache LRU (size 208240) finishes warm up using with 200000 requests, 55.56 hour trace time
[0m[32m[INFO]  10-08-2026 23:40:37 simulator.c:80   (tid=139563695458048): cache Clock (size 520) finishes warm up using with 200000 requests, 55.56 hour trace time
[0m[32m[INFO]  10-08-2026 23:40:38 simulator.c:80   (tid=139563896796928): cache Clock (size 2603) finishes warm up using with 200000 requests, 55.56 hour trace time
[0m[32m[INFO]  10-08-2026 23:40:38 simulator.c:80   (tid=139563829683968): cache Clock (size 10412) finishes warm up using with 200000 requests, 55.56 hour trace time
[0m[32m[INFO]  10-08-2026 23:40:38 simulator.c:80   (tid=139563762571008): cache Clock (size 5206) finishes warm up using with 200000 requests, 55.56 hour trace time
[0m[32m[INFO]  10-08-2026 23:40:38 simulator.c:80   (tid=139563695458048): cache Clock (size 26030) finishes warm up using with 200000 requests, 55.56 hour trace time
[0m[32m[INFO]  10-08-2026 23:40:38 simulator.c:80   (tid=139563829683968): cache Clock (size 52060) finishes warm up using with 200000 requests, 55.56 hour trace time
[0m[32m[INFO]  10-08-2026 23:40:38 simulator.c:80   (tid=139563762571008): cache Sieve (size 520) finishes warm up using with 200000 requests, 55.56 hour trace time
[0m[32m[INFO]  10-08-2026 23:40:38 simulator.c:80   (tid=139563695458048): cache Clock (size 208240) finishes warm up using with 200000 requests, 55.56 hour trace time
[0m[32m[INFO]  10-08-2026 23:40:38 simulator.c:80   (tid=139563896796928): cache Clock (size 104120) finishes warm up using with 200000 requests, 55.56 hour trace time
[0m[32m[INFO]  10-08-2026 23:40:39 simulator.c:80   (tid=139563762571008): cache Sieve (size 2603) finishes warm up using with 200000 requests, 55.56 hour trace time
[0m[32m[INFO]  10-08-2026 23:40:39 simulator.c:80   (tid=139563829683968): cache Sieve (size 5206) finishes warm up using with 200000 requests, 55.56 hour trace time
[0m[32m[INFO]  10-08-2026 23:40:39 simulator.c:80   (tid=139563695458048): cache Sieve (size 10412) finishes warm up using with 200000 requests, 55.56 hour trace time
[0m[32m[INFO]  10-08-2026 23:40:39 simulator.c:80   (tid=139563896796928): cache Sieve (size 26030) finishes warm up using with 200000 requests, 55.56 hour trace time
[0m[32m[INFO]  10-08-2026 23:40:40 simulator.c:80   (tid=139563762571008): cache Sieve (size 52060) finishes warm up using with 200000 requests, 55.56 hour trace time
[0m[32m[INFO]  10-08-2026 23:40:40 simulator.c:80   (tid=139563896796928): cache Sieve (size 104120) finishes warm up using with 200000 requests, 55.56 hour trace time
[0m[32m[INFO]  10-08-2026 23:40:40 simulator.c:80   (tid=139563829683968): cache Sieve (size 208240) finishes warm up using with 200000 requests, 55.56 hour trace time
[0m
result/wiki-CDN-window3-warm20.oracleGeneral.bin                             FIFO cache size      520, 800000 req, miss ratio 0.9612012500, byte miss ratio 0.9612012500
result/wiki-CDN-window3-warm20.oracleGeneral.bin                             FIFO cache size     2603, 800000 req, miss ratio 0.9274050000, byte miss ratio 0.9274050000
result/wiki-CDN-window3-warm20.oracleGeneral.bin                             FIFO cache size     5206, 800000 req, miss ratio 0.9013812500, byte miss ratio 0.9013812500
result/wiki-CDN-window3-warm20.oracleGeneral.bin                             FIFO cache size    10412, 800000 req, miss ratio 0.8660625000, byte miss ratio 0.8660625000
result/wiki-CDN-window3-warm20.oracleGeneral.bin                             FIFO cache size    26030, 800000 req, miss ratio 0.8035150000, byte miss ratio 0.8035150000
result/wiki-CDN-window3-warm20.oracleGeneral.bin                             FIFO cache size    52060, 800000 req, miss ratio 0.7428337500, byte miss ratio 0.7428337500
result/wiki-CDN-window3-warm20.oracleGeneral.bin                             FIFO cache size   104120, 800000 req, miss ratio 0.6681775000, byte miss ratio 0.6681775000
result/wiki-CDN-window3-warm20.oracleGeneral.bin                             FIFO cache size   208240, 800000 req, miss ratio 0.5805762500, byte miss ratio 0.5805762500
result/wiki-CDN-window3-warm20.oracleGeneral.bin                              LRU cache size      520, 800000 req, miss ratio 0.9573462500, byte miss ratio 0.9573462500
result/wiki-CDN-window3-warm20.oracleGeneral.bin                              LRU cache size     2603, 800000 req, miss ratio 0.9213150000, byte miss ratio 0.9213150000
result/wiki-CDN-window3-warm20.oracleGeneral.bin                              LRU cache size     5206, 800000 req, miss ratio 0.8924800000, byte miss ratio 0.8924800000
result/wiki-CDN-window3-warm20.oracleGeneral.bin                              LRU cache size    10412, 800000 req, miss ratio 0.8530075000, byte miss ratio 0.8530075000
result/wiki-CDN-window3-warm20.oracleGeneral.bin                              LRU cache size    26030, 800000 req, miss ratio 0.7835537500, byte miss ratio 0.7835537500
result/wiki-CDN-window3-warm20.oracleGeneral.bin                              LRU cache size    52060, 800000 req, miss ratio 0.7153212500, byte miss ratio 0.7153212500
result/wiki-CDN-window3-warm20.oracleGeneral.bin                              LRU cache size   104120, 800000 req, miss ratio 0.6306925000, byte miss ratio 0.6306925000
result/wiki-CDN-window3-warm20.oracleGeneral.bin                              LRU cache size   208240, 800000 req, miss ratio 0.5411637500, byte miss ratio 0.5411637500
result/wiki-CDN-window3-warm20.oracleGeneral.bin                            Clock cache size      520, 800000 req, miss ratio 0.9558525000, byte miss ratio 0.9558525000
result/wiki-CDN-window3-warm20.oracleGeneral.bin                            Clock cache size     2603, 800000 req, miss ratio 0.9184775000, byte miss ratio 0.9184775000
result/wiki-CDN-window3-warm20.oracleGeneral.bin                            Clock cache size     5206, 800000 req, miss ratio 0.8883375000, byte miss ratio 0.8883375000
result/wiki-CDN-window3-warm20.oracleGeneral.bin                            Clock cache size    10412, 800000 req, miss ratio 0.8472662500, byte miss ratio 0.8472662500
result/wiki-CDN-window3-warm20.oracleGeneral.bin                            Clock cache size    26030, 800000 req, miss ratio 0.7753200000, byte miss ratio 0.7753200000
result/wiki-CDN-window3-warm20.oracleGeneral.bin                            Clock cache size    52060, 800000 req, miss ratio 0.7051350000, byte miss ratio 0.7051350000
result/wiki-CDN-window3-warm20.oracleGeneral.bin                            Clock cache size   104120, 800000 req, miss ratio 0.6191112500, byte miss ratio 0.6191112500
result/wiki-CDN-window3-warm20.oracleGeneral.bin                            Clock cache size   208240, 800000 req, miss ratio 0.5329162500, byte miss ratio 0.5329162500
result/wiki-CDN-window3-warm20.oracleGeneral.bin                            Sieve cache size      520, 800000 req, miss ratio 0.9342450000, byte miss ratio 0.9342450000
result/wiki-CDN-window3-warm20.oracleGeneral.bin                            Sieve cache size     2603, 800000 req, miss ratio 0.8803675000, byte miss ratio 0.8803675000
result/wiki-CDN-window3-warm20.oracleGeneral.bin                            Sieve cache size     5206, 800000 req, miss ratio 0.8491087500, byte miss ratio 0.8491087500
result/wiki-CDN-window3-warm20.oracleGeneral.bin                            Sieve cache size    10412, 800000 req, miss ratio 0.8072325000, byte miss ratio 0.8072325000
result/wiki-CDN-window3-warm20.oracleGeneral.bin                            Sieve cache size    26030, 800000 req, miss ratio 0.7354100000, byte miss ratio 0.7354100000
result/wiki-CDN-window3-warm20.oracleGeneral.bin                            Sieve cache size    52060, 800000 req, miss ratio 0.6688612500, byte miss ratio 0.6688612500
result/wiki-CDN-window3-warm20.oracleGeneral.bin                            Sieve cache size   104120, 800000 req, miss ratio 0.5923150000, byte miss ratio 0.5923150000
result/wiki-CDN-window3-warm20.oracleGeneral.bin                            Sieve cache size   208240, 800000 req, miss ratio 0.5260950000, byte miss ratio 0.5260950000
