[32m[INFO]  10-08-2026 23:39:41 cli_parser.c:545  (tid=135695621145856): trace path: /home/zakariarafi/repros/sieve-nsdi24/repro-results/realworld-20261008T233726Z-589911/traces/wiki-CDN-window2-cold.oracleGeneral.bin, trace_type ORACLE_GENERAL_TRACE, ofilepath wiki-CDN-window2-cold.oracleGeneral.bin.cachesim, 4 threads, warmup 0 sec, total 4 algo x 8 size = 32 caches, fifo, lru, clock, sieve
[0m[32m[INFO]  10-08-2026 23:39:41 simulator.c:294  (tid=135695621145856): simulate_with_multi_caches starts computation, num_warmup_req 0, start cache FIFO size 13MiB, end cache Sieve size 5GiB, 32 caches, 4 threads, please wait
[0m
result/wiki-CDN-window2-cold.oracleGeneral.bin                             FIFO cache size 13869733, 800000 req, miss ratio 0.9730425000, byte miss ratio 0.9725542648
result/wiki-CDN-window2-cold.oracleGeneral.bin                             FIFO cache size 69348666, 800000 req, miss ratio 0.9452187500, byte miss ratio 0.9359231210
result/wiki-CDN-window2-cold.oracleGeneral.bin                             FIFO cache size 138697332, 800000 req, miss ratio 0.9229000000, byte miss ratio 0.9054360351
result/wiki-CDN-window2-cold.oracleGeneral.bin                             FIFO cache size 277394665, 800000 req, miss ratio 0.8912075000, byte miss ratio 0.8622074152
result/wiki-CDN-window2-cold.oracleGeneral.bin                             FIFO cache size 693486664, 800000 req, miss ratio 0.8328525000, byte miss ratio 0.7833077306
result/wiki-CDN-window2-cold.oracleGeneral.bin                             FIFO cache size 1386973329, 800000 req, miss ratio 0.7744887500, byte miss ratio 0.7057867569
result/wiki-CDN-window2-cold.oracleGeneral.bin                             FIFO cache size 2773946659, 800000 req, miss ratio 0.7017137500, byte miss ratio 0.6145032759
result/wiki-CDN-window2-cold.oracleGeneral.bin                             FIFO cache size 5547893319, 800000 req, miss ratio 0.6237962500, byte miss ratio 0.5229607165
result/wiki-CDN-window2-cold.oracleGeneral.bin                              LRU cache size 13869733, 800000 req, miss ratio 0.9700850000, byte miss ratio 0.9699937563
result/wiki-CDN-window2-cold.oracleGeneral.bin                              LRU cache size 69348666, 800000 req, miss ratio 0.9407375000, byte miss ratio 0.9298658204
result/wiki-CDN-window2-cold.oracleGeneral.bin                              LRU cache size 138697332, 800000 req, miss ratio 0.9167100000, byte miss ratio 0.8965673435
result/wiki-CDN-window2-cold.oracleGeneral.bin                              LRU cache size 277394665, 800000 req, miss ratio 0.8818400000, byte miss ratio 0.8477191156
result/wiki-CDN-window2-cold.oracleGeneral.bin                              LRU cache size 693486664, 800000 req, miss ratio 0.8176462500, byte miss ratio 0.7593608032
result/wiki-CDN-window2-cold.oracleGeneral.bin                              LRU cache size 1386973329, 800000 req, miss ratio 0.7534862500, byte miss ratio 0.6728793631
result/wiki-CDN-window2-cold.oracleGeneral.bin                              LRU cache size 2773946659, 800000 req, miss ratio 0.6752675000, byte miss ratio 0.5750281548
result/wiki-CDN-window2-cold.oracleGeneral.bin                              LRU cache size 5547893319, 800000 req, miss ratio 0.5967337500, byte miss ratio 0.4852669972
result/wiki-CDN-window2-cold.oracleGeneral.bin                            Clock cache size 13869733, 800000 req, miss ratio 0.9686725000, byte miss ratio 0.9684817456
result/wiki-CDN-window2-cold.oracleGeneral.bin                            Clock cache size 69348666, 800000 req, miss ratio 0.9387837500, byte miss ratio 0.9269366799
result/wiki-CDN-window2-cold.oracleGeneral.bin                            Clock cache size 138697332, 800000 req, miss ratio 0.9137125000, byte miss ratio 0.8919981200
result/wiki-CDN-window2-cold.oracleGeneral.bin                            Clock cache size 277394665, 800000 req, miss ratio 0.8775225000, byte miss ratio 0.8409684282
result/wiki-CDN-window2-cold.oracleGeneral.bin                            Clock cache size 693486664, 800000 req, miss ratio 0.8114287500, byte miss ratio 0.7493723193
result/wiki-CDN-window2-cold.oracleGeneral.bin                            Clock cache size 1386973329, 800000 req, miss ratio 0.7460350000, byte miss ratio 0.6611779467
result/wiki-CDN-window2-cold.oracleGeneral.bin                            Clock cache size 2773946659, 800000 req, miss ratio 0.6686812500, byte miss ratio 0.5644204274
result/wiki-CDN-window2-cold.oracleGeneral.bin                            Clock cache size 5547893319, 800000 req, miss ratio 0.5909462500, byte miss ratio 0.4780921735
result/wiki-CDN-window2-cold.oracleGeneral.bin                            Sieve cache size 13869733, 800000 req, miss ratio 0.9501750000, byte miss ratio 0.9396759075
result/wiki-CDN-window2-cold.oracleGeneral.bin                            Sieve cache size 69348666, 800000 req, miss ratio 0.9132375000, byte miss ratio 0.8825237632
result/wiki-CDN-window2-cold.oracleGeneral.bin                            Sieve cache size 138697332, 800000 req, miss ratio 0.8877087500, byte miss ratio 0.8437486672
result/wiki-CDN-window2-cold.oracleGeneral.bin                            Sieve cache size 277394665, 800000 req, miss ratio 0.8526700000, byte miss ratio 0.7921350292
result/wiki-CDN-window2-cold.oracleGeneral.bin                            Sieve cache size 693486664, 800000 req, miss ratio 0.7880937500, byte miss ratio 0.7043595501
result/wiki-CDN-window2-cold.oracleGeneral.bin                            Sieve cache size 1386973329, 800000 req, miss ratio 0.7232625000, byte miss ratio 0.6229219503
result/wiki-CDN-window2-cold.oracleGeneral.bin                            Sieve cache size 2773946659, 800000 req, miss ratio 0.6485100000, byte miss ratio 0.5377028236
result/wiki-CDN-window2-cold.oracleGeneral.bin                            Sieve cache size 5547893319, 800000 req, miss ratio 0.5869937500, byte miss ratio 0.4731655741
