[32m[INFO]  10-08-2026 23:44:53 cli_parser.c:545  (tid=127049696843008): trace path: /home/zakariarafi/repros/sieve-nsdi24/repro-results/realworld-20261008T233726Z-589911/traces/meta-CDN-window1-cold.oracleGeneral.bin, trace_type ORACLE_GENERAL_TRACE, ofilepath meta-CDN-window1-cold.oracleGeneral.bin.cachesim, 4 threads, warmup 0 sec, total 4 algo x 8 size = 32 caches, fifo, lru, clock, sieve, ignore object size
[0m[32m[INFO]  10-08-2026 23:44:53 simulator.c:294  (tid=127049696843008): simulate_with_multi_caches starts computation, num_warmup_req 0, start cache FIFO size 381, end cache Sieve size 149KiB, 32 caches, 4 threads, please wait
[0m
result/meta-CDN-window1-cold.oracleGeneral.bin                             FIFO cache size      381, 800000 req, miss ratio 0.5134025000, byte miss ratio 0.5134025000
result/meta-CDN-window1-cold.oracleGeneral.bin                             FIFO cache size     1907, 800000 req, miss ratio 0.4812825000, byte miss ratio 0.4812825000
result/meta-CDN-window1-cold.oracleGeneral.bin                             FIFO cache size     3814, 800000 req, miss ratio 0.4677912500, byte miss ratio 0.4677912500
result/meta-CDN-window1-cold.oracleGeneral.bin                             FIFO cache size     7628, 800000 req, miss ratio 0.4536762500, byte miss ratio 0.4536762500
result/meta-CDN-window1-cold.oracleGeneral.bin                             FIFO cache size    19071, 800000 req, miss ratio 0.4339187500, byte miss ratio 0.4339187500
result/meta-CDN-window1-cold.oracleGeneral.bin                             FIFO cache size    38143, 800000 req, miss ratio 0.4184812500, byte miss ratio 0.4184812500
result/meta-CDN-window1-cold.oracleGeneral.bin                             FIFO cache size    76286, 800000 req, miss ratio 0.4049987500, byte miss ratio 0.4049987500
result/meta-CDN-window1-cold.oracleGeneral.bin                             FIFO cache size   152572, 800000 req, miss ratio 0.3925600000, byte miss ratio 0.3925600000
result/meta-CDN-window1-cold.oracleGeneral.bin                              LRU cache size      381, 800000 req, miss ratio 0.5035037500, byte miss ratio 0.5035037500
result/meta-CDN-window1-cold.oracleGeneral.bin                              LRU cache size     1907, 800000 req, miss ratio 0.4746212500, byte miss ratio 0.4746212500
result/meta-CDN-window1-cold.oracleGeneral.bin                              LRU cache size     3814, 800000 req, miss ratio 0.4613112500, byte miss ratio 0.4613112500
result/meta-CDN-window1-cold.oracleGeneral.bin                              LRU cache size     7628, 800000 req, miss ratio 0.4466350000, byte miss ratio 0.4466350000
result/meta-CDN-window1-cold.oracleGeneral.bin                              LRU cache size    19071, 800000 req, miss ratio 0.4256150000, byte miss ratio 0.4256150000
result/meta-CDN-window1-cold.oracleGeneral.bin                              LRU cache size    38143, 800000 req, miss ratio 0.4108787500, byte miss ratio 0.4108787500
result/meta-CDN-window1-cold.oracleGeneral.bin                              LRU cache size    76286, 800000 req, miss ratio 0.3985125000, byte miss ratio 0.3985125000
result/meta-CDN-window1-cold.oracleGeneral.bin                              LRU cache size   152572, 800000 req, miss ratio 0.3884337500, byte miss ratio 0.3884337500
result/meta-CDN-window1-cold.oracleGeneral.bin                            Clock cache size      381, 800000 req, miss ratio 0.5022137500, byte miss ratio 0.5022137500
result/meta-CDN-window1-cold.oracleGeneral.bin                            Clock cache size     1907, 800000 req, miss ratio 0.4737150000, byte miss ratio 0.4737150000
result/meta-CDN-window1-cold.oracleGeneral.bin                            Clock cache size     3814, 800000 req, miss ratio 0.4602225000, byte miss ratio 0.4602225000
result/meta-CDN-window1-cold.oracleGeneral.bin                            Clock cache size     7628, 800000 req, miss ratio 0.4451812500, byte miss ratio 0.4451812500
result/meta-CDN-window1-cold.oracleGeneral.bin                            Clock cache size    19071, 800000 req, miss ratio 0.4242487500, byte miss ratio 0.4242487500
result/meta-CDN-window1-cold.oracleGeneral.bin                            Clock cache size    38143, 800000 req, miss ratio 0.4098375000, byte miss ratio 0.4098375000
result/meta-CDN-window1-cold.oracleGeneral.bin                            Clock cache size    76286, 800000 req, miss ratio 0.3978612500, byte miss ratio 0.3978612500
result/meta-CDN-window1-cold.oracleGeneral.bin                            Clock cache size   152572, 800000 req, miss ratio 0.3882825000, byte miss ratio 0.3882825000
result/meta-CDN-window1-cold.oracleGeneral.bin                            Sieve cache size      381, 800000 req, miss ratio 0.5018637500, byte miss ratio 0.5018637500
result/meta-CDN-window1-cold.oracleGeneral.bin                            Sieve cache size     1907, 800000 req, miss ratio 0.4685250000, byte miss ratio 0.4685250000
result/meta-CDN-window1-cold.oracleGeneral.bin                            Sieve cache size     3814, 800000 req, miss ratio 0.4530775000, byte miss ratio 0.4530775000
result/meta-CDN-window1-cold.oracleGeneral.bin                            Sieve cache size     7628, 800000 req, miss ratio 0.4382375000, byte miss ratio 0.4382375000
result/meta-CDN-window1-cold.oracleGeneral.bin                            Sieve cache size    19071, 800000 req, miss ratio 0.4209250000, byte miss ratio 0.4209250000
result/meta-CDN-window1-cold.oracleGeneral.bin                            Sieve cache size    38143, 800000 req, miss ratio 0.4088400000, byte miss ratio 0.4088400000
result/meta-CDN-window1-cold.oracleGeneral.bin                            Sieve cache size    76286, 800000 req, miss ratio 0.3978300000, byte miss ratio 0.3978300000
result/meta-CDN-window1-cold.oracleGeneral.bin                            Sieve cache size   152572, 800000 req, miss ratio 0.3881537500, byte miss ratio 0.3881537500
