[32m[INFO]  10-08-2026 23:46:53 cli_parser.c:545  (tid=140287985734912): trace path: /home/zakariarafi/repros/sieve-nsdi24/repro-results/realworld-20261008T233726Z-589911/traces/meta-CDN-window3-warm20.oracleGeneral.bin, trace_type ORACLE_GENERAL_TRACE, ofilepath meta-CDN-window3-warm20.oracleGeneral.bin.cachesim, 4 threads, warmup 200000 sec, total 4 algo x 8 size = 32 caches, fifo, lru, clock, sieve, ignore object size
[0m[32m[INFO]  10-08-2026 23:46:53 simulator.c:294  (tid=140287985734912): simulate_with_multi_caches starts computation, num_warmup_req 0, start cache FIFO size 412, end cache Sieve size 161KiB, 32 caches, 4 threads, please wait
[0m[32m[INFO]  10-08-2026 23:46:53 simulator.c:80   (tid=140283456898816): cache FIFO (size 412) finishes warm up using with 200000 requests, 55.56 hour trace time
[0m[32m[INFO]  10-08-2026 23:46:53 simulator.c:80   (tid=140283591124736): cache FIFO (size 4126) finishes warm up using with 200000 requests, 55.56 hour trace time
[0m[32m[INFO]  10-08-2026 23:46:53 simulator.c:80   (tid=140283658237696): cache FIFO (size 8252) finishes warm up using with 200000 requests, 55.56 hour trace time
[0m[32m[INFO]  10-08-2026 23:46:53 simulator.c:80   (tid=140283524011776): cache FIFO (size 2063) finishes warm up using with 200000 requests, 55.56 hour trace time
[0m[32m[INFO]  10-08-2026 23:46:54 simulator.c:80   (tid=140283658237696): cache FIFO (size 20631) finishes warm up using with 200000 requests, 55.56 hour trace time
[0m[32m[INFO]  10-08-2026 23:46:54 simulator.c:80   (tid=140283524011776): cache FIFO (size 165055) finishes warm up using with 200000 requests, 55.56 hour trace time
[0m[32m[INFO]  10-08-2026 23:46:54 simulator.c:80   (tid=140283591124736): cache FIFO (size 82527) finishes warm up using with 200000 requests, 55.56 hour trace time
[0m[32m[INFO]  10-08-2026 23:46:54 simulator.c:80   (tid=140283456898816): cache FIFO (size 41263) finishes warm up using with 200000 requests, 55.56 hour trace time
[0m[32m[INFO]  10-08-2026 23:46:55 simulator.c:80   (tid=140283658237696): cache LRU (size 412) finishes warm up using with 200000 requests, 55.56 hour trace time
[0m[32m[INFO]  10-08-2026 23:46:55 simulator.c:80   (tid=140283591124736): cache LRU (size 8252) finishes warm up using with 200000 requests, 55.56 hour trace time
[0m[32m[INFO]  10-08-2026 23:46:55 simulator.c:80   (tid=140283524011776): cache LRU (size 2063) finishes warm up using with 200000 requests, 55.56 hour trace time
[0m[32m[INFO]  10-08-2026 23:46:55 simulator.c:80   (tid=140283456898816): cache LRU (size 4126) finishes warm up using with 200000 requests, 55.56 hour trace time
[0m[32m[INFO]  10-08-2026 23:46:55 simulator.c:80   (tid=140283658237696): cache LRU (size 20631) finishes warm up using with 200000 requests, 55.56 hour trace time
[0m[32m[INFO]  10-08-2026 23:46:56 simulator.c:80   (tid=140283591124736): cache LRU (size 41263) finishes warm up using with 200000 requests, 55.56 hour trace time
[0m[32m[INFO]  10-08-2026 23:46:56 simulator.c:80   (tid=140283524011776): cache LRU (size 82527) finishes warm up using with 200000 requests, 55.56 hour trace time
[0m[32m[INFO]  10-08-2026 23:46:56 simulator.c:80   (tid=140283456898816): cache LRU (size 165055) finishes warm up using with 200000 requests, 55.56 hour trace time
[0m[32m[INFO]  10-08-2026 23:46:56 simulator.c:80   (tid=140283658237696): cache Clock (size 412) finishes warm up using with 200000 requests, 55.56 hour trace time
[0m[32m[INFO]  10-08-2026 23:46:56 simulator.c:80   (tid=140283591124736): cache Clock (size 2063) finishes warm up using with 200000 requests, 55.56 hour trace time
[0m[32m[INFO]  10-08-2026 23:46:56 simulator.c:80   (tid=140283658237696): cache Clock (size 4126) finishes warm up using with 200000 requests, 55.56 hour trace time
[0m[32m[INFO]  10-08-2026 23:46:56 simulator.c:80   (tid=140283524011776): cache Clock (size 8252) finishes warm up using with 200000 requests, 55.56 hour trace time
[0m[32m[INFO]  10-08-2026 23:46:56 simulator.c:80   (tid=140283456898816): cache Clock (size 20631) finishes warm up using with 200000 requests, 55.56 hour trace time
[0m[32m[INFO]  10-08-2026 23:46:57 simulator.c:80   (tid=140283591124736): cache Clock (size 41263) finishes warm up using with 200000 requests, 55.56 hour trace time
[0m[32m[INFO]  10-08-2026 23:46:57 simulator.c:80   (tid=140283658237696): cache Clock (size 165055) finishes warm up using with 200000 requests, 55.56 hour trace time
[0m[32m[INFO]  10-08-2026 23:46:57 simulator.c:80   (tid=140283524011776): cache Clock (size 82527) finishes warm up using with 200000 requests, 55.56 hour trace time
[0m[32m[INFO]  10-08-2026 23:46:57 simulator.c:80   (tid=140283456898816): cache Sieve (size 412) finishes warm up using with 200000 requests, 55.56 hour trace time
[0m[32m[INFO]  10-08-2026 23:46:58 simulator.c:80   (tid=140283591124736): cache Sieve (size 2063) finishes warm up using with 200000 requests, 55.56 hour trace time
[0m[32m[INFO]  10-08-2026 23:46:58 simulator.c:80   (tid=140283456898816): cache Sieve (size 4126) finishes warm up using with 200000 requests, 55.56 hour trace time
[0m[32m[INFO]  10-08-2026 23:46:58 simulator.c:80   (tid=140283658237696): cache Sieve (size 8252) finishes warm up using with 200000 requests, 55.56 hour trace time
[0m[32m[INFO]  10-08-2026 23:46:58 simulator.c:80   (tid=140283524011776): cache Sieve (size 20631) finishes warm up using with 200000 requests, 55.56 hour trace time
[0m[32m[INFO]  10-08-2026 23:46:58 simulator.c:80   (tid=140283591124736): cache Sieve (size 41263) finishes warm up using with 200000 requests, 55.56 hour trace time
[0m[32m[INFO]  10-08-2026 23:46:58 simulator.c:80   (tid=140283524011776): cache Sieve (size 165055) finishes warm up using with 200000 requests, 55.56 hour trace time
[0m[32m[INFO]  10-08-2026 23:46:58 simulator.c:80   (tid=140283456898816): cache Sieve (size 82527) finishes warm up using with 200000 requests, 55.56 hour trace time
[0m
result/meta-CDN-window3-warm20.oracleGeneral.bin                             FIFO cache size      412, 800000 req, miss ratio 0.5566825000, byte miss ratio 0.5566825000
result/meta-CDN-window3-warm20.oracleGeneral.bin                             FIFO cache size     2063, 800000 req, miss ratio 0.5236025000, byte miss ratio 0.5236025000
result/meta-CDN-window3-warm20.oracleGeneral.bin                             FIFO cache size     4126, 800000 req, miss ratio 0.5088212500, byte miss ratio 0.5088212500
result/meta-CDN-window3-warm20.oracleGeneral.bin                             FIFO cache size     8252, 800000 req, miss ratio 0.4930775000, byte miss ratio 0.4930775000
result/meta-CDN-window3-warm20.oracleGeneral.bin                             FIFO cache size    20631, 800000 req, miss ratio 0.4718187500, byte miss ratio 0.4718187500
result/meta-CDN-window3-warm20.oracleGeneral.bin                             FIFO cache size    41263, 800000 req, miss ratio 0.4551087500, byte miss ratio 0.4551087500
result/meta-CDN-window3-warm20.oracleGeneral.bin                             FIFO cache size    82527, 800000 req, miss ratio 0.4388212500, byte miss ratio 0.4388212500
result/meta-CDN-window3-warm20.oracleGeneral.bin                             FIFO cache size   165055, 800000 req, miss ratio 0.4209975000, byte miss ratio 0.4209975000
result/meta-CDN-window3-warm20.oracleGeneral.bin                              LRU cache size      412, 800000 req, miss ratio 0.5470712500, byte miss ratio 0.5470712500
result/meta-CDN-window3-warm20.oracleGeneral.bin                              LRU cache size     2063, 800000 req, miss ratio 0.5165687500, byte miss ratio 0.5165687500
result/meta-CDN-window3-warm20.oracleGeneral.bin                              LRU cache size     4126, 800000 req, miss ratio 0.5014975000, byte miss ratio 0.5014975000
result/meta-CDN-window3-warm20.oracleGeneral.bin                              LRU cache size     8252, 800000 req, miss ratio 0.4847987500, byte miss ratio 0.4847987500
result/meta-CDN-window3-warm20.oracleGeneral.bin                              LRU cache size    20631, 800000 req, miss ratio 0.4625387500, byte miss ratio 0.4625387500
result/meta-CDN-window3-warm20.oracleGeneral.bin                              LRU cache size    41263, 800000 req, miss ratio 0.4458362500, byte miss ratio 0.4458362500
result/meta-CDN-window3-warm20.oracleGeneral.bin                              LRU cache size    82527, 800000 req, miss ratio 0.4298412500, byte miss ratio 0.4298412500
result/meta-CDN-window3-warm20.oracleGeneral.bin                              LRU cache size   165055, 800000 req, miss ratio 0.4142537500, byte miss ratio 0.4142537500
result/meta-CDN-window3-warm20.oracleGeneral.bin                            Clock cache size      412, 800000 req, miss ratio 0.5456900000, byte miss ratio 0.5456900000
result/meta-CDN-window3-warm20.oracleGeneral.bin                            Clock cache size     2063, 800000 req, miss ratio 0.5151275000, byte miss ratio 0.5151275000
result/meta-CDN-window3-warm20.oracleGeneral.bin                            Clock cache size     4126, 800000 req, miss ratio 0.4997600000, byte miss ratio 0.4997600000
result/meta-CDN-window3-warm20.oracleGeneral.bin                            Clock cache size     8252, 800000 req, miss ratio 0.4829812500, byte miss ratio 0.4829812500
result/meta-CDN-window3-warm20.oracleGeneral.bin                            Clock cache size    20631, 800000 req, miss ratio 0.4605212500, byte miss ratio 0.4605212500
result/meta-CDN-window3-warm20.oracleGeneral.bin                            Clock cache size    41263, 800000 req, miss ratio 0.4441612500, byte miss ratio 0.4441612500
result/meta-CDN-window3-warm20.oracleGeneral.bin                            Clock cache size    82527, 800000 req, miss ratio 0.4285687500, byte miss ratio 0.4285687500
result/meta-CDN-window3-warm20.oracleGeneral.bin                            Clock cache size   165055, 800000 req, miss ratio 0.4137337500, byte miss ratio 0.4137337500
result/meta-CDN-window3-warm20.oracleGeneral.bin                            Sieve cache size      412, 800000 req, miss ratio 0.5455912500, byte miss ratio 0.5455912500
result/meta-CDN-window3-warm20.oracleGeneral.bin                            Sieve cache size     2063, 800000 req, miss ratio 0.5063562500, byte miss ratio 0.5063562500
result/meta-CDN-window3-warm20.oracleGeneral.bin                            Sieve cache size     4126, 800000 req, miss ratio 0.4897150000, byte miss ratio 0.4897150000
result/meta-CDN-window3-warm20.oracleGeneral.bin                            Sieve cache size     8252, 800000 req, miss ratio 0.4743500000, byte miss ratio 0.4743500000
result/meta-CDN-window3-warm20.oracleGeneral.bin                            Sieve cache size    20631, 800000 req, miss ratio 0.4551787500, byte miss ratio 0.4551787500
result/meta-CDN-window3-warm20.oracleGeneral.bin                            Sieve cache size    41263, 800000 req, miss ratio 0.4422137500, byte miss ratio 0.4422137500
result/meta-CDN-window3-warm20.oracleGeneral.bin                            Sieve cache size    82527, 800000 req, miss ratio 0.4287750000, byte miss ratio 0.4287750000
result/meta-CDN-window3-warm20.oracleGeneral.bin                            Sieve cache size   165055, 800000 req, miss ratio 0.4132600000, byte miss ratio 0.4132600000
