[32m[INFO]  10-08-2026 23:38:47 cli_parser.c:545  (tid=128636194497792): trace path: /home/zakariarafi/repros/sieve-nsdi24/repro-results/realworld-20261008T233726Z-589911/traces/wiki-CDN-window1-warm10.oracleGeneral.bin, trace_type ORACLE_GENERAL_TRACE, ofilepath wiki-CDN-window1-warm10.oracleGeneral.bin.cachesim, 4 threads, warmup 100000 sec, total 4 algo x 8 size = 32 caches, fifo, lru, clock, sieve
[0m[32m[INFO]  10-08-2026 23:38:47 simulator.c:294  (tid=128636194497792): simulate_with_multi_caches starts computation, num_warmup_req 0, start cache FIFO size 13MiB, end cache Sieve size 5GiB, 32 caches, 4 threads, please wait
[0m[32m[INFO]  10-08-2026 23:38:47 simulator.c:80   (tid=128631802029824): cache FIFO (size 68745274) finishes warm up using with 100000 requests, 27.78 hour trace time
[0m[32m[INFO]  10-08-2026 23:38:47 simulator.c:80   (tid=128631667803904): cache FIFO (size 13749054) finishes warm up using with 100000 requests, 27.78 hour trace time
[0m[32m[INFO]  10-08-2026 23:38:47 simulator.c:80   (tid=128631734916864): cache FIFO (size 137490548) finishes warm up using with 100000 requests, 27.78 hour trace time
[0m[32m[INFO]  10-08-2026 23:38:47 simulator.c:80   (tid=128631869142784): cache FIFO (size 274981097) finishes warm up using with 100000 requests, 27.78 hour trace time
[0m[32m[INFO]  10-08-2026 23:38:49 simulator.c:80   (tid=128631869142784): cache FIFO (size 687452743) finishes warm up using with 100000 requests, 27.78 hour trace time
[0m[32m[INFO]  10-08-2026 23:38:50 simulator.c:80   (tid=128631734916864): cache FIFO (size 1374905486) finishes warm up using with 100000 requests, 27.78 hour trace time
[0m[32m[INFO]  10-08-2026 23:38:50 simulator.c:80   (tid=128631802029824): cache FIFO (size 5499621945) finishes warm up using with 100000 requests, 27.78 hour trace time
[0m[32m[INFO]  10-08-2026 23:38:50 simulator.c:80   (tid=128631667803904): cache FIFO (size 2749810972) finishes warm up using with 100000 requests, 27.78 hour trace time
[0m[32m[INFO]  10-08-2026 23:38:53 simulator.c:80   (tid=128631869142784): cache LRU (size 13749054) finishes warm up using with 100000 requests, 27.78 hour trace time
[0m[32m[INFO]  10-08-2026 23:38:54 simulator.c:80   (tid=128631734916864): cache LRU (size 137490548) finishes warm up using with 100000 requests, 27.78 hour trace time
[0m[32m[INFO]  10-08-2026 23:38:54 simulator.c:80   (tid=128631802029824): cache LRU (size 68745274) finishes warm up using with 100000 requests, 27.78 hour trace time
[0m[32m[INFO]  10-08-2026 23:38:54 simulator.c:80   (tid=128631667803904): cache LRU (size 274981097) finishes warm up using with 100000 requests, 27.78 hour trace time
[0m[32m[INFO]  10-08-2026 23:38:54 simulator.c:80   (tid=128631869142784): cache LRU (size 687452743) finishes warm up using with 100000 requests, 27.78 hour trace time
[0m[32m[INFO]  10-08-2026 23:38:56 simulator.c:80   (tid=128631734916864): cache LRU (size 5499621945) finishes warm up using with 100000 requests, 27.78 hour trace time
[0m[32m[INFO]  10-08-2026 23:38:56 simulator.c:80   (tid=128631802029824): cache LRU (size 2749810972) finishes warm up using with 100000 requests, 27.78 hour trace time
[0m[32m[INFO]  10-08-2026 23:38:56 simulator.c:80   (tid=128631667803904): cache LRU (size 1374905486) finishes warm up using with 100000 requests, 27.78 hour trace time
[0m[32m[INFO]  10-08-2026 23:38:56 simulator.c:80   (tid=128631869142784): cache Clock (size 13749054) finishes warm up using with 100000 requests, 27.78 hour trace time
[0m[32m[INFO]  10-08-2026 23:38:58 simulator.c:80   (tid=128631869142784): cache Clock (size 68745274) finishes warm up using with 100000 requests, 27.78 hour trace time
[0m[32m[INFO]  10-08-2026 23:38:58 simulator.c:80   (tid=128631667803904): cache Clock (size 137490548) finishes warm up using with 100000 requests, 27.78 hour trace time
[0m[32m[INFO]  10-08-2026 23:38:58 simulator.c:80   (tid=128631734916864): cache Clock (size 274981097) finishes warm up using with 100000 requests, 27.78 hour trace time
[0m[32m[INFO]  10-08-2026 23:38:58 simulator.c:80   (tid=128631802029824): cache Clock (size 687452743) finishes warm up using with 100000 requests, 27.78 hour trace time
[0m[32m[INFO]  10-08-2026 23:38:59 simulator.c:80   (tid=128631734916864): cache Clock (size 1374905486) finishes warm up using with 100000 requests, 27.78 hour trace time
[0m[32m[INFO]  10-08-2026 23:39:00 simulator.c:80   (tid=128631667803904): cache Sieve (size 13749054) finishes warm up using with 100000 requests, 27.78 hour trace time
[0m[32m[INFO]  10-08-2026 23:39:00 simulator.c:80   (tid=128631869142784): cache Clock (size 2749810972) finishes warm up using with 100000 requests, 27.78 hour trace time
[0m[32m[INFO]  10-08-2026 23:39:00 simulator.c:80   (tid=128631802029824): cache Clock (size 5499621945) finishes warm up using with 100000 requests, 27.78 hour trace time
[0m[32m[INFO]  10-08-2026 23:39:01 simulator.c:80   (tid=128631667803904): cache Sieve (size 68745274) finishes warm up using with 100000 requests, 27.78 hour trace time
[0m[32m[INFO]  10-08-2026 23:39:02 simulator.c:80   (tid=128631734916864): cache Sieve (size 137490548) finishes warm up using with 100000 requests, 27.78 hour trace time
[0m[32m[INFO]  10-08-2026 23:39:02 simulator.c:80   (tid=128631869142784): cache Sieve (size 687452743) finishes warm up using with 100000 requests, 27.78 hour trace time
[0m[32m[INFO]  10-08-2026 23:39:02 simulator.c:80   (tid=128631802029824): cache Sieve (size 274981097) finishes warm up using with 100000 requests, 27.78 hour trace time
[0m[32m[INFO]  10-08-2026 23:39:03 simulator.c:80   (tid=128631667803904): cache Sieve (size 1374905486) finishes warm up using with 100000 requests, 27.78 hour trace time
[0m[32m[INFO]  10-08-2026 23:39:03 simulator.c:80   (tid=128631734916864): cache Sieve (size 2749810972) finishes warm up using with 100000 requests, 27.78 hour trace time
[0m[32m[INFO]  10-08-2026 23:39:04 simulator.c:80   (tid=128631869142784): cache Sieve (size 5499621945) finishes warm up using with 100000 requests, 27.78 hour trace time
[0m
result/wiki-CDN-window1-warm10.oracleGeneral.bin                             FIFO cache size 13749054, 800000 req, miss ratio 0.9699212500, byte miss ratio 0.9709058277
result/wiki-CDN-window1-warm10.oracleGeneral.bin                             FIFO cache size 68745274, 800000 req, miss ratio 0.9428900000, byte miss ratio 0.9351618006
result/wiki-CDN-window1-warm10.oracleGeneral.bin                             FIFO cache size 137490548, 800000 req, miss ratio 0.9206975000, byte miss ratio 0.9052965322
result/wiki-CDN-window1-warm10.oracleGeneral.bin                             FIFO cache size 274981097, 800000 req, miss ratio 0.8887537500, byte miss ratio 0.8620213174
result/wiki-CDN-window1-warm10.oracleGeneral.bin                             FIFO cache size 687452743, 800000 req, miss ratio 0.8294812500, byte miss ratio 0.7811182392
result/wiki-CDN-window1-warm10.oracleGeneral.bin                             FIFO cache size 1374905486, 800000 req, miss ratio 0.7686762500, byte miss ratio 0.6993688471
result/wiki-CDN-window1-warm10.oracleGeneral.bin                             FIFO cache size 2749810972, 800000 req, miss ratio 0.6888650000, byte miss ratio 0.5988886877
result/wiki-CDN-window1-warm10.oracleGeneral.bin                             FIFO cache size 5499621945, 800000 req, miss ratio 0.5979425000, byte miss ratio 0.4907653402
result/wiki-CDN-window1-warm10.oracleGeneral.bin                              LRU cache size 13749054, 800000 req, miss ratio 0.9671475000, byte miss ratio 0.9686556600
result/wiki-CDN-window1-warm10.oracleGeneral.bin                              LRU cache size 68745274, 800000 req, miss ratio 0.9386712500, byte miss ratio 0.9295799713
result/wiki-CDN-window1-warm10.oracleGeneral.bin                              LRU cache size 137490548, 800000 req, miss ratio 0.9147200000, byte miss ratio 0.8967782997
result/wiki-CDN-window1-warm10.oracleGeneral.bin                              LRU cache size 274981097, 800000 req, miss ratio 0.8795737500, byte miss ratio 0.8482209032
result/wiki-CDN-window1-warm10.oracleGeneral.bin                              LRU cache size 687452743, 800000 req, miss ratio 0.8139350000, byte miss ratio 0.7567940808
result/wiki-CDN-window1-warm10.oracleGeneral.bin                              LRU cache size 1374905486, 800000 req, miss ratio 0.7467287500, byte miss ratio 0.6646763002
result/wiki-CDN-window1-warm10.oracleGeneral.bin                              LRU cache size 2749810972, 800000 req, miss ratio 0.6586487500, byte miss ratio 0.5529801756
result/wiki-CDN-window1-warm10.oracleGeneral.bin                              LRU cache size 5499621945, 800000 req, miss ratio 0.5659812500, byte miss ratio 0.4456976156
result/wiki-CDN-window1-warm10.oracleGeneral.bin                            Clock cache size 13749054, 800000 req, miss ratio 0.9658787500, byte miss ratio 0.9674247371
result/wiki-CDN-window1-warm10.oracleGeneral.bin                            Clock cache size 68745274, 800000 req, miss ratio 0.9368250000, byte miss ratio 0.9267943612
result/wiki-CDN-window1-warm10.oracleGeneral.bin                            Clock cache size 137490548, 800000 req, miss ratio 0.9114575000, byte miss ratio 0.8915909536
result/wiki-CDN-window1-warm10.oracleGeneral.bin                            Clock cache size 274981097, 800000 req, miss ratio 0.8754487500, byte miss ratio 0.8418137463
result/wiki-CDN-window1-warm10.oracleGeneral.bin                            Clock cache size 687452743, 800000 req, miss ratio 0.8075100000, byte miss ratio 0.7462739763
result/wiki-CDN-window1-warm10.oracleGeneral.bin                            Clock cache size 1374905486, 800000 req, miss ratio 0.7385737500, byte miss ratio 0.6518536817
result/wiki-CDN-window1-warm10.oracleGeneral.bin                            Clock cache size 2749810972, 800000 req, miss ratio 0.6524475000, byte miss ratio 0.5417472107
result/wiki-CDN-window1-warm10.oracleGeneral.bin                            Clock cache size 5499621945, 800000 req, miss ratio 0.5593962500, byte miss ratio 0.4375530612
result/wiki-CDN-window1-warm10.oracleGeneral.bin                            Sieve cache size 13749054, 800000 req, miss ratio 0.9499075000, byte miss ratio 0.9415453882
result/wiki-CDN-window1-warm10.oracleGeneral.bin                            Sieve cache size 68745274, 800000 req, miss ratio 0.9106775000, byte miss ratio 0.8835785991
result/wiki-CDN-window1-warm10.oracleGeneral.bin                            Sieve cache size 137490548, 800000 req, miss ratio 0.8851737500, byte miss ratio 0.8432105459
result/wiki-CDN-window1-warm10.oracleGeneral.bin                            Sieve cache size 274981097, 800000 req, miss ratio 0.8508250000, byte miss ratio 0.7895037748
result/wiki-CDN-window1-warm10.oracleGeneral.bin                            Sieve cache size 687452743, 800000 req, miss ratio 0.7837475000, byte miss ratio 0.6966299687
result/wiki-CDN-window1-warm10.oracleGeneral.bin                            Sieve cache size 1374905486, 800000 req, miss ratio 0.7159925000, byte miss ratio 0.6103420611
result/wiki-CDN-window1-warm10.oracleGeneral.bin                            Sieve cache size 2749810972, 800000 req, miss ratio 0.6307987500, byte miss ratio 0.5108826584
result/wiki-CDN-window1-warm10.oracleGeneral.bin                            Sieve cache size 5499621945, 800000 req, miss ratio 0.5535962500, byte miss ratio 0.4304682572
