[32m[INFO]  10-08-2026 23:39:33 cli_parser.c:545  (tid=128341204784384): trace path: /home/zakariarafi/repros/sieve-nsdi24/repro-results/realworld-20261008T233726Z-589911/traces/wiki-CDN-window2-warm20.oracleGeneral.bin, trace_type ORACLE_GENERAL_TRACE, ofilepath wiki-CDN-window2-warm20.oracleGeneral.bin.cachesim, 4 threads, warmup 200000 sec, total 4 algo x 8 size = 32 caches, fifo, lru, clock, sieve, ignore object size
[0m[32m[INFO]  10-08-2026 23:39:33 simulator.c:294  (tid=128341204784384): simulate_with_multi_caches starts computation, num_warmup_req 0, start cache FIFO size 520, end cache Sieve size 203KiB, 32 caches, 4 threads, please wait
[0m[32m[INFO]  10-08-2026 23:39:33 simulator.c:80   (tid=128336810338048): cache FIFO (size 2600) finishes warm up using with 200000 requests, 55.56 hour trace time
[0m[32m[INFO]  10-08-2026 23:39:33 simulator.c:80   (tid=128336877451008): cache FIFO (size 10401) finishes warm up using with 200000 requests, 55.56 hour trace time
[0m[32m[INFO]  10-08-2026 23:39:33 simulator.c:80   (tid=128336676112128): cache FIFO (size 520) finishes warm up using with 200000 requests, 55.56 hour trace time
[0m[32m[INFO]  10-08-2026 23:39:33 simulator.c:80   (tid=128336743225088): cache FIFO (size 5200) finishes warm up using with 200000 requests, 55.56 hour trace time
[0m[32m[INFO]  10-08-2026 23:39:34 simulator.c:80   (tid=128336877451008): cache FIFO (size 26003) finishes warm up using with 200000 requests, 55.56 hour trace time
[0m[32m[INFO]  10-08-2026 23:39:34 simulator.c:80   (tid=128336810338048): cache FIFO (size 52006) finishes warm up using with 200000 requests, 55.56 hour trace time
[0m[32m[INFO]  10-08-2026 23:39:34 simulator.c:80   (tid=128336743225088): cache FIFO (size 104013) finishes warm up using with 200000 requests, 55.56 hour trace time
[0m[32m[INFO]  10-08-2026 23:39:34 simulator.c:80   (tid=128336676112128): cache FIFO (size 208026) finishes warm up using with 200000 requests, 55.56 hour trace time
[0m[32m[INFO]  10-08-2026 23:39:35 simulator.c:80   (tid=128336877451008): cache LRU (size 520) finishes warm up using with 200000 requests, 55.56 hour trace time
[0m[32m[INFO]  10-08-2026 23:39:35 simulator.c:80   (tid=128336676112128): cache LRU (size 2600) finishes warm up using with 200000 requests, 55.56 hour trace time
[0m[32m[INFO]  10-08-2026 23:39:35 simulator.c:80   (tid=128336810338048): cache LRU (size 10401) finishes warm up using with 200000 requests, 55.56 hour trace time
[0m[32m[INFO]  10-08-2026 23:39:35 simulator.c:80   (tid=128336743225088): cache LRU (size 5200) finishes warm up using with 200000 requests, 55.56 hour trace time
[0m[32m[INFO]  10-08-2026 23:39:36 simulator.c:80   (tid=128336877451008): cache LRU (size 26003) finishes warm up using with 200000 requests, 55.56 hour trace time
[0m[32m[INFO]  10-08-2026 23:39:36 simulator.c:80   (tid=128336810338048): cache LRU (size 52006) finishes warm up using with 200000 requests, 55.56 hour trace time
[0m[32m[INFO]  10-08-2026 23:39:36 simulator.c:80   (tid=128336676112128): cache LRU (size 104013) finishes warm up using with 200000 requests, 55.56 hour trace time
[0m[32m[INFO]  10-08-2026 23:39:36 simulator.c:80   (tid=128336743225088): cache LRU (size 208026) finishes warm up using with 200000 requests, 55.56 hour trace time
[0m[32m[INFO]  10-08-2026 23:39:37 simulator.c:80   (tid=128336877451008): cache Clock (size 520) finishes warm up using with 200000 requests, 55.56 hour trace time
[0m[32m[INFO]  10-08-2026 23:39:37 simulator.c:80   (tid=128336810338048): cache Clock (size 2600) finishes warm up using with 200000 requests, 55.56 hour trace time
[0m[32m[INFO]  10-08-2026 23:39:37 simulator.c:80   (tid=128336743225088): cache Clock (size 5200) finishes warm up using with 200000 requests, 55.56 hour trace time
[0m[32m[INFO]  10-08-2026 23:39:37 simulator.c:80   (tid=128336676112128): cache Clock (size 10401) finishes warm up using with 200000 requests, 55.56 hour trace time
[0m[32m[INFO]  10-08-2026 23:39:37 simulator.c:80   (tid=128336877451008): cache Clock (size 26003) finishes warm up using with 200000 requests, 55.56 hour trace time
[0m[32m[INFO]  10-08-2026 23:39:37 simulator.c:80   (tid=128336676112128): cache Clock (size 52006) finishes warm up using with 200000 requests, 55.56 hour trace time
[0m[32m[INFO]  10-08-2026 23:39:38 simulator.c:80   (tid=128336743225088): cache Clock (size 104013) finishes warm up using with 200000 requests, 55.56 hour trace time
[0m[32m[INFO]  10-08-2026 23:39:38 simulator.c:80   (tid=128336810338048): cache Clock (size 208026) finishes warm up using with 200000 requests, 55.56 hour trace time
[0m[32m[INFO]  10-08-2026 23:39:38 simulator.c:80   (tid=128336877451008): cache Sieve (size 520) finishes warm up using with 200000 requests, 55.56 hour trace time
[0m[32m[INFO]  10-08-2026 23:39:38 simulator.c:80   (tid=128336676112128): cache Sieve (size 2600) finishes warm up using with 200000 requests, 55.56 hour trace time
[0m[32m[INFO]  10-08-2026 23:39:39 simulator.c:80   (tid=128336877451008): cache Sieve (size 26003) finishes warm up using with 200000 requests, 55.56 hour trace time
[0m[32m[INFO]  10-08-2026 23:39:39 simulator.c:80   (tid=128336810338048): cache Sieve (size 5200) finishes warm up using with 200000 requests, 55.56 hour trace time
[0m[32m[INFO]  10-08-2026 23:39:39 simulator.c:80   (tid=128336743225088): cache Sieve (size 10401) finishes warm up using with 200000 requests, 55.56 hour trace time
[0m[32m[INFO]  10-08-2026 23:39:39 simulator.c:80   (tid=128336877451008): cache Sieve (size 52006) finishes warm up using with 200000 requests, 55.56 hour trace time
[0m[32m[INFO]  10-08-2026 23:39:39 simulator.c:80   (tid=128336676112128): cache Sieve (size 104013) finishes warm up using with 200000 requests, 55.56 hour trace time
[0m[32m[INFO]  10-08-2026 23:39:39 simulator.c:80   (tid=128336743225088): cache Sieve (size 208026) finishes warm up using with 200000 requests, 55.56 hour trace time
[0m
result/wiki-CDN-window2-warm20.oracleGeneral.bin                             FIFO cache size      520, 800000 req, miss ratio 0.9701725000, byte miss ratio 0.9701725000
result/wiki-CDN-window2-warm20.oracleGeneral.bin                             FIFO cache size     2600, 800000 req, miss ratio 0.9385487500, byte miss ratio 0.9385487500
result/wiki-CDN-window2-warm20.oracleGeneral.bin                             FIFO cache size     5200, 800000 req, miss ratio 0.9135562500, byte miss ratio 0.9135562500
result/wiki-CDN-window2-warm20.oracleGeneral.bin                             FIFO cache size    10401, 800000 req, miss ratio 0.8794450000, byte miss ratio 0.8794450000
result/wiki-CDN-window2-warm20.oracleGeneral.bin                             FIFO cache size    26003, 800000 req, miss ratio 0.8174350000, byte miss ratio 0.8174350000
result/wiki-CDN-window2-warm20.oracleGeneral.bin                             FIFO cache size    52006, 800000 req, miss ratio 0.7563487500, byte miss ratio 0.7563487500
result/wiki-CDN-window2-warm20.oracleGeneral.bin                             FIFO cache size   104013, 800000 req, miss ratio 0.6792487500, byte miss ratio 0.6792487500
result/wiki-CDN-window2-warm20.oracleGeneral.bin                             FIFO cache size   208026, 800000 req, miss ratio 0.5873725000, byte miss ratio 0.5873725000
result/wiki-CDN-window2-warm20.oracleGeneral.bin                              LRU cache size      520, 800000 req, miss ratio 0.9669725000, byte miss ratio 0.9669725000
result/wiki-CDN-window2-warm20.oracleGeneral.bin                              LRU cache size     2600, 800000 req, miss ratio 0.9333637500, byte miss ratio 0.9333637500
result/wiki-CDN-window2-warm20.oracleGeneral.bin                              LRU cache size     5200, 800000 req, miss ratio 0.9060137500, byte miss ratio 0.9060137500
result/wiki-CDN-window2-warm20.oracleGeneral.bin                              LRU cache size    10401, 800000 req, miss ratio 0.8678037500, byte miss ratio 0.8678037500
result/wiki-CDN-window2-warm20.oracleGeneral.bin                              LRU cache size    26003, 800000 req, miss ratio 0.7985450000, byte miss ratio 0.7985450000
result/wiki-CDN-window2-warm20.oracleGeneral.bin                              LRU cache size    52006, 800000 req, miss ratio 0.7294912500, byte miss ratio 0.7294912500
result/wiki-CDN-window2-warm20.oracleGeneral.bin                              LRU cache size   104013, 800000 req, miss ratio 0.6414550000, byte miss ratio 0.6414550000
result/wiki-CDN-window2-warm20.oracleGeneral.bin                              LRU cache size   208026, 800000 req, miss ratio 0.5473137500, byte miss ratio 0.5473137500
result/wiki-CDN-window2-warm20.oracleGeneral.bin                            Clock cache size      520, 800000 req, miss ratio 0.9655075000, byte miss ratio 0.9655075000
result/wiki-CDN-window2-warm20.oracleGeneral.bin                            Clock cache size     2600, 800000 req, miss ratio 0.9310425000, byte miss ratio 0.9310425000
result/wiki-CDN-window2-warm20.oracleGeneral.bin                            Clock cache size     5200, 800000 req, miss ratio 0.9020875000, byte miss ratio 0.9020875000
result/wiki-CDN-window2-warm20.oracleGeneral.bin                            Clock cache size    10401, 800000 req, miss ratio 0.8623687500, byte miss ratio 0.8623687500
result/wiki-CDN-window2-warm20.oracleGeneral.bin                            Clock cache size    26003, 800000 req, miss ratio 0.7903700000, byte miss ratio 0.7903700000
result/wiki-CDN-window2-warm20.oracleGeneral.bin                            Clock cache size    52006, 800000 req, miss ratio 0.7191312500, byte miss ratio 0.7191312500
result/wiki-CDN-window2-warm20.oracleGeneral.bin                            Clock cache size   104013, 800000 req, miss ratio 0.6294925000, byte miss ratio 0.6294925000
result/wiki-CDN-window2-warm20.oracleGeneral.bin                            Clock cache size   208026, 800000 req, miss ratio 0.5383512500, byte miss ratio 0.5383512500
result/wiki-CDN-window2-warm20.oracleGeneral.bin                            Sieve cache size      520, 800000 req, miss ratio 0.9427350000, byte miss ratio 0.9427350000
result/wiki-CDN-window2-warm20.oracleGeneral.bin                            Sieve cache size     2600, 800000 req, miss ratio 0.8954350000, byte miss ratio 0.8954350000
result/wiki-CDN-window2-warm20.oracleGeneral.bin                            Sieve cache size     5200, 800000 req, miss ratio 0.8637387500, byte miss ratio 0.8637387500
result/wiki-CDN-window2-warm20.oracleGeneral.bin                            Sieve cache size    10401, 800000 req, miss ratio 0.8243837500, byte miss ratio 0.8243837500
result/wiki-CDN-window2-warm20.oracleGeneral.bin                            Sieve cache size    26003, 800000 req, miss ratio 0.7502187500, byte miss ratio 0.7502187500
result/wiki-CDN-window2-warm20.oracleGeneral.bin                            Sieve cache size    52006, 800000 req, miss ratio 0.6802275000, byte miss ratio 0.6802275000
result/wiki-CDN-window2-warm20.oracleGeneral.bin                            Sieve cache size   104013, 800000 req, miss ratio 0.6009975000, byte miss ratio 0.6009975000
result/wiki-CDN-window2-warm20.oracleGeneral.bin                            Sieve cache size   208026, 800000 req, miss ratio 0.5306750000, byte miss ratio 0.5306750000
