[32m[INFO]  10-08-2026 23:42:01 cli_parser.c:545  (tid=138846294267136): trace path: /home/zakariarafi/repros/sieve-nsdi24/repro-results/realworld-20261008T233726Z-589911/traces/twitter-KV-window1-cold.oracleGeneral.bin, trace_type ORACLE_GENERAL_TRACE, ofilepath twitter-KV-window1-cold.oracleGeneral.bin.cachesim, 4 threads, warmup 0 sec, total 4 algo x 8 size = 32 caches, fifo, lru, clock, sieve, ignore object size
[0m[32m[INFO]  10-08-2026 23:42:01 simulator.c:294  (tid=138846294267136): simulate_with_multi_caches starts computation, num_warmup_req 0, start cache FIFO size 500, end cache Sieve size 195KiB, 32 caches, 4 threads, please wait
[0m
result/twitter-KV-window1-cold.oracleGeneral.bin                             FIFO cache size      500, 800000 req, miss ratio 0.4999937500, byte miss ratio 0.4999937500
result/twitter-KV-window1-cold.oracleGeneral.bin                             FIFO cache size     2500, 800000 req, miss ratio 0.4999925000, byte miss ratio 0.4999925000
result/twitter-KV-window1-cold.oracleGeneral.bin                             FIFO cache size     5000, 800000 req, miss ratio 0.4999925000, byte miss ratio 0.4999925000
result/twitter-KV-window1-cold.oracleGeneral.bin                             FIFO cache size    10000, 800000 req, miss ratio 0.4999925000, byte miss ratio 0.4999925000
result/twitter-KV-window1-cold.oracleGeneral.bin                             FIFO cache size    25000, 800000 req, miss ratio 0.4999925000, byte miss ratio 0.4999925000
result/twitter-KV-window1-cold.oracleGeneral.bin                             FIFO cache size    50000, 800000 req, miss ratio 0.4999925000, byte miss ratio 0.4999925000
result/twitter-KV-window1-cold.oracleGeneral.bin                             FIFO cache size   100001, 800000 req, miss ratio 0.4999925000, byte miss ratio 0.4999925000
result/twitter-KV-window1-cold.oracleGeneral.bin                             FIFO cache size   200003, 800000 req, miss ratio 0.4999925000, byte miss ratio 0.4999925000
result/twitter-KV-window1-cold.oracleGeneral.bin                              LRU cache size      500, 800000 req, miss ratio 0.4999937500, byte miss ratio 0.4999937500
result/twitter-KV-window1-cold.oracleGeneral.bin                              LRU cache size     2500, 800000 req, miss ratio 0.4999925000, byte miss ratio 0.4999925000
result/twitter-KV-window1-cold.oracleGeneral.bin                              LRU cache size     5000, 800000 req, miss ratio 0.4999925000, byte miss ratio 0.4999925000
result/twitter-KV-window1-cold.oracleGeneral.bin                              LRU cache size    10000, 800000 req, miss ratio 0.4999925000, byte miss ratio 0.4999925000
result/twitter-KV-window1-cold.oracleGeneral.bin                              LRU cache size    25000, 800000 req, miss ratio 0.4999925000, byte miss ratio 0.4999925000
result/twitter-KV-window1-cold.oracleGeneral.bin                              LRU cache size    50000, 800000 req, miss ratio 0.4999925000, byte miss ratio 0.4999925000
result/twitter-KV-window1-cold.oracleGeneral.bin                              LRU cache size   100001, 800000 req, miss ratio 0.4999925000, byte miss ratio 0.4999925000
result/twitter-KV-window1-cold.oracleGeneral.bin                              LRU cache size   200003, 800000 req, miss ratio 0.4999925000, byte miss ratio 0.4999925000
result/twitter-KV-window1-cold.oracleGeneral.bin                            Clock cache size      500, 800000 req, miss ratio 0.4999987500, byte miss ratio 0.4999987500
result/twitter-KV-window1-cold.oracleGeneral.bin                            Clock cache size     2500, 800000 req, miss ratio 0.4999937500, byte miss ratio 0.4999937500
result/twitter-KV-window1-cold.oracleGeneral.bin                            Clock cache size     5000, 800000 req, miss ratio 0.4999925000, byte miss ratio 0.4999925000
result/twitter-KV-window1-cold.oracleGeneral.bin                            Clock cache size    10000, 800000 req, miss ratio 0.4999925000, byte miss ratio 0.4999925000
result/twitter-KV-window1-cold.oracleGeneral.bin                            Clock cache size    25000, 800000 req, miss ratio 0.4999925000, byte miss ratio 0.4999925000
result/twitter-KV-window1-cold.oracleGeneral.bin                            Clock cache size    50000, 800000 req, miss ratio 0.4999925000, byte miss ratio 0.4999925000
result/twitter-KV-window1-cold.oracleGeneral.bin                            Clock cache size   100001, 800000 req, miss ratio 0.4999925000, byte miss ratio 0.4999925000
result/twitter-KV-window1-cold.oracleGeneral.bin                            Clock cache size   200003, 800000 req, miss ratio 0.4999925000, byte miss ratio 0.4999925000
result/twitter-KV-window1-cold.oracleGeneral.bin                            Sieve cache size      500, 800000 req, miss ratio 0.5017500000, byte miss ratio 0.5017500000
result/twitter-KV-window1-cold.oracleGeneral.bin                            Sieve cache size     2500, 800000 req, miss ratio 0.5003737500, byte miss ratio 0.5003737500
result/twitter-KV-window1-cold.oracleGeneral.bin                            Sieve cache size     5000, 800000 req, miss ratio 0.5001762500, byte miss ratio 0.5001762500
result/twitter-KV-window1-cold.oracleGeneral.bin                            Sieve cache size    10000, 800000 req, miss ratio 0.5001050000, byte miss ratio 0.5001050000
result/twitter-KV-window1-cold.oracleGeneral.bin                            Sieve cache size    25000, 800000 req, miss ratio 0.5000300000, byte miss ratio 0.5000300000
result/twitter-KV-window1-cold.oracleGeneral.bin                            Sieve cache size    50000, 800000 req, miss ratio 0.5000225000, byte miss ratio 0.5000225000
result/twitter-KV-window1-cold.oracleGeneral.bin                            Sieve cache size   100001, 800000 req, miss ratio 0.5000025000, byte miss ratio 0.5000025000
result/twitter-KV-window1-cold.oracleGeneral.bin                            Sieve cache size   200003, 800000 req, miss ratio 0.4999937500, byte miss ratio 0.4999937500
